Archive member included to satisfy reference by file (symbol)

/usr/bin/../lib/gcc/arm-none-eabi/7.3.1/../../../../arm-none-eabi/lib/thumb/v7e-m/fpv4-sp/hard/libc.a(lib_a-abs.o)
                              _build/kobukiActuator.o-debug (abs)
/usr/bin/../lib/gcc/arm-none-eabi/7.3.1/../../../../arm-none-eabi/lib/thumb/v7e-m/fpv4-sp/hard/libc.a(lib_a-exit.o)
                              /usr/bin/../lib/gcc/arm-none-eabi/7.3.1/../../../../arm-none-eabi/lib/thumb/v7e-m/fpv4-sp/hard/crt0.o (exit)
/usr/bin/../lib/gcc/arm-none-eabi/7.3.1/../../../../arm-none-eabi/lib/thumb/v7e-m/fpv4-sp/hard/libc.a(lib_a-impure.o)
                              /usr/bin/../lib/gcc/arm-none-eabi/7.3.1/../../../../arm-none-eabi/lib/thumb/v7e-m/fpv4-sp/hard/libc.a(lib_a-exit.o) (_global_impure_ptr)
/usr/bin/../lib/gcc/arm-none-eabi/7.3.1/../../../../arm-none-eabi/lib/thumb/v7e-m/fpv4-sp/hard/libc.a(lib_a-init.o)
                              /usr/bin/../lib/gcc/arm-none-eabi/7.3.1/../../../../arm-none-eabi/lib/thumb/v7e-m/fpv4-sp/hard/crt0.o (__libc_init_array)
/usr/bin/../lib/gcc/arm-none-eabi/7.3.1/../../../../arm-none-eabi/lib/thumb/v7e-m/fpv4-sp/hard/libc.a(lib_a-locale.o)
                              _build/nrf_log_str_formatter.o-debug (__locale_ctype_ptr)
/usr/bin/../lib/gcc/arm-none-eabi/7.3.1/../../../../arm-none-eabi/lib/thumb/v7e-m/fpv4-sp/hard/libc.a(lib_a-mbtowc_r.o)
                              /usr/bin/../lib/gcc/arm-none-eabi/7.3.1/../../../../arm-none-eabi/lib/thumb/v7e-m/fpv4-sp/hard/libc.a(lib_a-locale.o) (__ascii_mbtowc)
/usr/bin/../lib/gcc/arm-none-eabi/7.3.1/../../../../arm-none-eabi/lib/thumb/v7e-m/fpv4-sp/hard/libc.a(lib_a-memcmp.o)
                              _build/nrf_twi_mngr.o-debug (memcmp)
/usr/bin/../lib/gcc/arm-none-eabi/7.3.1/../../../../arm-none-eabi/lib/thumb/v7e-m/fpv4-sp/hard/libc.a(lib_a-memcpy.o)
                              _build/kobukiUART.o-debug (memcpy)
/usr/bin/../lib/gcc/arm-none-eabi/7.3.1/../../../../arm-none-eabi/lib/thumb/v7e-m/fpv4-sp/hard/libc.a(lib_a-memset.o)
                              /usr/bin/../lib/gcc/arm-none-eabi/7.3.1/../../../../arm-none-eabi/lib/thumb/v7e-m/fpv4-sp/hard/crt0.o (memset)
/usr/bin/../lib/gcc/arm-none-eabi/7.3.1/../../../../arm-none-eabi/lib/thumb/v7e-m/fpv4-sp/hard/libc.a(lib_a-printf.o)
                              _build/main.o-debug (printf)
/usr/bin/../lib/gcc/arm-none-eabi/7.3.1/../../../../arm-none-eabi/lib/thumb/v7e-m/fpv4-sp/hard/libc.a(lib_a-setbuf.o)
                              _build/before_startup.o-debug (setbuf)
/usr/bin/../lib/gcc/arm-none-eabi/7.3.1/../../../../arm-none-eabi/lib/thumb/v7e-m/fpv4-sp/hard/libc.a(lib_a-setvbuf.o)
                              /usr/bin/../lib/gcc/arm-none-eabi/7.3.1/../../../../arm-none-eabi/lib/thumb/v7e-m/fpv4-sp/hard/libc.a(lib_a-setbuf.o) (setvbuf)
/usr/bin/../lib/gcc/arm-none-eabi/7.3.1/../../../../arm-none-eabi/lib/thumb/v7e-m/fpv4-sp/hard/libc.a(lib_a-strcmp.o)
                              /usr/bin/../lib/gcc/arm-none-eabi/7.3.1/../../../../arm-none-eabi/lib/thumb/v7e-m/fpv4-sp/hard/libc.a(lib_a-locale.o) (strcmp)
/usr/bin/../lib/gcc/arm-none-eabi/7.3.1/../../../../arm-none-eabi/lib/thumb/v7e-m/fpv4-sp/hard/libc.a(lib_a-strcpy.o)
                              _build/SEGGER_RTT.o-debug (strcpy)
/usr/bin/../lib/gcc/arm-none-eabi/7.3.1/../../../../arm-none-eabi/lib/thumb/v7e-m/fpv4-sp/hard/libc.a(lib_a-strlen.o)
                              _build/display.o-debug (strlen)
/usr/bin/../lib/gcc/arm-none-eabi/7.3.1/../../../../arm-none-eabi/lib/thumb/v7e-m/fpv4-sp/hard/libc.a(lib_a-vfprintf.o)
                              /usr/bin/../lib/gcc/arm-none-eabi/7.3.1/../../../../arm-none-eabi/lib/thumb/v7e-m/fpv4-sp/hard/libc.a(lib_a-printf.o) (_vfprintf_r)
/usr/bin/../lib/gcc/arm-none-eabi/7.3.1/../../../../arm-none-eabi/lib/thumb/v7e-m/fpv4-sp/hard/libc.a(lib_a-vsnprintf.o)
                              _build/simple_logger.o-debug (vsnprintf)
/usr/bin/../lib/gcc/arm-none-eabi/7.3.1/../../../../arm-none-eabi/lib/thumb/v7e-m/fpv4-sp/hard/libc.a(lib_a-wctomb_r.o)
                              /usr/bin/../lib/gcc/arm-none-eabi/7.3.1/../../../../arm-none-eabi/lib/thumb/v7e-m/fpv4-sp/hard/libc.a(lib_a-locale.o) (__ascii_wctomb)
/usr/bin/../lib/gcc/arm-none-eabi/7.3.1/../../../../arm-none-eabi/lib/thumb/v7e-m/fpv4-sp/hard/libc.a(lib_a-wsetup.o)
                              /usr/bin/../lib/gcc/arm-none-eabi/7.3.1/../../../../arm-none-eabi/lib/thumb/v7e-m/fpv4-sp/hard/libc.a(lib_a-vfprintf.o) (__swsetup_r)
/usr/bin/../lib/gcc/arm-none-eabi/7.3.1/../../../../arm-none-eabi/lib/thumb/v7e-m/fpv4-sp/hard/libc.a(lib_a-__call_atexit.o)
                              /usr/bin/../lib/gcc/arm-none-eabi/7.3.1/../../../../arm-none-eabi/lib/thumb/v7e-m/fpv4-sp/hard/libc.a(lib_a-exit.o) (__call_exitprocs)
/usr/bin/../lib/gcc/arm-none-eabi/7.3.1/../../../../arm-none-eabi/lib/thumb/v7e-m/fpv4-sp/hard/libc.a(lib_a-atexit.o)
[...]
Memory Configuration

Name             Origin             Length             Attributes
FLASH            0x0000000000026000 0x0000000000059000 xr
RAM              0x00000000200098a8 0x0000000000006758 xrw
bootloader_settings_page 0x000000000007f000 0x0000000000001000 r
uicr_bootloader_start_address 0x0000000010001014 0x0000000000000004 r
*default*        0x0000000000000000 0xffffffffffffffff

Linker script and memory map


.text           0x0000000000026000     0xf840
 *(.isr_vector)
 .isr_vector    0x0000000000026000      0x200 _build/gcc_startup_nrf52.os-debug
                0x0000000000026000                __isr_vector
 *(.text*)
 .text          0x0000000000026200       0x40 /usr/bin/../lib/gcc/arm-none-eabi/7.3.1/thumb/v7e-m/fpv4-sp/hard/crtbegin.o
 .text          0x0000000000026240       0x74 /usr/bin/../lib/gcc/arm-none-eabi/7.3.1/../../../../arm-none-eabi/lib/thumb/v7e-m/fpv4-sp/hard/crt0.o
                0x0000000000026240                _mainCRTStartup
                0x0000000000026240                _start
 .text.main     0x00000000000262b4       0x84 _build/main.o-debug
                0x00000000000262b4                main
 .text.nrfx_coredep_delay_us
                0x0000000000026338       0x30 _build/better_error_handling.o-debug
 .text.nrf_delay_ms
                0x0000000000026368       0x2a _build/better_error_handling.o-debug
 *fill*         0x0000000000026392        0x2 
 .text.app_error_fault_handler
                0x0000000000026394      0x1b0 _build/better_error_handling.o-debug
                0x0000000000026394                app_error_fault_handler
 .text.HardFault_process
                0x0000000000026544       0xf4 _build/better_error_handling.o-debug
                0x0000000000026544                HardFault_process
 .text._DoInit  0x0000000000026638       0x9c _build/SEGGER_RTT.o-debug
 .text._WriteBlocking
                0x00000000000266d4       0xb2 _build/SEGGER_RTT.o-debug
 .text._WriteNoCheck
                0x0000000000026786       0x7e _build/SEGGER_RTT.o-debug
 .text._GetAvailWriteSpace
                0x0000000000026804       0x3c _build/SEGGER_RTT.o-debug
 .text.SEGGER_RTT_WriteNoLock
                0x0000000000026840       0x9c _build/SEGGER_RTT.o-debug
                0x0000000000026840                SEGGER_RTT_WriteNoLock
 .text.SEGGER_RTT_Write
                0x00000000000268dc       0x4c _build/SEGGER_RTT.o-debug
                0x00000000000268dc                SEGGER_RTT_Write
 .text.SEGGER_RTT_Init
                0x0000000000026928        0xa _build/SEGGER_RTT.o-debug
                0x0000000000026928                SEGGER_RTT_Init
 .text._write_r
                0x0000000000026932       0x20 _build/SEGGER_RTT_Syscalls_GCC.o-debug
                0x0000000000026932                _write_r
 .text.app_error_handler
                0x0000000000026952       0x1c _build/app_error_handler_gcc.o-debug
                0x0000000000026952                app_error_handler
 *fill*         0x000000000002696e        0x2 
 .text.NVIC_EnableIRQ
                0x0000000000026970       0x2c _build/app_timer.o-debug
 .text.NVIC_SetPendingIRQ
                0x000000000002699c       0x30 _build/app_timer.o-debug
 .text.NVIC_ClearPendingIRQ
                0x00000000000269cc       0x30 _build/app_timer.o-debug
 .text.nrfx_coredep_delay_us
                0x00000000000269fc       0x30 _build/app_timer.o-debug
 .text.rtc1_start
                0x0000000000026a2c       0x40 _build/app_timer.o-debug
 .text.rtc1_counter_get
                0x0000000000026a6c       0x10 _build/app_timer.o-debug
 .text.ticks_diff_get
                0x0000000000026a7c       0x16 _build/app_timer.o-debug
 *fill*         0x0000000000026a92        0x2 
 .text.rtc1_compare0_set
                0x0000000000026a94       0x18 _build/app_timer.o-debug
 .text.timer_list_insert
                0x0000000000026aac       0xac _build/app_timer.o-debug
 .text.timer_list_remove
                0x0000000000026b58       0xc0 _build/app_timer.o-debug
 .text.timer_timeouts_check_sched
                0x0000000000026c18        0xc _build/app_timer.o-debug
 .text.timer_list_handler_sched
                0x0000000000026c24        0xc _build/app_timer.o-debug
 .text.timeout_handler_exec
                0x0000000000026c30       0x1a _build/app_timer.o-debug
 *fill*         0x0000000000026c4a        0x2 
 .text.timer_timeouts_check
                0x0000000000026c4c       0xc8 _build/app_timer.o-debug
 .text.elapsed_ticks_acquire
                0x0000000000026d14       0x78 _build/app_timer.o-debug
 .text.expired_timers_handler
                0x0000000000026d8c       0x94 _build/app_timer.o-debug
 .text.list_insertions_handler
                0x0000000000026e20      0x1bc _build/app_timer.o-debug
 .text.compare_reg_update
                0x0000000000026fdc       0xa8 _build/app_timer.o-debug
 .text.timer_list_handler
                0x0000000000027084       0x80 _build/app_timer.o-debug
 .text.user_op_enque
                0x0000000000027104       0x1c _build/app_timer.o-debug
 .text.user_op_alloc
                0x0000000000027120       0x5c _build/app_timer.o-debug
 .text.timer_start_op_schedule
                0x000000000002717c       0x88 _build/app_timer.o-debug
 .text.timer_stop_op_schedule
                0x0000000000027204       0x6e _build/app_timer.o-debug
 *fill*         0x0000000000027272        0x2 
 .text.RTC1_IRQHandler
                0x0000000000027274       0x40 _build/app_timer.o-debug
                0x0000000000027274                RTC1_IRQHandler
 .text.SWI0_EGU0_IRQHandler
                0x00000000000272b4        0xa _build/app_timer.o-debug
                0x00000000000272b4                SWI0_EGU0_IRQHandler
 *fill*         0x00000000000272be        0x2 
 .text.app_timer_start
                0x00000000000272c0       0x64 _build/app_timer.o-debug
                0x00000000000272c0                app_timer_start
 .text.app_timer_stop
                0x0000000000027324       0x44 _build/app_timer.o-debug
                0x0000000000027324                app_timer_stop
 .text.__sd_nvic_irq_disable
                0x0000000000027368       0x16 _build/app_util_platform.o-debug
 .text.__sd_nvic_irq_enable
                0x000000000002737e        0x6 _build/app_util_platform.o-debug
 .text.sd_nvic_critical_region_enter
                0x0000000000027384       0x74 _build/app_util_platform.o-debug
 .text.sd_nvic_critical_region_exit
                0x00000000000273f8       0x54 _build/app_util_platform.o-debug
 .text.app_util_critical_region_enter
                0x000000000002744c       0x2c _build/app_util_platform.o-debug
                0x000000000002744c                app_util_critical_region_enter
 .text.app_util_critical_region_exit
                0x0000000000027478       0x34 _build/app_util_platform.o-debug
                0x0000000000027478                app_util_critical_region_exit
 .text.privilege_level_get
                0x00000000000274ac       0x3a _build/app_util_platform.o-debug
                0x00000000000274ac                privilege_level_get
 *fill*         0x00000000000274e6        0x2 
 .text.called_first
                0x00000000000274e8       0x18 _build/before_startup.o-debug
                0x00000000000274e8                called_first
 .text.HardFault_Handler
                0x0000000000027500       0x38 _build/hardfault_handler_gcc.o-debug
                0x0000000000027500                HardFault_Handler
 .text.HardFault_c_handler
                0x0000000000027538      0x1b0 _build/hardfault_implementation.o-debug
                0x0000000000027538                HardFault_c_handler
 .text.nrf_atomic_u32_fetch_store
                0x00000000000276e8       0x2e _build/nrf_atomic.o-debug
                0x00000000000276e8                nrf_atomic_u32_fetch_store
 .text.nrf_atomic_u32_or
                0x0000000000027716       0x30 _build/nrf_atomic.o-debug
                0x0000000000027716                nrf_atomic_u32_or
 .text.nrf_atomic_u32_fetch_and
                0x0000000000027746       0x30 _build/nrf_atomic.o-debug
                0x0000000000027746                nrf_atomic_u32_fetch_and
 .text.nrf_atomic_u32_add
                0x0000000000027776       0x30 _build/nrf_atomic.o-debug
                0x0000000000027776                nrf_atomic_u32_add
 .text.nrf_atomic_u32_sub
                0x00000000000277a6       0x30 _build/nrf_atomic.o-debug
                0x00000000000277a6                nrf_atomic_u32_sub
 .text.nrf_atomic_flag_set
                0x00000000000277d6       0x18 _build/nrf_atomic.o-debug
                0x00000000000277d6                nrf_atomic_flag_set
 .text.nrf_atomic_flag_clear_fetch
                0x00000000000277ee       0x18 _build/nrf_atomic.o-debug
                0x00000000000277ee                nrf_atomic_flag_clear_fetch
 *fill*         0x0000000000027806        0x2 
 .text.nrf_balloc_idx2block
                0x0000000000027808       0x38 _build/nrf_balloc.o-debug
 .text.nrf_balloc_block2idx
                0x0000000000027840       0x34 _build/nrf_balloc.o-debug
 .text.nrf_balloc_init
                0x0000000000027874       0xb8 _build/nrf_balloc.o-debug
                0x0000000000027874                nrf_balloc_init
 .text.nrf_balloc_alloc
                0x000000000002792c       0x94 _build/nrf_balloc.o-debug
                0x000000000002792c                nrf_balloc_alloc
 .text.nrf_balloc_free
                0x00000000000279c0       0x68 _build/nrf_balloc.o-debug
                0x00000000000279c0                nrf_balloc_free
 .text.NVIC_DisableIRQ
                0x0000000000027a28       0x30 _build/nrf_drv_clock.o-debug
 .text.lfclk_stop
                0x0000000000027a58       0x30 _build/nrf_drv_clock.o-debug
 .text.nrf_drv_clock_init
                0x0000000000027a88       0x64 _build/nrf_drv_clock.o-debug
                0x0000000000027a88                nrf_drv_clock_init
 .text.item_dequeue
                0x0000000000027aec       0x20 _build/nrf_drv_clock.o-debug
 .text.nrf_drv_clock_lfclk_release
                0x0000000000027b0c       0x68 _build/nrf_drv_clock.o-debug
                0x0000000000027b0c                nrf_drv_clock_lfclk_release
 .text.clock_clk_started_notify
                0x0000000000027b74       0x4c _build/nrf_drv_clock.o-debug
 .text.clock_irq_handler
                0x0000000000027bc0       0x40 _build/nrf_drv_clock.o-debug
 .text.soc_evt_handler
                0x0000000000027c00       0x28 _build/nrf_drv_clock.o-debug
 .text.sd_state_evt_handler
                0x0000000000027c28       0x90 _build/nrf_drv_clock.o-debug
 .text.nrf_fprintf_buffer_flush
                0x0000000000027cb8       0x44 _build/nrf_fprintf.o-debug
                0x0000000000027cb8                nrf_fprintf_buffer_flush
 .text.nrf_fprintf
                0x0000000000027cfc       0x74 _build/nrf_fprintf.o-debug
                0x0000000000027cfc                nrf_fprintf
 .text.buffer_add
                0x0000000000027d70       0x3c _build/nrf_fprintf_format.o-debug
 .text.string_print
                0x0000000000027dac       0xc2 _build/nrf_fprintf_format.o-debug
 *fill*         0x0000000000027e6e        0x2 
 .text.unsigned_print
                0x0000000000027e70      0x130 _build/nrf_fprintf_format.o-debug
 .text.int_print
                0x0000000000027fa0      0x11c _build/nrf_fprintf_format.o-debug
 .text.nrf_fprintf_fmt
                0x00000000000280bc      0x43c _build/nrf_fprintf_format.o-debug
                0x00000000000280bc                nrf_fprintf_fmt
 .text.nrfx_coredep_delay_us
                0x00000000000284f8       0x30 _build/nrf_log_backend_rtt.o-debug
 .text.nrf_delay_ms
                0x0000000000028528       0x2a _build/nrf_log_backend_rtt.o-debug
 .text.nrf_log_backend_rtt_init
                0x0000000000028552        0xa _build/nrf_log_backend_rtt.o-debug
                0x0000000000028552                nrf_log_backend_rtt_init
 .text.serial_tx
                0x000000000002855c       0x84 _build/nrf_log_backend_rtt.o-debug
 .text.nrf_log_backend_rtt_put
                0x00000000000285e0       0x28 _build/nrf_log_backend_rtt.o-debug
 .text.nrf_log_backend_rtt_flush
                0x0000000000028608        0xa _build/nrf_log_backend_rtt.o-debug
 .text.nrf_log_backend_rtt_panic_set
                0x0000000000028612        0xa _build/nrf_log_backend_rtt.o-debug
 .text.nrf_log_backend_serial_put
                0x000000000002861c      0x124 _build/nrf_log_backend_serial.o-debug
                0x000000000002861c                nrf_log_backend_serial_put
 .text.nrf_log_backend_enable
                0x0000000000028740       0x12 _build/nrf_log_default_backends.o-debug
 *fill*         0x0000000000028752        0x2 
 .text.nrf_log_default_backends_init
                0x0000000000028754       0x3c _build/nrf_log_default_backends.o-debug
                0x0000000000028754                nrf_log_default_backends_init
 .text.nrf_log_backend_put
                0x0000000000028790       0x1c _build/nrf_log_frontend.o-debug
 .text.nrf_log_backend_panic_set
                0x00000000000287ac       0x18 _build/nrf_log_frontend.o-debug
 .text.nrf_log_backend_flush
                0x00000000000287c4       0x18 _build/nrf_log_frontend.o-debug
 .text.nrf_log_backend_id_set
                0x00000000000287dc       0x1a _build/nrf_log_frontend.o-debug
 .text.nrf_log_backend_id_get
                0x00000000000287f6       0x10 _build/nrf_log_frontend.o-debug
 .text.nrf_log_backend_enable
                0x0000000000028806       0x12 _build/nrf_log_frontend.o-debug
 .text.nrf_log_backend_is_enabled
                0x0000000000028818       0x10 _build/nrf_log_frontend.o-debug
 .text.nrf_log_init
                0x0000000000028828       0x74 _build/nrf_log_frontend.o-debug
                0x0000000000028828                nrf_log_init
 .text.nrf_log_module_cnt_get
                0x000000000002889c       0x14 _build/nrf_log_frontend.o-debug
                0x000000000002889c                nrf_log_module_cnt_get
 .text.module_idx_get
                0x00000000000288b0       0x64 _build/nrf_log_frontend.o-debug
 .text.nrf_log_module_name_get
                0x0000000000028914       0x40 _build/nrf_log_frontend.o-debug
                0x0000000000028914                nrf_log_module_name_get
 .text.nrf_log_color_id_get
                0x0000000000028954       0x70 _build/nrf_log_frontend.o-debug
                0x0000000000028954                nrf_log_color_id_get
 .text.invalid_packets_omit
                0x00000000000289c4       0x6e _build/nrf_log_frontend.o-debug
 *fill*         0x0000000000028a32        0x2 
 .text.log_skip
                0x0000000000028a34      0x114 _build/nrf_log_frontend.o-debug
 .text.dropped_sat16_get
                0x0000000000028b48       0x28 _build/nrf_log_frontend.o-debug
 .text.std_header_set
                0x0000000000028b70       0xb4 _build/nrf_log_frontend.o-debug
 .text.buf_prealloc
                0x0000000000028c24      0x134 _build/nrf_log_frontend.o-debug
 .text.std_n    0x0000000000028d58       0x90 _build/nrf_log_frontend.o-debug
 .text.nrf_log_frontend_std_0
                0x0000000000028de8       0x1c _build/nrf_log_frontend.o-debug
                0x0000000000028de8                nrf_log_frontend_std_0
 .text.nrf_log_frontend_std_1
                0x0000000000028e04       0x22 _build/nrf_log_frontend.o-debug
                0x0000000000028e04                nrf_log_frontend_std_1
 .text.nrf_log_frontend_std_2
                0x0000000000028e26       0x28 _build/nrf_log_frontend.o-debug
                0x0000000000028e26                nrf_log_frontend_std_2
 .text.nrf_log_frontend_std_3
                0x0000000000028e4e       0x2c _build/nrf_log_frontend.o-debug
                0x0000000000028e4e                nrf_log_frontend_std_3
 .text.nrf_log_frontend_std_4
                0x0000000000028e7a       0x30 _build/nrf_log_frontend.o-debug
                0x0000000000028e7a                nrf_log_frontend_std_4
 *fill*         0x0000000000028eaa        0x2 
 .text.buffer_is_empty
                0x0000000000028eac       0x1c _build/nrf_log_frontend.o-debug
                0x0000000000028eac                buffer_is_empty
 .text.nrf_log_frontend_dequeue
                0x0000000000028ec8      0x3a4 _build/nrf_log_frontend.o-debug
                0x0000000000028ec8                nrf_log_frontend_dequeue
 .text.backend_id_assign
                0x000000000002926c       0x68 _build/nrf_log_frontend.o-debug
 .text.nrf_log_backend_add
                0x00000000000292d4       0x70 _build/nrf_log_frontend.o-debug
                0x00000000000292d4                nrf_log_backend_add
 .text.nrf_log_panic
                0x0000000000029344       0x3c _build/nrf_log_frontend.o-debug
                0x0000000000029344                nrf_log_panic
 .text.timestamp_print
                0x0000000000029380        0xc _build/nrf_log_str_formatter.o-debug
 .text.prefix_process
                0x000000000002938c       0xb0 _build/nrf_log_str_formatter.o-debug
 .text.postfix_process
                0x000000000002943c       0x60 _build/nrf_log_str_formatter.o-debug
 .text.nrf_log_std_entry_process
                0x000000000002949c      0x144 _build/nrf_log_str_formatter.o-debug
                0x000000000002949c                nrf_log_std_entry_process
 .text.nrf_log_hexdump_entry_process
                0x00000000000295e0       0xf8 _build/nrf_log_str_formatter.o-debug
                0x00000000000295e0                nrf_log_hexdump_entry_process
 .text.nrf_memobj_pool_init
                0x00000000000296d8       0x16 _build/nrf_memobj.o-debug
                0x00000000000296d8                nrf_memobj_pool_init
 .text.nrf_memobj_alloc
                0x00000000000296ee       0xae _build/nrf_memobj.o-debug
                0x00000000000296ee                nrf_memobj_alloc
 .text.nrf_memobj_free
                0x000000000002979c       0x72 _build/nrf_memobj.o-debug
                0x000000000002979c                nrf_memobj_free
 .text.nrf_memobj_get
                0x000000000002980e       0x1e _build/nrf_memobj.o-debug
                0x000000000002980e                nrf_memobj_get
 .text.nrf_memobj_put
                0x000000000002982c       0x34 _build/nrf_memobj.o-debug
                0x000000000002982c                nrf_memobj_put
 .text.memobj_op
                0x0000000000029860      0x124 _build/nrf_memobj.o-debug
 .text.nrf_memobj_write
                0x0000000000029984       0x3c _build/nrf_memobj.o-debug
                0x0000000000029984                nrf_memobj_write
 .text.nrf_memobj_read
                0x00000000000299c0       0x40 _build/nrf_memobj.o-debug
                0x00000000000299c0                nrf_memobj_read
 .text.nrf_ringbuf_init
                0x0000000000029a00       0x3a _build/nrf_ringbuf.o-debug
                0x0000000000029a00                nrf_ringbuf_init
 *fill*         0x0000000000029a3a        0x2 
 .text.nrf_section_iter_init
                0x0000000000029a3c       0x54 _build/nrf_section_iter.o-debug
                0x0000000000029a3c                nrf_section_iter_init
 .text.nrf_section_iter_next
                0x0000000000029a90       0x64 _build/nrf_section_iter.o-debug
                0x0000000000029a90                nrf_section_iter_next
 .text.nrf_strerror_get
                0x0000000000029af4       0x28 _build/nrf_strerror.o-debug
                0x0000000000029af4                nrf_strerror_get
 .text.nrf_strerror_find
                0x0000000000029b1c       0x68 _build/nrf_strerror.o-debug
                0x0000000000029b1c                nrf_strerror_find
 .text.NVIC_EnableIRQ
                0x0000000000029b84       0x2c _build/nrfx_clock.o-debug
 .text.NVIC_SetPriority
                0x0000000000029bb0       0x50 _build/nrfx_clock.o-debug
 .text.nrfx_get_irq_number
                0x0000000000029c00       0x10 _build/nrfx_clock.o-debug
 .text._NRFX_IRQ_PRIORITY_SET
                0x0000000000029c10       0x58 _build/nrfx_clock.o-debug
 .text._NRFX_IRQ_ENABLE
                0x0000000000029c68       0x1c _build/nrfx_clock.o-debug
 .text._NRFX_IRQ_IS_ENABLED
                0x0000000000029c84       0x4c _build/nrfx_clock.o-debug
 .text.nrf_clock_int_disable
                0x0000000000029cd0       0x14 _build/nrfx_clock.o-debug
 .text.nrf_clock_task_trigger
                0x0000000000029ce4       0x1a _build/nrfx_clock.o-debug
 .text.nrf_clock_event_clear
                0x0000000000029cfe       0x28 _build/nrfx_clock.o-debug
 .text.nrf_clock_event_check
                0x0000000000029d26       0x22 _build/nrfx_clock.o-debug
 .text.nrf_clock_lf_src_set
                0x0000000000029d48       0x14 _build/nrfx_clock.o-debug
 .text.nrf_clock_lf_is_running
                0x0000000000029d5c       0x1c _build/nrfx_clock.o-debug
 .text.nrfx_power_clock_irq_init
                0x0000000000029d78       0x56 _build/nrfx_clock.o-debug
 *fill*         0x0000000000029dce        0x2 
 .text.nrfx_clock_init
                0x0000000000029dd0       0x4c _build/nrfx_clock.o-debug
                0x0000000000029dd0                nrfx_clock_init
 .text.nrfx_clock_enable
                0x0000000000029e1c       0x28 _build/nrfx_clock.o-debug
                0x0000000000029e1c                nrfx_clock_enable
 .text.nrfx_clock_lfclk_stop
                0x0000000000029e44       0x30 _build/nrfx_clock.o-debug
                0x0000000000029e44                nrfx_clock_lfclk_stop
 .text.POWER_CLOCK_IRQHandler
                0x0000000000029e74       0x68 _build/nrfx_clock.o-debug
                0x0000000000029e74                POWER_CLOCK_IRQHandler
 .text.NVIC_EnableIRQ
                0x0000000000029edc       0x2c _build/nrfx_gpiote.o-debug
 .text.NVIC_SetPriority
                0x0000000000029f08       0x50 _build/nrfx_gpiote.o-debug
 .text._NRFX_IRQ_PRIORITY_SET
                0x0000000000029f58       0x58 _build/nrfx_gpiote.o-debug
 .text._NRFX_IRQ_ENABLE
                0x0000000000029fb0       0x1c _build/nrfx_gpiote.o-debug
 .text.nrf_gpiote_event_is_set
                0x0000000000029fcc       0x2a _build/nrfx_gpiote.o-debug
 .text.nrf_gpiote_event_clear
                0x0000000000029ff6       0x36 _build/nrfx_gpiote.o-debug
 .text.nrf_gpiote_event_addr_get
                0x000000000002a02c       0x1a _build/nrfx_gpiote.o-debug
 *fill*         0x000000000002a046        0x2 
 .text.nrf_gpiote_int_enable
                0x000000000002a048       0x18 _build/nrfx_gpiote.o-debug
 .text.nrf_gpiote_int_is_enabled
                0x000000000002a060       0x18 _build/nrfx_gpiote.o-debug
 .text.nrf_gpiote_event_pin_get
                0x000000000002a078       0x20 _build/nrfx_gpiote.o-debug
 .text.nrf_gpiote_event_polarity_get
                0x000000000002a098       0x24 _build/nrfx_gpiote.o-debug
 .text.nrf_gpiote_task_configure
                0x000000000002a0bc       0x7c _build/nrfx_gpiote.o-debug
 .text.nrf_gpio_pin_port_decode
                0x000000000002a138       0x28 _build/nrfx_gpiote.o-debug
 .text.nrf_gpio_cfg
                0x000000000002a160       0x62 _build/nrfx_gpiote.o-debug
 .text.nrf_gpio_cfg_output
                0x000000000002a1c2       0x22 _build/nrfx_gpiote.o-debug
 .text.nrf_gpio_cfg_sense_set
                0x000000000002a1e4       0x5c _build/nrfx_gpiote.o-debug
 .text.nrf_gpio_pin_set
                0x000000000002a240       0x28 _build/nrfx_gpiote.o-debug
 .text.nrf_gpio_pin_clear
                0x000000000002a268       0x28 _build/nrfx_gpiote.o-debug
 .text.nrf_gpio_pin_sense_get
                0x000000000002a290       0x2c _build/nrfx_gpiote.o-debug
 .text.nrf_gpio_port_in_read
                0x000000000002a2bc       0x10 _build/nrfx_gpiote.o-debug
 .text.nrf_gpio_port_out_set
                0x000000000002a2cc       0x14 _build/nrfx_gpiote.o-debug
 .text.nrf_gpio_port_out_clear
                0x000000000002a2e0       0x14 _build/nrfx_gpiote.o-debug
 .text.nrf_gpio_ports_read
                0x000000000002a2f4       0x68 _build/nrfx_gpiote.o-debug
 .text.nrf_bitmask_bit_is_set
                0x000000000002a35c       0x30 _build/nrfx_gpiote.o-debug
 .text.nrf_bitmask_bit_set
                0x000000000002a38c       0x40 _build/nrfx_gpiote.o-debug
 .text.pin_in_use
                0x000000000002a3cc       0x28 _build/nrfx_gpiote.o-debug
 .text.pin_in_use_by_te
                0x000000000002a3f4       0x3c _build/nrfx_gpiote.o-debug
 .text.pin_in_use_by_te_set
                0x000000000002a430       0x50 _build/nrfx_gpiote.o-debug
 .text.pin_in_use_set
                0x000000000002a480       0x1c _build/nrfx_gpiote.o-debug
 .text.pin_in_use_clear
                0x000000000002a49c       0x1c _build/nrfx_gpiote.o-debug
 .text.pin_configured_set
                0x000000000002a4b8       0x1c _build/nrfx_gpiote.o-debug
 .text.channel_port_get
                0x000000000002a4d4       0x1c _build/nrfx_gpiote.o-debug
 .text.channel_handler_get
                0x000000000002a4f0       0x18 _build/nrfx_gpiote.o-debug
 .text.channel_port_alloc
                0x000000000002a508       0x7c _build/nrfx_gpiote.o-debug
 .text.channel_free
                0x000000000002a584       0x38 _build/nrfx_gpiote.o-debug
 .text.nrfx_gpiote_init
                0x000000000002a5bc       0xa4 _build/nrfx_gpiote.o-debug
                0x000000000002a5bc                nrfx_gpiote_init
 .text.nrfx_gpiote_is_init
                0x000000000002a660       0x18 _build/nrfx_gpiote.o-debug
                0x000000000002a660                nrfx_gpiote_is_init
 .text.nrfx_gpiote_out_init
                0x000000000002a678       0xd0 _build/nrfx_gpiote.o-debug
                0x000000000002a678                nrfx_gpiote_out_init
 .text.nrfx_gpiote_out_set
                0x000000000002a748       0x5c _build/nrfx_gpiote.o-debug
                0x000000000002a748                nrfx_gpiote_out_set
 .text.nrfx_gpiote_out_clear
                0x000000000002a7a4       0x5c _build/nrfx_gpiote.o-debug
                0x000000000002a7a4                nrfx_gpiote_out_clear
 .text.GPIOTE_IRQHandler
                0x000000000002a800      0x2e0 _build/nrfx_gpiote.o-debug
                0x000000000002a800                GPIOTE_IRQHandler
 .text.UARTE0_UART0_IRQHandler
                0x000000000002aae0       0x24 _build/nrfx_prs.o-debug
                0x000000000002aae0                UARTE0_UART0_IRQHandler
 .text.nrf_pwm_event_clear
                0x000000000002ab04       0x2a _build/nrfx_pwm.o-debug
 .text.nrf_pwm_event_check
                0x000000000002ab2e       0x24 _build/nrfx_pwm.o-debug
 .text.irq_handler
                0x000000000002ab52       0xe2 _build/nrfx_pwm.o-debug
 .text.PWM0_IRQHandler
                0x000000000002ac34       0x18 _build/nrfx_pwm.o-debug
                0x000000000002ac34                PWM0_IRQHandler
 .text.PWM1_IRQHandler
                0x000000000002ac4c       0x18 _build/nrfx_pwm.o-debug
                0x000000000002ac4c                PWM1_IRQHandler
 .text.PWM2_IRQHandler
                0x000000000002ac64       0x18 _build/nrfx_pwm.o-debug
                0x000000000002ac64                PWM2_IRQHandler
 .text.nrf_saadc_task_trigger
                0x000000000002ac7c       0x1e _build/nrfx_saadc.o-debug
 .text.nrf_saadc_event_check
                0x000000000002ac9a       0x26 _build/nrfx_saadc.o-debug
 .text.nrf_saadc_event_clear
                0x000000000002acc0       0x30 _build/nrfx_saadc.o-debug
 .text.nrf_saadc_buffer_init
                0x000000000002acf0       0x20 _build/nrfx_saadc.o-debug
 .text.SAADC_IRQHandler
                0x000000000002ad10      0x250 _build/nrfx_saadc.o-debug
                0x000000000002ad10                SAADC_IRQHandler
 .text.nrf_spim_event_clear
                0x000000000002af60       0x2a _build/nrfx_spim.o-debug
 .text.nrf_spim_event_check
                0x000000000002af8a       0x24 _build/nrfx_spim.o-debug
 *fill*         0x000000000002afae        0x2 
 .text.nrf_gpio_pin_port_decode
                0x000000000002afb0       0x28 _build/nrfx_spim.o-debug
 .text.nrf_gpio_pin_set
                0x000000000002afd8       0x28 _build/nrfx_spim.o-debug
 .text.nrf_gpio_pin_clear
                0x000000000002b000       0x28 _build/nrfx_spim.o-debug
 .text.nrf_gpio_port_out_set
                0x000000000002b028       0x14 _build/nrfx_spim.o-debug
 .text.nrf_gpio_port_out_clear
                0x000000000002b03c       0x14 _build/nrfx_spim.o-debug
 .text.finish_transfer
                0x000000000002b050       0x52 _build/nrfx_spim.o-debug
 *fill*         0x000000000002b0a2        0x2 
 .text.irq_handler
                0x000000000002b0a4       0x48 _build/nrfx_spim.o-debug
 .text.SPIM1_SPIS1_TWIM1_TWIS1_SPI1_TWI1_IRQHandler
                0x000000000002b0ec       0x14 _build/nrfx_spim.o-debug
                0x000000000002b0ec                SPIM1_SPIS1_TWIM1_TWIS1_SPI1_TWI1_IRQHandler
 .text.nrf_timer_event_clear
                0x000000000002b100       0x2a _build/nrfx_timer.o-debug
 .text.nrf_timer_event_check
                0x000000000002b12a       0x24 _build/nrfx_timer.o-debug
 .text.nrf_timer_int_enable_check
                0x000000000002b14e       0x20 _build/nrfx_timer.o-debug
 .text.nrf_timer_compare_event_get
                0x000000000002b16e       0x16 _build/nrfx_timer.o-debug
 .text.nrf_timer_compare_int_get
                0x000000000002b184       0x14 _build/nrfx_timer.o-debug
 .text.irq_handler
                0x000000000002b198       0x8c _build/nrfx_timer.o-debug
 .text.TIMER0_IRQHandler
                0x000000000002b224       0x18 _build/nrfx_timer.o-debug
                0x000000000002b224                TIMER0_IRQHandler
 .text.TIMER1_IRQHandler
                0x000000000002b23c       0x18 _build/nrfx_timer.o-debug
                0x000000000002b23c                TIMER1_IRQHandler
 .text.nrf_twim_task_trigger
                0x000000000002b254       0x1c _build/nrfx_twim.o-debug
 .text.nrf_twim_event_clear
                0x000000000002b270       0x2a _build/nrfx_twim.o-debug
 .text.nrf_twim_event_check
                0x000000000002b29a       0x24 _build/nrfx_twim.o-debug
 .text.nrf_twim_int_enable
                0x000000000002b2be       0x14 _build/nrfx_twim.o-debug
 .text.nrf_twim_int_disable
                0x000000000002b2d2       0x14 _build/nrfx_twim.o-debug
 .text.nrf_twim_errorsrc_get_and_clear
                0x000000000002b2e6       0x1c _build/nrfx_twim.o-debug
 .text.nrf_twim_shorts_set
                0x000000000002b302       0x14 _build/nrfx_twim.o-debug
 .text.nrf_twim_txd_amount_get
                0x000000000002b316       0x10 _build/nrfx_twim.o-debug
 .text.nrf_twim_rxd_amount_get
                0x000000000002b326       0x10 _build/nrfx_twim.o-debug
 *fill*         0x000000000002b336        0x2 
 .text.twim_irq_handler
                0x000000000002b338      0x214 _build/nrfx_twim.o-debug
 .text.SPIM0_SPIS0_TWIM0_TWIS0_SPI0_TWI0_IRQHandler
                0x000000000002b54c       0x18 _build/nrfx_twim.o-debug
                0x000000000002b54c                SPIM0_SPIS0_TWIM0_TWIS0_SPI0_TWI0_IRQHandler
 .text.ble_advdata_search
                0x000000000002b564       0xa4 _build/ble_advdata.o-debug
                0x000000000002b564                ble_advdata_search
 .text.ble_advdata_parse
                0x000000000002b608       0x4c _build/ble_advdata.o-debug
                0x000000000002b608                ble_advdata_parse
 .text.sd_ble_gap_adv_set_configure
                0x000000000002b654        0x8 _build/ble_advertising.o-debug
 .text.sd_ble_gap_adv_start
                0x000000000002b65c        0x8 _build/ble_advertising.o-debug
 .text.whitelist_has_entries
                0x000000000002b664       0x10 _build/ble_advertising.o-debug
 .text.addr_is_valid
                0x000000000002b674       0x2e _build/ble_advertising.o-debug
 *fill*         0x000000000002b6a2        0x2 
 .text.adv_mode_next_get
                0x000000000002b6a4       0x30 _build/ble_advertising.o-debug
 .text.on_connected
                0x000000000002b6d4       0x1e _build/ble_advertising.o-debug
 .text.on_disconnected
                0x000000000002b6f2       0x54 _build/ble_advertising.o-debug
 .text.on_terminated
                0x000000000002b746       0x56 _build/ble_advertising.o-debug
 .text.adv_mode_next_avail_get
                0x000000000002b79c       0x9c _build/ble_advertising.o-debug
 .text.set_adv_mode_directed_high_duty
                0x000000000002b838       0x3a _build/ble_advertising.o-debug
 .text.set_adv_mode_directed
                0x000000000002b872       0x52 _build/ble_advertising.o-debug
 .text.use_whitelist
                0x000000000002b8c4       0x3e _build/ble_advertising.o-debug
 .text.flags_set
                0x000000000002b902       0x50 _build/ble_advertising.o-debug
 .text.set_adv_mode_fast
                0x000000000002b952       0x88 _build/ble_advertising.o-debug
 .text.set_adv_mode_slow
                0x000000000002b9da       0x88 _build/ble_advertising.o-debug
 .text.phy_is_valid
                0x000000000002ba62       0x20 _build/ble_advertising.o-debug
 *fill*         0x000000000002ba82        0x2 
 .text.ble_advertising_start
                0x000000000002ba84      0x23c _build/ble_advertising.o-debug
                0x000000000002ba84                ble_advertising_start
 .text.ble_advertising_on_ble_evt
                0x000000000002bcc0       0x44 _build/ble_advertising.o-debug
                0x000000000002bcc0                ble_advertising_on_ble_evt
 .text.ble_advertising_on_sys_evt
                0x000000000002bd04        0xc _build/ble_advertising.o-debug
                0x000000000002bd04                ble_advertising_on_sys_evt
 .text.instance_get
                0x000000000002bd10       0x50 _build/ble_conn_params.o-debug
 .text.instance_claim
                0x000000000002bd60       0x34 _build/ble_conn_params.o-debug
 .text.instance_free
                0x000000000002bd94       0x12 _build/ble_conn_params.o-debug
 .text.is_conn_params_ok
                0x000000000002bda6       0xca _build/ble_conn_params.o-debug
 .text.send_error_evt
                0x000000000002be70       0x24 _build/ble_conn_params.o-debug
 .text.conn_params_negotiation
                0x000000000002be94       0x7c _build/ble_conn_params.o-debug
 .text.on_connect
                0x000000000002bf10       0x84 _build/ble_conn_params.o-debug
 .text.on_disconnect
                0x000000000002bf94       0x46 _build/ble_conn_params.o-debug
 *fill*         0x000000000002bfda        0x2 
 .text.on_write
                0x000000000002bfdc       0x7c _build/ble_conn_params.o-debug
 .text.on_conn_params_update
                0x000000000002c058       0x54 _build/ble_conn_params.o-debug
 .text.ble_evt_handler
                0x000000000002c0ac       0x4c _build/ble_conn_params.o-debug
 .text.uint16_decode
                0x000000000002c0f8       0x20 _build/ble_srv_common.o-debug
 .text.ble_srv_is_notification_enabled
                0x000000000002c118       0x2c _build/ble_srv_common.o-debug
                0x000000000002c118                ble_srv_is_notification_enabled
 .text.sd_ble_gap_data_length_update
                0x000000000002c144        0x8 _build/nrf_ble_gatt.o-debug
 .text.sd_ble_gattc_exchange_mtu_request
                0x000000000002c14c        0x8 _build/nrf_ble_gatt.o-debug
 .text.sd_ble_gatts_exchange_mtu_reply
                0x000000000002c154        0x8 _build/nrf_ble_gatt.o-debug
 .text.link_init
                0x000000000002c15c       0x2e _build/nrf_ble_gatt.o-debug
 *fill*         0x000000000002c18a        0x2 
 .text.data_length_update
                0x000000000002c18c       0xdc _build/nrf_ble_gatt.o-debug
 .text.on_connected_evt
                0x000000000002c268       0xd4 _build/nrf_ble_gatt.o-debug
 .text.on_disconnected_evt
                0x000000000002c33c       0x22 _build/nrf_ble_gatt.o-debug
 .text.on_exchange_mtu_rsp_evt
                0x000000000002c35e       0x92 _build/nrf_ble_gatt.o-debug
 .text.on_exchange_mtu_request_evt
                0x000000000002c3f0       0xd0 _build/nrf_ble_gatt.o-debug
 .text.on_data_length_update_evt
                0x000000000002c4c0       0x7c _build/nrf_ble_gatt.o-debug
 .text.on_data_length_update_request_evt
                0x000000000002c53c       0x50 _build/nrf_ble_gatt.o-debug
 .text.nrf_ble_gatt_on_ble_evt
                0x000000000002c58c      0x104 _build/nrf_ble_gatt.o-debug
                0x000000000002c58c                nrf_ble_gatt_on_ble_evt
 .text.sd_ble_gatts_rw_authorize_reply
                0x000000000002c690        0x8 _build/nrf_ble_qwr.o-debug
 .text.sd_ble_user_mem_reply
                0x000000000002c698        0x8 _build/nrf_ble_qwr.o-debug
 .text.nrf_ble_qwr_conn_handle_assign
                0x000000000002c6a0       0x30 _build/nrf_ble_qwr.o-debug
                0x000000000002c6a0                nrf_ble_qwr_conn_handle_assign
 .text.user_mem_reply
                0x000000000002c6d0       0x48 _build/nrf_ble_qwr.o-debug
 .text.on_user_mem_request
                0x000000000002c718       0x30 _build/nrf_ble_qwr.o-debug
 .text.on_user_mem_release
                0x000000000002c748        0xc _build/nrf_ble_qwr.o-debug
 .text.on_rw_authorize_request
                0x000000000002c754       0x92 _build/nrf_ble_qwr.o-debug
 .text.nrf_ble_qwr_on_ble_evt
                0x000000000002c7e6       0xa2 _build/nrf_ble_qwr.o-debug
                0x000000000002c7e6                nrf_ble_qwr_on_ble_evt
 .text.nrf_section_iter_get
                0x000000000002c888       0x24 _build/nrf_sdh.o-debug
 .text.nrf_sdh_is_enabled
                0x000000000002c8ac        0xc _build/nrf_sdh.o-debug
                0x000000000002c8ac                nrf_sdh_is_enabled
 .text.nrf_sdh_evts_poll
                0x000000000002c8b8       0x4c _build/nrf_sdh.o-debug
                0x000000000002c8b8                nrf_sdh_evts_poll
 .text.SWI2_EGU2_IRQHandler
                0x000000000002c904        0xa _build/nrf_sdh.o-debug
                0x000000000002c904                SWI2_EGU2_IRQHandler
 .text.sd_ble_evt_get
                0x000000000002c90e        0x8 _build/nrf_sdh_ble.o-debug
 *fill*         0x000000000002c916        0x2 
 .text.nrf_section_iter_get
                0x000000000002c918       0x24 _build/nrf_sdh_ble.o-debug
 .text.nrf_sdh_ble_evts_poll
                0x000000000002c93c       0xa8 _build/nrf_sdh_ble.o-debug
 .text.sd_ble_gap_disconnect
                0x000000000002c9e4        0x8 _build/simple_ble.o-debug
 .text.sd_ble_gap_sec_params_reply
                0x000000000002c9ec        0x8 _build/simple_ble.o-debug
 .text.sd_ble_gap_sec_info_reply
                0x000000000002c9f4        0x8 _build/simple_ble.o-debug
 .text.sd_ble_gap_scan_start
                0x000000000002c9fc        0x8 _build/simple_ble.o-debug
 .text.sd_ble_gap_phy_update
                0x000000000002ca04        0x8 _build/simple_ble.o-debug
 .text.sd_ble_gatts_sys_attr_set
                0x000000000002ca0c        0x8 _build/simple_ble.o-debug
 .text.sd_power_system_off
                0x000000000002ca14        0x8 _build/simple_ble.o-debug
 .text.assert_nrf_callback
                0x000000000002ca1c       0x30 _build/simple_ble.o-debug
                0x000000000002ca1c                assert_nrf_callback
 .text.on_ble_evt
                0x000000000002ca4c      0x3b0 _build/simple_ble.o-debug
 .text.NVIC_SystemReset
                0x000000000002cdfc       0x24 _build/system_nrf52.o-debug
 .text.SystemCoreClockUpdate
                0x000000000002ce20       0x14 _build/system_nrf52.o-debug
                0x000000000002ce20                SystemCoreClockUpdate
 .text.SystemInit
                0x000000000002ce34      0x2d4 _build/system_nrf52.o-debug
                0x000000000002ce34                SystemInit
 .text.errata_12
                0x000000000002d108       0x58 _build/system_nrf52.o-debug
 .text.errata_16
                0x000000000002d160       0x38 _build/system_nrf52.o-debug
 .text.errata_31
                0x000000000002d198       0x58 _build/system_nrf52.o-debug
 .text.errata_32
                0x000000000002d1f0       0x38 _build/system_nrf52.o-debug
 .text.errata_36
                0x000000000002d228       0x58 _build/system_nrf52.o-debug
 .text.errata_37
                0x000000000002d280       0x38 _build/system_nrf52.o-debug
 .text.errata_57
                0x000000000002d2b8       0x38 _build/system_nrf52.o-debug
 .text.errata_66
                0x000000000002d2f0       0x38 _build/system_nrf52.o-debug
 .text.errata_108
                0x000000000002d328       0x58 _build/system_nrf52.o-debug
 .text.errata_136
                0x000000000002d380       0x58 _build/system_nrf52.o-debug
 .text.errata_182
                0x000000000002d3d8       0x24 _build/system_nrf52.o-debug
 .text          0x000000000002d3fc       0x3c _build/gcc_startup_nrf52.os-debug
                0x000000000002d3fc                Reset_Handler
                0x000000000002d424                NMI_Handler
                0x000000000002d428                MemoryManagement_Handler
                0x000000000002d42a                BusFault_Handler
                0x000000000002d42c                UsageFault_Handler
                0x000000000002d42e                SVC_Handler
                0x000000000002d430                DebugMon_Handler
                0x000000000002d432                PendSV_Handler
                0x000000000002d434                SysTick_Handler
                0x000000000002d436                TIMER2_IRQHandler
                0x000000000002d436                RTC0_IRQHandler
                0x000000000002d436                RADIO_IRQHandler
                0x000000000002d436                PDM_IRQHandler
                0x000000000002d436                TEMP_IRQHandler
                0x000000000002d436                QDEC_IRQHandler
                0x000000000002d436                TIMER3_IRQHandler
                0x000000000002d436                FPU_IRQHandler
                0x000000000002d436                TIMER4_IRQHandler
                0x000000000002d436                I2S_IRQHandler
                0x000000000002d436                SWI4_EGU4_IRQHandler
                0x000000000002d436                ECB_IRQHandler
                0x000000000002d436                Default_Handler
                0x000000000002d436                CCM_AAR_IRQHandler
                0x000000000002d436                WDT_IRQHandler
                0x000000000002d436                SWI5_EGU5_IRQHandler
                0x000000000002d436                RNG_IRQHandler
                0x000000000002d436                RTC2_IRQHandler
                0x000000000002d436                SWI3_EGU3_IRQHandler
                0x000000000002d436                SWI1_EGU1_IRQHandler
                0x000000000002d436                SPIM2_SPIS2_SPI2_IRQHandler
                0x000000000002d436                NFCT_IRQHandler
                0x000000000002d436                MWU_IRQHandler
                0x000000000002d436                COMP_LPCOMP_IRQHandler
 .text.exit     0x000000000002d438       0x20 /usr/bin/../lib/gcc/arm-none-eabi/7.3.1/../../../../arm-none-eabi/lib/thumb/v7e-m/fpv4-sp/hard/libc.a(lib_a-exit.o)
                0x000000000002d438                exit
 .text.__libc_init_array
                0x000000000002d458       0x48 /usr/bin/../lib/gcc/arm-none-eabi/7.3.1/../../../../arm-none-eabi/lib/thumb/v7e-m/fpv4-sp/hard/libc.a(lib_a-init.o)
                0x000000000002d458                __libc_init_array
 .text.__locale_mb_cur_max
                0x000000000002d4a0       0x1c /usr/bin/../lib/gcc/arm-none-eabi/7.3.1/../../../../arm-none-eabi/lib/thumb/v7e-m/fpv4-sp/hard/libc.a(lib_a-locale.o)
                0x000000000002d4a0                __locale_mb_cur_max
 .text.__locale_ctype_ptr
                0x000000000002d4bc       0x1c /usr/bin/../lib/gcc/arm-none-eabi/7.3.1/../../../../arm-none-eabi/lib/thumb/v7e-m/fpv4-sp/hard/libc.a(lib_a-locale.o)
                0x000000000002d4bc                __locale_ctype_ptr
 .text.__ascii_mbtowc
                0x000000000002d4d8       0x2c /usr/bin/../lib/gcc/arm-none-eabi/7.3.1/../../../../arm-none-eabi/lib/thumb/v7e-m/fpv4-sp/hard/libc.a(lib_a-mbtowc_r.o)
                0x000000000002d4d8                __ascii_mbtowc
 .text          0x000000000002d504      0x134 /usr/bin/../lib/gcc/arm-none-eabi/7.3.1/../../../../arm-none-eabi/lib/thumb/v7e-m/fpv4-sp/hard/libc.a(lib_a-memcpy.o)
                0x000000000002d504                memcpy
 .text.memset   0x000000000002d638       0x94 /usr/bin/../lib/gcc/arm-none-eabi/7.3.1/../../../../arm-none-eabi/lib/thumb/v7e-m/fpv4-sp/hard/libc.a(lib_a-memset.o)
                0x000000000002d638                memset
 .text.printf   0x000000000002d6cc       0x28 /usr/bin/../lib/gcc/arm-none-eabi/7.3.1/../../../../arm-none-eabi/lib/thumb/v7e-m/fpv4-sp/hard/libc.a(lib_a-printf.o)
                0x000000000002d6cc                printf
 .text.setbuf   0x000000000002d6f4       0x10 /usr/bin/../lib/gcc/arm-none-eabi/7.3.1/../../../../arm-none-eabi/lib/thumb/v7e-m/fpv4-sp/hard/libc.a(lib_a-setbuf.o)
                0x000000000002d6f4                setbuf
 .text.setvbuf  0x000000000002d704      0x180 /usr/bin/../lib/gcc/arm-none-eabi/7.3.1/../../../../arm-none-eabi/lib/thumb/v7e-m/fpv4-sp/hard/libc.a(lib_a-setvbuf.o)
                0x000000000002d704                setvbuf
 .text.strcpy   0x000000000002d884       0xbc /usr/bin/../lib/gcc/arm-none-eabi/7.3.1/../../../../arm-none-eabi/lib/thumb/v7e-m/fpv4-sp/hard/libc.a(lib_a-strcpy.o)
                0x000000000002d884                strcpy
 .text          0x000000000002d940       0xdc /usr/bin/../lib/gcc/arm-none-eabi/7.3.1/../../../../arm-none-eabi/lib/thumb/v7e-m/fpv4-sp/hard/libc.a(lib_a-strlen.o)
                0x000000000002d940                strlen
 *fill*         0x000000000002da1c        0x4 
 .text._vfprintf_r
                0x000000000002da20     0x1a7c /usr/bin/../lib/gcc/arm-none-eabi/7.3.1/../../../../arm-none-eabi/lib/thumb/v7e-m/fpv4-sp/hard/libc.a(lib_a-vfprintf.o)
                0x000000000002da20                _vfprintf_r
 .text.__sbprintf
                0x000000000002f49c       0x84 /usr/bin/../lib/gcc/arm-none-eabi/7.3.1/../../../../arm-none-eabi/lib/thumb/v7e-m/fpv4-sp/hard/libc.a(lib_a-vfprintf.o)
 .text.__ascii_wctomb
                0x000000000002f520       0x1c /usr/bin/../lib/gcc/arm-none-eabi/7.3.1/../../../../arm-none-eabi/lib/thumb/v7e-m/fpv4-sp/hard/libc.a(lib_a-wctomb_r.o)
                0x000000000002f520                __ascii_wctomb
 .text.__swsetup_r
                0x000000000002f53c       0xcc /usr/bin/../lib/gcc/arm-none-eabi/7.3.1/../../../../arm-none-eabi/lib/thumb/v7e-m/fpv4-sp/hard/libc.a(lib_a-wsetup.o)
                0x000000000002f53c                __swsetup_r
 .text.startup.register_fini
                0x000000000002f608       0x14 /usr/bin/../lib/gcc/arm-none-eabi/7.3.1/../../../../arm-none-eabi/lib/thumb/v7e-m/fpv4-sp/hard/libc.a(lib_a-__call_atexit.o)
 .text.__call_exitprocs
                0x000000000002f61c       0xe8 /usr/bin/../lib/gcc/arm-none-eabi/7.3.1/../../../../arm-none-eabi/lib/thumb/v7e-m/fpv4-sp/hard/libc.a(lib_a-__call_atexit.o)
                0x000000000002f61c                __call_exitprocs
 .text.atexit   0x000000000002f704        0xc /usr/bin/../lib/gcc/arm-none-eabi/7.3.1/../../../../arm-none-eabi/lib/thumb/v7e-m/fpv4-sp/hard/libc.a(lib_a-atexit.o)
                0x000000000002f704                atexit
 .text.quorem   0x000000000002f710      0x124 /usr/bin/../lib/gcc/arm-none-eabi/7.3.1/../../../../arm-none-eabi/lib/thumb/v7e-m/fpv4-sp/hard/libc.a(lib_a-dtoa.o)
 *fill*         0x000000000002f834        0x4 
 .text._dtoa_r  0x000000000002f838      0xe20 /usr/bin/../lib/gcc/arm-none-eabi/7.3.1/../../../../arm-none-eabi/lib/thumb/v7e-m/fpv4-sp/hard/libc.a(lib_a-dtoa.o)
                0x000000000002f838                _dtoa_r
 .text.__sflush_r
                0x0000000000030658      0x154 /usr/bin/../lib/gcc/arm-none-eabi/7.3.1/../../../../arm-none-eabi/lib/thumb/v7e-m/fpv4-sp/hard/libc.a(lib_a-fflush.o)
                0x0000000000030658                __sflush_r
 .text._fflush_r
                0x00000000000307ac       0x5c /usr/bin/../lib/gcc/arm-none-eabi/7.3.1/../../../../arm-none-eabi/lib/thumb/v7e-m/fpv4-sp/hard/libc.a(lib_a-fflush.o)
                0x00000000000307ac                _fflush_r
 .text.std      0x0000000000030808       0x50 /usr/bin/../lib/gcc/arm-none-eabi/7.3.1/../../../../arm-none-eabi/lib/thumb/v7e-m/fpv4-sp/hard/libc.a(lib_a-findfp.o)
 .text._cleanup_r
                0x0000000000030858        0xc /usr/bin/../lib/gcc/arm-none-eabi/7.3.1/../../../../arm-none-eabi/lib/thumb/v7e-m/fpv4-sp/hard/libc.a(lib_a-findfp.o)
                0x0000000000030858                _cleanup_r
 .text.__sinit  0x0000000000030864       0x58 /usr/bin/../lib/gcc/arm-none-eabi/7.3.1/../../../../arm-none-eabi/lib/thumb/v7e-m/fpv4-sp/hard/libc.a(lib_a-findfp.o)
                0x0000000000030864                __sinit
 .text.__sfp_lock_acquire
                0x00000000000308bc        0xc /usr/bin/../lib/gcc/arm-none-eabi/7.3.1/../../../../arm-none-eabi/lib/thumb/v7e-m/fpv4-sp/hard/libc.a(lib_a-findfp.o)
                0x00000000000308bc                __sfp_lock_acquire
 .text.__sfp_lock_release
                0x00000000000308c8        0xc /usr/bin/../lib/gcc/arm-none-eabi/7.3.1/../../../../arm-none-eabi/lib/thumb/v7e-m/fpv4-sp/hard/libc.a(lib_a-findfp.o)
                0x00000000000308c8                __sfp_lock_release
 .text.__libc_fini_array
                0x00000000000308d4       0x34 /usr/bin/../lib/gcc/arm-none-eabi/7.3.1/../../../../arm-none-eabi/lib/thumb/v7e-m/fpv4-sp/hard/libc.a(lib_a-fini.o)
                0x00000000000308d4                __libc_fini_array
 .text._malloc_trim_r
                0x0000000000030908       0xa0 /usr/bin/../lib/gcc/arm-none-eabi/7.3.1/../../../../arm-none-eabi/lib/thumb/v7e-m/fpv4-sp/hard/libc.a(lib_a-freer.o)
                0x0000000000030908                _malloc_trim_r
 .text._free_r  0x00000000000309a8      0x1e8 /usr/bin/../lib/gcc/arm-none-eabi/7.3.1/../../../../arm-none-eabi/lib/thumb/v7e-m/fpv4-sp/hard/libc.a(lib_a-freer.o)
                0x00000000000309a8                _free_r
 .text._fwalk_reent
                0x0000000000030b90       0x54 /usr/bin/../lib/gcc/arm-none-eabi/7.3.1/../../../../arm-none-eabi/lib/thumb/v7e-m/fpv4-sp/hard/libc.a(lib_a-fwalk.o)
                0x0000000000030b90                _fwalk_reent
 .text._localeconv_r
                0x0000000000030be4       0x1c /usr/bin/../lib/gcc/arm-none-eabi/7.3.1/../../../../arm-none-eabi/lib/thumb/v7e-m/fpv4-sp/hard/libc.a(lib_a-localeconv.o)
                0x0000000000030be4                _localeconv_r
 .text.__retarget_lock_init_recursive
                0x0000000000030c00        0x4 /usr/bin/../lib/gcc/arm-none-eabi/7.3.1/../../../../arm-none-eabi/lib/thumb/v7e-m/fpv4-sp/hard/libc.a(lib_a-lock.o)
                0x0000000000030c00                __retarget_lock_init_recursive
 .text.__retarget_lock_close_recursive
                0x0000000000030c04        0x4 /usr/bin/../lib/gcc/arm-none-eabi/7.3.1/../../../../arm-none-eabi/lib/thumb/v7e-m/fpv4-sp/hard/libc.a(lib_a-lock.o)
                0x0000000000030c04                __retarget_lock_close_recursive
 .text.__retarget_lock_acquire_recursive
                0x0000000000030c08        0x4 /usr/bin/../lib/gcc/arm-none-eabi/7.3.1/../../../../arm-none-eabi/lib/thumb/v7e-m/fpv4-sp/hard/libc.a(lib_a-lock.o)
                0x0000000000030c08                __retarget_lock_acquire_recursive
 .text.__retarget_lock_release_recursive
                0x0000000000030c0c        0x4 /usr/bin/../lib/gcc/arm-none-eabi/7.3.1/../../../../arm-none-eabi/lib/thumb/v7e-m/fpv4-sp/hard/libc.a(lib_a-lock.o)
                0x0000000000030c0c                __retarget_lock_release_recursive
 .text.__swhatbuf_r
                0x0000000000030c10       0x5c /usr/bin/../lib/gcc/arm-none-eabi/7.3.1/../../../../arm-none-eabi/lib/thumb/v7e-m/fpv4-sp/hard/libc.a(lib_a-makebuf.o)
                0x0000000000030c10                __swhatbuf_r
 .text.__smakebuf_r
                0x0000000000030c6c       0x94 /usr/bin/../lib/gcc/arm-none-eabi/7.3.1/../../../../arm-none-eabi/lib/thumb/v7e-m/fpv4-sp/hard/libc.a(lib_a-makebuf.o)
                0x0000000000030c6c                __smakebuf_r
 .text.malloc   0x0000000000030d00       0x10 /usr/bin/../lib/gcc/arm-none-eabi/7.3.1/../../../../arm-none-eabi/lib/thumb/v7e-m/fpv4-sp/hard/libc.a(lib_a-malloc.o)
                0x0000000000030d00                malloc
 .text.free     0x0000000000030d10       0x10 /usr/bin/../lib/gcc/arm-none-eabi/7.3.1/../../../../arm-none-eabi/lib/thumb/v7e-m/fpv4-sp/hard/libc.a(lib_a-malloc.o)
                0x0000000000030d10                free
 .text._malloc_r
                0x0000000000030d20      0x548 /usr/bin/../lib/gcc/arm-none-eabi/7.3.1/../../../../arm-none-eabi/lib/thumb/v7e-m/fpv4-sp/hard/libc.a(lib_a-mallocr.o)
                0x0000000000030d20                _malloc_r
 *fill*         0x0000000000031268        0x8 
 .text          0x0000000000031270       0xa0 /usr/bin/../lib/gcc/arm-none-eabi/7.3.1/../../../../arm-none-eabi/lib/thumb/v7e-m/fpv4-sp/hard/libc.a(lib_a-memchr.o)
                0x0000000000031270                memchr
 .text.__malloc_lock
                0x0000000000031310        0xc /usr/bin/../lib/gcc/arm-none-eabi/7.3.1/../../../../arm-none-eabi/lib/thumb/v7e-m/fpv4-sp/hard/libc.a(lib_a-mlock.o)
                0x0000000000031310                __malloc_lock
 .text.__malloc_unlock
                0x000000000003131c        0xc /usr/bin/../lib/gcc/arm-none-eabi/7.3.1/../../../../arm-none-eabi/lib/thumb/v7e-m/fpv4-sp/hard/libc.a(lib_a-mlock.o)
                0x000000000003131c                __malloc_unlock
 .text._Balloc  0x0000000000031328       0x4c /usr/bin/../lib/gcc/arm-none-eabi/7.3.1/../../../../arm-none-eabi/lib/thumb/v7e-m/fpv4-sp/hard/libc.a(lib_a-mprec.o)
                0x0000000000031328                _Balloc
 .text._Bfree   0x0000000000031374       0x14 /usr/bin/../lib/gcc/arm-none-eabi/7.3.1/../../../../arm-none-eabi/lib/thumb/v7e-m/fpv4-sp/hard/libc.a(lib_a-mprec.o)
                0x0000000000031374                _Bfree
 .text.__multadd
                0x0000000000031388       0x80 /usr/bin/../lib/gcc/arm-none-eabi/7.3.1/../../../../arm-none-eabi/lib/thumb/v7e-m/fpv4-sp/hard/libc.a(lib_a-mprec.o)
                0x0000000000031388                __multadd
 .text.__hi0bits
                0x0000000000031408       0x40 /usr/bin/../lib/gcc/arm-none-eabi/7.3.1/../../../../arm-none-eabi/lib/thumb/v7e-m/fpv4-sp/hard/libc.a(lib_a-mprec.o)
                0x0000000000031408                __hi0bits
 .text.__lo0bits
                0x0000000000031448       0x60 /usr/bin/../lib/gcc/arm-none-eabi/7.3.1/../../../../arm-none-eabi/lib/thumb/v7e-m/fpv4-sp/hard/libc.a(lib_a-mprec.o)
                0x0000000000031448                __lo0bits
 .text.__i2b    0x00000000000314a8       0x14 /usr/bin/../lib/gcc/arm-none-eabi/7.3.1/../../../../arm-none-eabi/lib/thumb/v7e-m/fpv4-sp/hard/libc.a(lib_a-mprec.o)
                0x00000000000314a8                __i2b
 .text.__multiply
                0x00000000000314bc      0x14c /usr/bin/../lib/gcc/arm-none-eabi/7.3.1/../../../../arm-none-eabi/lib/thumb/v7e-m/fpv4-sp/hard/libc.a(lib_a-mprec.o)
                0x00000000000314bc                __multiply
 .text.__pow5mult
                0x0000000000031608       0xa0 /usr/bin/../lib/gcc/arm-none-eabi/7.3.1/../../../../arm-none-eabi/lib/thumb/v7e-m/fpv4-sp/hard/libc.a(lib_a-mprec.o)
                0x0000000000031608                __pow5mult
 .text.__lshift
                0x00000000000316a8       0xac /usr/bin/../lib/gcc/arm-none-eabi/7.3.1/../../../../arm-none-eabi/lib/thumb/v7e-m/fpv4-sp/hard/libc.a(lib_a-mprec.o)
                0x00000000000316a8                __lshift
 .text.__mcmp   0x0000000000031754       0x38 /usr/bin/../lib/gcc/arm-none-eabi/7.3.1/../../../../arm-none-eabi/lib/thumb/v7e-m/fpv4-sp/hard/libc.a(lib_a-mprec.o)
                0x0000000000031754                __mcmp
 .text.__mdiff  0x000000000003178c       0xec /usr/bin/../lib/gcc/arm-none-eabi/7.3.1/../../../../arm-none-eabi/lib/thumb/v7e-m/fpv4-sp/hard/libc.a(lib_a-mprec.o)
                0x000000000003178c                __mdiff
 .text.__d2b    0x0000000000031878       0xc4 /usr/bin/../lib/gcc/arm-none-eabi/7.3.1/../../../../arm-none-eabi/lib/thumb/v7e-m/fpv4-sp/hard/libc.a(lib_a-mprec.o)
                0x0000000000031878                __d2b
 .text.frexp    0x000000000003193c       0x68 /usr/bin/../lib/gcc/arm-none-eabi/7.3.1/../../../../arm-none-eabi/lib/thumb/v7e-m/fpv4-sp/hard/libc.a(lib_a-s_frexp.o)
                0x000000000003193c                frexp
 .text._sbrk_r  0x00000000000319a4       0x24 /usr/bin/../lib/gcc/arm-none-eabi/7.3.1/../../../../arm-none-eabi/lib/thumb/v7e-m/fpv4-sp/hard/libc.a(lib_a-sbrkr.o)
                0x00000000000319a4                _sbrk_r
 .text.__sread  0x00000000000319c8       0x24 /usr/bin/../lib/gcc/arm-none-eabi/7.3.1/../../../../arm-none-eabi/lib/thumb/v7e-m/fpv4-sp/hard/libc.a(lib_a-stdio.o)
                0x00000000000319c8                __sread
 .text.__swrite
                0x00000000000319ec       0x3c /usr/bin/../lib/gcc/arm-none-eabi/7.3.1/../../../../arm-none-eabi/lib/thumb/v7e-m/fpv4-sp/hard/libc.a(lib_a-stdio.o)
                0x00000000000319ec                __swrite
 .text.__sseek  0x0000000000031a28       0x20 /usr/bin/../lib/gcc/arm-none-eabi/7.3.1/../../../../arm-none-eabi/lib/thumb/v7e-m/fpv4-sp/hard/libc.a(lib_a-stdio.o)
                0x0000000000031a28                __sseek
 .text.__sclose
                0x0000000000031a48        0x8 /usr/bin/../lib/gcc/arm-none-eabi/7.3.1/../../../../arm-none-eabi/lib/thumb/v7e-m/fpv4-sp/hard/libc.a(lib_a-stdio.o)
                0x0000000000031a48                __sclose
 .text.strncpy  0x0000000000031a50       0x64 /usr/bin/../lib/gcc/arm-none-eabi/7.3.1/../../../../arm-none-eabi/lib/thumb/v7e-m/fpv4-sp/hard/libc.a(lib_a-strncpy.o)
                0x0000000000031a50                strncpy
 .text.__sprint_r.part.0
                0x0000000000031ab4       0x78 /usr/bin/../lib/gcc/arm-none-eabi/7.3.1/../../../../arm-none-eabi/lib/thumb/v7e-m/fpv4-sp/hard/libc.a(lib_a-vfiprintf.o)
 .text.__sprint_r
                0x0000000000031b2c       0x14 /usr/bin/../lib/gcc/arm-none-eabi/7.3.1/../../../../arm-none-eabi/lib/thumb/v7e-m/fpv4-sp/hard/libc.a(lib_a-vfiprintf.o)
                0x0000000000031b2c                __sprint_r
 .text.__register_exitproc
                0x0000000000031b40       0xc0 /usr/bin/../lib/gcc/arm-none-eabi/7.3.1/../../../../arm-none-eabi/lib/thumb/v7e-m/fpv4-sp/hard/libc.a(lib_a-__atexit.o)
                0x0000000000031b40                __register_exitproc
 .text._calloc_r
                0x0000000000031c00       0x68 /usr/bin/../lib/gcc/arm-none-eabi/7.3.1/../../../../arm-none-eabi/lib/thumb/v7e-m/fpv4-sp/hard/libc.a(lib_a-callocr.o)
                0x0000000000031c00                _calloc_r
 .text._close_r
                0x0000000000031c68       0x24 /usr/bin/../lib/gcc/arm-none-eabi/7.3.1/../../../../arm-none-eabi/lib/thumb/v7e-m/fpv4-sp/hard/libc.a(lib_a-closer.o)
                0x0000000000031c68                _close_r
 .text._fclose_r
                0x0000000000031c8c       0xd0 /usr/bin/../lib/gcc/arm-none-eabi/7.3.1/../../../../arm-none-eabi/lib/thumb/v7e-m/fpv4-sp/hard/libc.a(lib_a-fclose.o)
                0x0000000000031c8c                _fclose_r
 .text.__fputwc
                0x0000000000031d5c       0xa0 /usr/bin/../lib/gcc/arm-none-eabi/7.3.1/../../../../arm-none-eabi/lib/thumb/v7e-m/fpv4-sp/hard/libc.a(lib_a-fputwc.o)
                0x0000000000031d5c                __fputwc
 .text._fputwc_r
                0x0000000000031dfc       0x64 /usr/bin/../lib/gcc/arm-none-eabi/7.3.1/../../../../arm-none-eabi/lib/thumb/v7e-m/fpv4-sp/hard/libc.a(lib_a-fputwc.o)
                0x0000000000031dfc                _fputwc_r
 .text._fstat_r
                0x0000000000031e60       0x28 /usr/bin/../lib/gcc/arm-none-eabi/7.3.1/../../../../arm-none-eabi/lib/thumb/v7e-m/fpv4-sp/hard/libc.a(lib_a-fstatr.o)
                0x0000000000031e60                _fstat_r
 .text.__sfvwrite_r
                0x0000000000031e88      0x2fc /usr/bin/../lib/gcc/arm-none-eabi/7.3.1/../../../../arm-none-eabi/lib/thumb/v7e-m/fpv4-sp/hard/libc.a(lib_a-fvwrite.o)
                0x0000000000031e88                __sfvwrite_r
 .text._isatty_r
                0x0000000000032184       0x24 /usr/bin/../lib/gcc/arm-none-eabi/7.3.1/../../../../arm-none-eabi/lib/thumb/v7e-m/fpv4-sp/hard/libc.a(lib_a-isattyr.o)
                0x0000000000032184                _isatty_r
 .text._lseek_r
                0x00000000000321a8       0x2c /usr/bin/../lib/gcc/arm-none-eabi/7.3.1/../../../../arm-none-eabi/lib/thumb/v7e-m/fpv4-sp/hard/libc.a(lib_a-lseekr.o)
                0x00000000000321a8                _lseek_r
 .text.memmove  0x00000000000321d4       0xc8 /usr/bin/../lib/gcc/arm-none-eabi/7.3.1/../../../../arm-none-eabi/lib/thumb/v7e-m/fpv4-sp/hard/libc.a(lib_a-memmove.o)
                0x00000000000321d4                memmove
 .text._read_r  0x000000000003229c       0x2c /usr/bin/../lib/gcc/arm-none-eabi/7.3.1/../../../../arm-none-eabi/lib/thumb/v7e-m/fpv4-sp/hard/libc.a(lib_a-readr.o)
                0x000000000003229c                _read_r
 .text._realloc_r
                0x00000000000322c8      0x35c /usr/bin/../lib/gcc/arm-none-eabi/7.3.1/../../../../arm-none-eabi/lib/thumb/v7e-m/fpv4-sp/hard/libc.a(lib_a-reallocr.o)
                0x00000000000322c8                _realloc_r
 .text.__swbuf_r
                0x0000000000032624       0xb0 /usr/bin/../lib/gcc/arm-none-eabi/7.3.1/../../../../arm-none-eabi/lib/thumb/v7e-m/fpv4-sp/hard/libc.a(lib_a-wbuf.o)
                0x0000000000032624                __swbuf_r
 .text._wcrtomb_r
                0x00000000000326d4       0x50 /usr/bin/../lib/gcc/arm-none-eabi/7.3.1/../../../../arm-none-eabi/lib/thumb/v7e-m/fpv4-sp/hard/libc.a(lib_a-wcrtomb.o)
                0x00000000000326d4                _wcrtomb_r
 .text._close   0x0000000000032724       0x10 /usr/bin/../lib/gcc/arm-none-eabi/7.3.1/../../../../arm-none-eabi/lib/thumb/v7e-m/fpv4-sp/hard/libnosys.a(close.o)
                0x0000000000032724                _close
 .text._fstat   0x0000000000032734       0x10 /usr/bin/../lib/gcc/arm-none-eabi/7.3.1/../../../../arm-none-eabi/lib/thumb/v7e-m/fpv4-sp/hard/libnosys.a(fstat.o)
                0x0000000000032734                _fstat
 .text._isatty  0x0000000000032744       0x10 /usr/bin/../lib/gcc/arm-none-eabi/7.3.1/../../../../arm-none-eabi/lib/thumb/v7e-m/fpv4-sp/hard/libnosys.a(isatty.o)
                0x0000000000032744                _isatty
 .text._lseek   0x0000000000032754       0x10 /usr/bin/../lib/gcc/arm-none-eabi/7.3.1/../../../../arm-none-eabi/lib/thumb/v7e-m/fpv4-sp/hard/libnosys.a(lseek.o)
                0x0000000000032754                _lseek
 .text._read    0x0000000000032764       0x10 /usr/bin/../lib/gcc/arm-none-eabi/7.3.1/../../../../arm-none-eabi/lib/thumb/v7e-m/fpv4-sp/hard/libnosys.a(read.o)
                0x0000000000032764                _read
 .text._sbrk    0x0000000000032774       0x1c /usr/bin/../lib/gcc/arm-none-eabi/7.3.1/../../../../arm-none-eabi/lib/thumb/v7e-m/fpv4-sp/hard/libnosys.a(sbrk.o)
                0x0000000000032774                _sbrk
 .text._exit    0x0000000000032790        0x4 /usr/bin/../lib/gcc/arm-none-eabi/7.3.1/../../../../arm-none-eabi/lib/thumb/v7e-m/fpv4-sp/hard/libnosys.a(_exit.o)
                0x0000000000032790                _exit
 .text          0x0000000000032794      0x378 /usr/bin/../lib/gcc/arm-none-eabi/7.3.1/thumb/v7e-m/fpv4-sp/hard/libgcc.a(_arm_addsubdf3.o)
                0x0000000000032794                __aeabi_drsub
                0x000000000003279c                __aeabi_dsub
                0x000000000003279c                __subdf3
                0x00000000000327a0                __adddf3
                0x00000000000327a0                __aeabi_dadd
                0x0000000000032a18                __aeabi_ui2d
                0x0000000000032a18                __floatunsidf
                0x0000000000032a38                __floatsidf
                0x0000000000032a38                __aeabi_i2d
                0x0000000000032a5c                __extendsfdf2
                0x0000000000032a5c                __aeabi_f2d
                0x0000000000032aa0                __aeabi_ul2d
                0x0000000000032aa0                __floatundidf
                0x0000000000032ab0                __floatdidf
                0x0000000000032ab0                __aeabi_l2d
 .text          0x0000000000032b0c      0x424 /usr/bin/../lib/gcc/arm-none-eabi/7.3.1/thumb/v7e-m/fpv4-sp/hard/libgcc.a(_arm_muldivdf3.o)
                0x0000000000032b0c                __aeabi_dmul
                0x0000000000032b0c                __muldf3
                0x0000000000032d60                __aeabi_ddiv
                0x0000000000032d60                __divdf3
 .text          0x0000000000032f30      0x110 /usr/bin/../lib/gcc/arm-none-eabi/7.3.1/thumb/v7e-m/fpv4-sp/hard/libgcc.a(_arm_cmpdf2.o)
                0x0000000000032f30                __gtdf2
                0x0000000000032f30                __gedf2
                0x0000000000032f38                __ltdf2
                0x0000000000032f38                __ledf2
                0x0000000000032f40                __cmpdf2
                0x0000000000032f40                __eqdf2
                0x0000000000032f40                __nedf2
                0x0000000000032fbc                __aeabi_cdrcmple
                0x0000000000032fcc                __aeabi_cdcmple
                0x0000000000032fcc                __aeabi_cdcmpeq
                0x0000000000032fdc                __aeabi_dcmpeq
                0x0000000000032ff0                __aeabi_dcmplt
                0x0000000000033004                __aeabi_dcmple
                0x0000000000033018                __aeabi_dcmpge
                0x000000000003302c                __aeabi_dcmpgt
 .text          0x0000000000033040       0x2c /usr/bin/../lib/gcc/arm-none-eabi/7.3.1/thumb/v7e-m/fpv4-sp/hard/libgcc.a(_arm_unorddf2.o)
                0x0000000000033040                __aeabi_dcmpun
                0x0000000000033040                __unorddf2
 .text          0x000000000003306c       0x50 /usr/bin/../lib/gcc/arm-none-eabi/7.3.1/thumb/v7e-m/fpv4-sp/hard/libgcc.a(_arm_fixdfsi.o)
                0x000000000003306c                __fixdfsi
                0x000000000003306c                __aeabi_d2iz
 .text          0x00000000000330bc       0x30 /usr/bin/../lib/gcc/arm-none-eabi/7.3.1/thumb/v7e-m/fpv4-sp/hard/libgcc.a(_aeabi_uldivmod.o)
                0x00000000000330bc                __aeabi_uldivmod
 .text          0x00000000000330ec      0x2cc /usr/bin/../lib/gcc/arm-none-eabi/7.3.1/thumb/v7e-m/fpv4-sp/hard/libgcc.a(_udivmoddi4.o)
                0x00000000000330ec                __udivmoddi4
 .text          0x00000000000333b8        0x4 /usr/bin/../lib/gcc/arm-none-eabi/7.3.1/thumb/v7e-m/fpv4-sp/hard/libgcc.a(_dvmd_tls.o)
                0x00000000000333b8                __aeabi_ldiv0
                0x00000000000333b8                __aeabi_idiv0
 *(.init)
 .init          0x00000000000333bc        0x4 /usr/bin/../lib/gcc/arm-none-eabi/7.3.1/thumb/v7e-m/fpv4-sp/hard/crti.o
                0x00000000000333bc                _init
 .init          0x00000000000333c0        0x8 /usr/bin/../lib/gcc/arm-none-eabi/7.3.1/thumb/v7e-m/fpv4-sp/hard/crtn.o
 *(.fini)
 .fini          0x00000000000333c8        0x4 /usr/bin/../lib/gcc/arm-none-eabi/7.3.1/thumb/v7e-m/fpv4-sp/hard/crti.o
                0x00000000000333c8                _fini
 .fini          0x00000000000333cc        0x8 /usr/bin/../lib/gcc/arm-none-eabi/7.3.1/thumb/v7e-m/fpv4-sp/hard/crtn.o
 *crtbegin.o(.ctors)
 *crtbegin?.o(.ctors)
 *(EXCLUDE_FILE(*crtend.o *crtend?.o) .ctors)
 *(SORT_BY_NAME(.ctors.*))
 *(.ctors)
 *crtbegin.o(.dtors)
 *crtbegin?.o(.dtors)
 *(EXCLUDE_FILE(*crtend.o *crtend?.o) .dtors)
 *(SORT_BY_NAME(.dtors.*))
 *(.dtors)
 *(.rodata*)
 .rodata        0x00000000000333d4       0x68 _build/main.o-debug
 .rodata.LEDS   0x000000000003343c        0x3 _build/better_error_handling.o-debug
 *fill*         0x000000000003343f        0x1 
 .rodata        0x0000000000033440       0xc2 _build/better_error_handling.o-debug
 *fill*         0x0000000000033502        0xe 
 .rodata.delay_machine_code.8629
                0x0000000000033510        0x6 _build/better_error_handling.o-debug
 *fill*         0x0000000000033516        0x2 
 .rodata        0x0000000000033518       0x17 _build/SEGGER_RTT.o-debug
 *fill*         0x000000000003352f        0x1 
 .rodata.delay_machine_code.9273
                0x0000000000033530        0x6 _build/app_timer.o-debug
 *fill*         0x0000000000033536        0x2 
 .rodata        0x0000000000033538       0x55 _build/app_util_platform.o-debug
 *fill*         0x000000000003358d        0x3 
 .rodata        0x0000000000033590      0x617 _build/hardfault_implementation.o-debug
 *fill*         0x0000000000033ba7        0x1 
 .rodata        0x0000000000033ba8       0x50 _build/nrf_balloc.o-debug
 .rodata        0x0000000000033bf8       0x57 _build/nrf_drv_clock.o-debug
 *fill*         0x0000000000033c4f        0x1 
 .rodata        0x0000000000033c50       0x46 _build/nrf_fprintf.o-debug
 *fill*         0x0000000000033c96        0x2 
 .rodata        0x0000000000033c98       0x4d _build/nrf_fprintf_format.o-debug
 *fill*         0x0000000000033ce5        0x3 
 .rodata._aV2C.7562
                0x0000000000033ce8       0x10 _build/nrf_fprintf_format.o-debug
 .rodata        0x0000000000033cf8      0x1b3 _build/nrf_fstorage.o-debug
 *fill*         0x0000000000033eab        0x1 
 .rodata.nrf_log_backend_rtt_api
                0x0000000000033eac        0xc _build/nrf_log_backend_rtt.o-debug
                0x0000000000033eac                nrf_log_backend_rtt_api
 *fill*         0x0000000000033eb8        0x8 
 .rodata.delay_machine_code.9549
                0x0000000000033ec0        0x6 _build/nrf_log_backend_rtt.o-debug
 *fill*         0x0000000000033ec6        0x2 
 .rodata        0x0000000000033ec8       0x6f _build/nrf_log_default_backends.o-debug
 *fill*         0x0000000000033f37        0x1 
 .rodata.m_log_push_ringbuf
                0x0000000000033f38        0xc _build/nrf_log_frontend.o-debug
 .rodata        0x0000000000033f44       0x6d _build/nrf_log_frontend.o-debug
 *fill*         0x0000000000033fb1        0x3 
 .rodata        0x0000000000033fb4       0xaa _build/nrf_log_str_formatter.o-debug
 *fill*         0x000000000003405e        0x2 
 .rodata        0x0000000000034060       0x50 _build/nrf_memobj.o-debug
 .rodata        0x00000000000340b0      0x118 _build/nrf_pwr_mgmt.o-debug
 .rodata        0x00000000000341c8       0x69 _build/nrf_section_iter.o-debug
 *fill*         0x0000000000034231        0x3 
 .rodata.m_unknown_str
                0x0000000000034234       0x13 _build/nrf_strerror.o-debug
 *fill*         0x0000000000034247        0x1 
 .rodata        0x0000000000034248      0x3e9 _build/nrf_strerror.o-debug
 *fill*         0x0000000000034631        0x3 
 .rodata.nrf_strerror_array
                0x0000000000034634      0x128 _build/nrf_strerror.o-debug
 .rodata        0x000000000003475c       0x99 _build/nrfx_clock.o-debug
 *fill*         0x00000000000347f5        0x3 
 .rodata        0x00000000000347f8       0xde _build/nrfx_gpiote.o-debug
 *fill*         0x00000000000348d6        0x2 
 .rodata        0x00000000000348d8        0x4 _build/nrfx_ppi.o-debug
 .rodata        0x00000000000348dc       0x53 _build/nrfx_prs.o-debug
 *fill*         0x000000000003492f        0x1 
 .rodata        0x0000000000034930      0x11b _build/nrfx_pwm.o-debug
 *fill*         0x0000000000034a4b        0x1 
 .rodata        0x0000000000034a4c       0xdd _build/nrfx_saadc.o-debug
 *fill*         0x0000000000034b29        0x3 
 .rodata        0x0000000000034b2c       0xdc _build/nrfx_spim.o-debug
 .rodata        0x0000000000034c08       0x99 _build/nrfx_timer.o-debug
 *fill*         0x0000000000034ca1        0x3 
 .rodata        0x0000000000034ca4       0xdc _build/nrfx_twim.o-debug
 .rodata        0x0000000000034d80       0xdc _build/nrfx_uart.o-debug
 .rodata        0x0000000000034e5c       0xdd _build/nrfx_uarte.o-debug
 *fill*         0x0000000000034f39        0x3 
 .rodata        0x0000000000034f3c      0x157 _build/nrf_ble_gatt.o-debug
 *fill*         0x0000000000035093        0x1 
 .rodata        0x0000000000035094       0xc8 _build/nrf_sdh.o-debug
 .rodata.sdh_stack_observers
                0x000000000003515c        0xc _build/nrf_sdh.o-debug
 .rodata        0x0000000000035168      0x34a _build/nrf_sdh_ble.o-debug
 *fill*         0x00000000000354b2        0x2 
 .rodata.sdh_ble_observers
                0x00000000000354b4        0xc _build/nrf_sdh_ble.o-debug
 .rodata        0x00000000000354c0       0xf4 _build/simple_ble.o-debug
 .rodata._global_impure_ptr
                0x00000000000355b4        0x4 /usr/bin/../lib/gcc/arm-none-eabi/7.3.1/../../../../arm-none-eabi/lib/thumb/v7e-m/fpv4-sp/hard/libc.a(lib_a-impure.o)
                0x00000000000355b4                _global_impure_ptr
 .rodata._setlocale_r.str1.4
                0x00000000000355b8        0xa /usr/bin/../lib/gcc/arm-none-eabi/7.3.1/../../../../arm-none-eabi/lib/thumb/v7e-m/fpv4-sp/hard/libc.a(lib_a-locale.o)
                                          0xd (size before relaxing)
 *fill*         0x00000000000355c2        0x2 
 .rodata.str1.4
                0x00000000000355c4        0x2 /usr/bin/../lib/gcc/arm-none-eabi/7.3.1/../../../../arm-none-eabi/lib/thumb/v7e-m/fpv4-sp/hard/libc.a(lib_a-locale.o)
 *fill*         0x00000000000355c6        0x2 
 .rodata._vfprintf_r.str1.4
                0x00000000000355c8       0x42 /usr/bin/../lib/gcc/arm-none-eabi/7.3.1/../../../../arm-none-eabi/lib/thumb/v7e-m/fpv4-sp/hard/libc.a(lib_a-vfprintf.o)
 *fill*         0x000000000003560a        0x2 
 .rodata.blanks.8605
                0x000000000003560c       0x10 /usr/bin/../lib/gcc/arm-none-eabi/7.3.1/../../../../arm-none-eabi/lib/thumb/v7e-m/fpv4-sp/hard/libc.a(lib_a-vfprintf.o)
 .rodata.zeroes.8606
                0x000000000003561c       0x10 /usr/bin/../lib/gcc/arm-none-eabi/7.3.1/../../../../arm-none-eabi/lib/thumb/v7e-m/fpv4-sp/hard/libc.a(lib_a-vfprintf.o)
 .rodata._ctype_
                0x000000000003562c      0x101 /usr/bin/../lib/gcc/arm-none-eabi/7.3.1/../../../../arm-none-eabi/lib/thumb/v7e-m/fpv4-sp/hard/libc.a(lib_a-ctype_.o)
                0x000000000003562c                _ctype_
 *fill*         0x000000000003572d        0x3 
 .rodata._dtoa_r.str1.4
                0x0000000000035730       0x10 /usr/bin/../lib/gcc/arm-none-eabi/7.3.1/../../../../arm-none-eabi/lib/thumb/v7e-m/fpv4-sp/hard/libc.a(lib_a-dtoa.o)
                                         0x12 (size before relaxing)
 .rodata.__mprec_bigtens
                0x0000000000035740       0x28 /usr/bin/../lib/gcc/arm-none-eabi/7.3.1/../../../../arm-none-eabi/lib/thumb/v7e-m/fpv4-sp/hard/libc.a(lib_a-mprec.o)
                0x0000000000035740                __mprec_bigtens
 .rodata.__mprec_tens
                0x0000000000035768       0xc8 /usr/bin/../lib/gcc/arm-none-eabi/7.3.1/../../../../arm-none-eabi/lib/thumb/v7e-m/fpv4-sp/hard/libc.a(lib_a-mprec.o)
                0x0000000000035768                __mprec_tens
 .rodata.p05.7367
                0x0000000000035830        0xc /usr/bin/../lib/gcc/arm-none-eabi/7.3.1/../../../../arm-none-eabi/lib/thumb/v7e-m/fpv4-sp/hard/libc.a(lib_a-mprec.o)
 *(.eh_frame*)
 .eh_frame      0x000000000003583c        0x0 /usr/bin/../lib/gcc/arm-none-eabi/7.3.1/thumb/v7e-m/fpv4-sp/hard/crtbegin.o
 .eh_frame      0x000000000003583c        0x4 /usr/bin/../lib/gcc/arm-none-eabi/7.3.1/thumb/v7e-m/fpv4-sp/hard/crtend.o

.glue_7         0x0000000000035840        0x0
 .glue_7        0x0000000000035840        0x0 linker stubs

.glue_7t        0x0000000000035840        0x0
 .glue_7t       0x0000000000035840        0x0 linker stubs

.vfp11_veneer   0x0000000000035840        0x0
 .vfp11_veneer  0x0000000000035840        0x0 linker stubs

.v4_bx          0x0000000000035840        0x0
 .v4_bx         0x0000000000035840        0x0 linker stubs

.iplt           0x0000000000035840        0x0
 .iplt          0x0000000000035840        0x0 /usr/bin/../lib/gcc/arm-none-eabi/7.3.1/thumb/v7e-m/fpv4-sp/hard/crtbegin.o

.mem_section_dummy_rom

.sdh_soc_observers
                0x0000000000035840       0x10
                [!provide]                        PROVIDE (__start_sdh_soc_observers = .)
 *(SORT_BY_NAME(.sdh_soc_observers*))
 .sdh_soc_observers0
                0x0000000000035840        0x8 _build/nrf_drv_clock.o-debug
 .sdh_soc_observers1
                0x0000000000035848        0x8 _build/simple_ble.o-debug
                [!provide]                        PROVIDE (__stop_sdh_soc_observers = .)

.crypto_data    0x0000000000035850        0x0
                [!provide]                        PROVIDE (__start_crypto_data = .)
 *(SORT_BY_NAME(.crypto_data*))
                [!provide]                        PROVIDE (__stop_crypto_data = .)

.log_const_data
                0x0000000000035850       0x98
                0x0000000000035850                PROVIDE (__start_log_const_data = .)
 *(SORT_BY_NAME(.log_const_data*))
 .log_const_data_CLOCK
                0x0000000000035850        0x8 _build/nrfx_clock.o-debug
                0x0000000000035850                m_nrf_log_CLOCK_logs_data_const
 .log_const_data_GPIOTE
                0x0000000000035858        0x8 _build/nrfx_gpiote.o-debug
                0x0000000000035858                m_nrf_log_GPIOTE_logs_data_const
 .log_const_data_PPI
                0x0000000000035860        0x8 _build/nrfx_ppi.o-debug
                0x0000000000035860                m_nrf_log_PPI_logs_data_const
 .log_const_data_PRS
                0x0000000000035868        0x8 _build/nrfx_prs.o-debug
                0x0000000000035868                m_nrf_log_PRS_logs_data_const
 .log_const_data_PWM
                0x0000000000035870        0x8 _build/nrfx_pwm.o-debug
                0x0000000000035870                m_nrf_log_PWM_logs_data_const
 .log_const_data_SAADC
                0x0000000000035878        0x8 _build/nrfx_saadc.o-debug
                0x0000000000035878                m_nrf_log_SAADC_logs_data_const
 .log_const_data_SPIM
                0x0000000000035880        0x8 _build/nrfx_spim.o-debug
                0x0000000000035880                m_nrf_log_SPIM_logs_data_const
 .log_const_data_TIMER
                0x0000000000035888        0x8 _build/nrfx_timer.o-debug
                0x0000000000035888                m_nrf_log_TIMER_logs_data_const
 .log_const_data_TWIM
                0x0000000000035890        0x8 _build/nrfx_twim.o-debug
                0x0000000000035890                m_nrf_log_TWIM_logs_data_const
 .log_const_data_UART
                0x0000000000035898        0x8 _build/nrfx_uart.o-debug
                0x0000000000035898                m_nrf_log_UART_logs_data_const
 .log_const_data_UARTE
                0x00000000000358a0        0x8 _build/nrfx_uarte.o-debug
                0x00000000000358a0                m_nrf_log_UARTE_logs_data_const
 .log_const_data_app
                0x00000000000358a8        0x8 _build/nrf_log_frontend.o-debug
                0x00000000000358a8                m_nrf_log_app_logs_data_const
 .log_const_data_clock
                0x00000000000358b0        0x8 _build/nrf_drv_clock.o-debug
                0x00000000000358b0                m_nrf_log_clock_logs_data_const
 .log_const_data_hardfault
                0x00000000000358b8        0x8 _build/hardfault_implementation.o-debug
                0x00000000000358b8                m_nrf_log_hardfault_logs_data_const
 .log_const_data_nrf_ble_gatt
                0x00000000000358c0        0x8 _build/nrf_ble_gatt.o-debug
                0x00000000000358c0                m_nrf_log_nrf_ble_gatt_logs_data_const
 .log_const_data_nrf_fstorage
                0x00000000000358c8        0x8 _build/nrf_fstorage.o-debug
                0x00000000000358c8                m_nrf_log_nrf_fstorage_logs_data_const
 .log_const_data_nrf_sdh
                0x00000000000358d0        0x8 _build/nrf_sdh.o-debug
                0x00000000000358d0                m_nrf_log_nrf_sdh_logs_data_const
 .log_const_data_nrf_sdh_ble
                0x00000000000358d8        0x8 _build/nrf_sdh_ble.o-debug
                0x00000000000358d8                m_nrf_log_nrf_sdh_ble_logs_data_const
 .log_const_data_pwr_mgmt
                0x00000000000358e0        0x8 _build/nrf_pwr_mgmt.o-debug
                0x00000000000358e0                m_nrf_log_pwr_mgmt_logs_data_const
                0x00000000000358e8                PROVIDE (__stop_log_const_data = .)

.nrf_balloc     0x00000000000358e8       0x14
                [!provide]                        PROVIDE (__start_nrf_balloc = .)
 *(.nrf_balloc)
 .nrf_balloc    0x00000000000358e8       0x14 _build/nrf_log_frontend.o-debug
                0x00000000000358e8                log_mempool
                [!provide]                        PROVIDE (__stop_nrf_balloc = .)

.nrf_queue      0x00000000000358fc       0x28
                [!provide]                        PROVIDE (__start_nrf_queue = .)
 *(.nrf_queue)
 .nrf_queue     0x00000000000358fc       0x28 _build/kobukiUtilities.o-debug
                0x00000000000358fc                serial_queues_rxq
                0x0000000000035910                serial_queues_txq
                [!provide]                        PROVIDE (__stop_nrf_queue = .)

.sdh_state_observers
                0x0000000000035924        0x8
                0x0000000000035924                PROVIDE (__start_sdh_state_observers = .)
 *(SORT_BY_NAME(.sdh_state_observers*))
 .sdh_state_observers0
                0x0000000000035924        0x8 _build/nrf_drv_clock.o-debug
                0x000000000003592c                PROVIDE (__stop_sdh_state_observers = .)

.sdh_stack_observers
                0x000000000003592c        0x8
                0x000000000003592c                PROVIDE (__start_sdh_stack_observers = .)
 *(SORT_BY_NAME(.sdh_stack_observers*))
 .sdh_stack_observers0
                0x000000000003592c        0x8 _build/nrf_sdh_ble.o-debug
                0x0000000000035934                PROVIDE (__stop_sdh_stack_observers = .)

.sdh_req_observers
                0x0000000000035934        0x0
                0x0000000000035934                PROVIDE (__start_sdh_req_observers = .)
 *(SORT_BY_NAME(.sdh_req_observers*))
                0x0000000000035934                PROVIDE (__stop_sdh_req_observers = .)

.cli_command    0x0000000000035934        0x0
                [!provide]                        PROVIDE (__start_cli_command = .)
 *(.cli_command)
                [!provide]                        PROVIDE (__stop_cli_command = .)

.pwr_mgmt_data  0x0000000000035934        0x0
                0x0000000000035934                PROVIDE (__start_pwr_mgmt_data = .)
 *(SORT_BY_NAME(.pwr_mgmt_data*))
                0x0000000000035934                PROVIDE (__stop_pwr_mgmt_data = .)

.sdh_ble_observers
                0x0000000000035934       0x28
                0x0000000000035934                PROVIDE (__start_sdh_ble_observers = .)
 *(SORT_BY_NAME(.sdh_ble_observers*))
 .sdh_ble_observers1
                0x0000000000035934        0x8 _build/ble_conn_params.o-debug
 .sdh_ble_observers1
                0x000000000003593c       0x10 _build/simple_ble.o-debug
 .sdh_ble_observers2
                0x000000000003594c        0x8 _build/simple_ble.o-debug
 .sdh_ble_observers3
                0x0000000000035954        0x8 _build/simple_ble.o-debug
                0x000000000003595c                PROVIDE (__stop_sdh_ble_observers = .)

.log_backends   0x000000000003595c       0x10
 .log_backends  0x000000000003595c       0x10 _build/nrf_log_default_backends.o-debug

.dfu_trans      0x000000000003596c        0x0
                [!provide]                        PROVIDE (__start_dfu_trans = .)
 *(SORT_BY_NAME(.dfu_trans*))
                [!provide]                        PROVIDE (__stop_dfu_trans = .)

.ARM.extab
 *(.ARM.extab* .gnu.linkonce.armextab.*)
                0x000000000003596c                __exidx_start = .

.ARM.exidx      0x000000000003596c        0x8
 *(.ARM.exidx* .gnu.linkonce.armexidx.*)
 .ARM.exidx     0x000000000003596c        0x8 /usr/bin/../lib/gcc/arm-none-eabi/7.3.1/../../../../arm-none-eabi/lib/thumb/v7e-m/fpv4-sp/hard/crt0.o
 .ARM.exidx     0x0000000000035974        0x0 /usr/bin/../lib/gcc/arm-none-eabi/7.3.1/thumb/v7e-m/fpv4-sp/hard/libgcc.a(_udivmoddi4.o)
                                          0x8 (size before relaxing)
                0x0000000000035974                __exidx_end = .
                0x0000000000035974                __etext = .

.rel.dyn        0x0000000000035974        0x0
 .rel.iplt      0x0000000000035974        0x0 /usr/bin/../lib/gcc/arm-none-eabi/7.3.1/thumb/v7e-m/fpv4-sp/hard/crtbegin.o

.data           0x00000000200098a8      0xa70 load address 0x0000000000035974
                0x00000000200098a8                __data_start__ = .
 *(vtable)
 *(.data*)
 .data.cfsr_msgs.9468
                0x00000000200098a8       0x68 _build/hardfault_implementation.o-debug
 .data.log_backend_cb_rtt_log_backend
                0x0000000020009910        0x8 _build/nrf_log_default_backends.o-debug
 .data.severity_names
                0x0000000020009918       0x14 _build/nrf_log_str_formatter.o-debug
 .data.m_colors
                0x000000002000992c       0x24 _build/nrf_log_str_formatter.o-debug
 .data.m_scan_buffer
                0x0000000020009950        0x8 _build/simple_ble.o-debug
 .data.SystemCoreClock
                0x0000000020009958        0x4 _build/system_nrf52.o-debug
                0x0000000020009958                SystemCoreClock
 .data._impure_ptr
                0x000000002000995c        0x4 /usr/bin/../lib/gcc/arm-none-eabi/7.3.1/../../../../arm-none-eabi/lib/thumb/v7e-m/fpv4-sp/hard/libc.a(lib_a-impure.o)
                0x000000002000995c                _impure_ptr
 .data.impure_data
                0x0000000020009960      0x428 /usr/bin/../lib/gcc/arm-none-eabi/7.3.1/../../../../arm-none-eabi/lib/thumb/v7e-m/fpv4-sp/hard/libc.a(lib_a-impure.o)
 .data.__global_locale
                0x0000000020009d88      0x16c /usr/bin/../lib/gcc/arm-none-eabi/7.3.1/../../../../arm-none-eabi/lib/thumb/v7e-m/fpv4-sp/hard/libc.a(lib_a-locale.o)
                0x0000000020009d88                __global_locale
 .data.__atexit_recursive_mutex
                0x0000000020009ef4        0x4 /usr/bin/../lib/gcc/arm-none-eabi/7.3.1/../../../../arm-none-eabi/lib/thumb/v7e-m/fpv4-sp/hard/libc.a(lib_a-__call_atexit.o)
                0x0000000020009ef4                __atexit_recursive_mutex
 .data.__malloc_av_
                0x0000000020009ef8      0x408 /usr/bin/../lib/gcc/arm-none-eabi/7.3.1/../../../../arm-none-eabi/lib/thumb/v7e-m/fpv4-sp/hard/libc.a(lib_a-mallocr.o)
                0x0000000020009ef8                __malloc_av_
 .data.__malloc_sbrk_base
                0x000000002000a300        0x4 /usr/bin/../lib/gcc/arm-none-eabi/7.3.1/../../../../arm-none-eabi/lib/thumb/v7e-m/fpv4-sp/hard/libc.a(lib_a-mallocr.o)
                0x000000002000a300                __malloc_sbrk_base
 .data.__malloc_trim_threshold
                0x000000002000a304        0x4 /usr/bin/../lib/gcc/arm-none-eabi/7.3.1/../../../../arm-none-eabi/lib/thumb/v7e-m/fpv4-sp/hard/libc.a(lib_a-mallocr.o)
                0x000000002000a304                __malloc_trim_threshold
                0x000000002000a308                . = ALIGN (0x4)
                0x000000002000a308                PROVIDE (__preinit_array_start = .)
 *(.preinit_array)
                0x000000002000a308                PROVIDE (__preinit_array_end = .)
                0x000000002000a308                . = ALIGN (0x4)
                0x000000002000a308                PROVIDE (__init_array_start = .)
 *(SORT_BY_NAME(.init_array.*))
 .init_array.00000
                0x000000002000a308        0x4 /usr/bin/../lib/gcc/arm-none-eabi/7.3.1/../../../../arm-none-eabi/lib/thumb/v7e-m/fpv4-sp/hard/libc.a(lib_a-__call_atexit.o)
 *(.init_array)
 .init_array    0x000000002000a30c        0x4 /usr/bin/../lib/gcc/arm-none-eabi/7.3.1/thumb/v7e-m/fpv4-sp/hard/crtbegin.o
 .init_array    0x000000002000a310        0x4 _build/before_startup.o-debug
                0x000000002000a314                PROVIDE (__init_array_end = .)
                0x000000002000a314                . = ALIGN (0x4)
                0x000000002000a314                PROVIDE (__fini_array_start = .)
 *(SORT_BY_NAME(.fini_array.*))
 *(.fini_array)
 .fini_array    0x000000002000a314        0x4 /usr/bin/../lib/gcc/arm-none-eabi/7.3.1/thumb/v7e-m/fpv4-sp/hard/crtbegin.o
                0x000000002000a318                PROVIDE (__fini_array_end = .)
 *(.jcr*)
                0x000000002000a318                . = ALIGN (0x4)
                0x000000002000a318                __data_end__ = .
LOAD /usr/bin/../lib/gcc/arm-none-eabi/7.3.1/thumb/v7e-m/fpv4-sp/hard/crti.o
LOAD /usr/bin/../lib/gcc/arm-none-eabi/7.3.1/thumb/v7e-m/fpv4-sp/hard/crtbegin.o
LOAD /usr/bin/../lib/gcc/arm-none-eabi/7.3.1/../../../../arm-none-eabi/lib/thumb/v7e-m/fpv4-sp/hard/crt0.o
START GROUP
LOAD _build/main.o-debug
LOAD _build/display.o-debug
LOAD _build/mpu9250.o-debug
LOAD _build/kobukiUART.o-debug
LOAD _build/kobukiSensor.o-debug
LOAD _build/kobukiUtilities.o-debug
LOAD _build/kobukiSensorPoll.o-debug
LOAD _build/kobukiActuator.o-debug
LOAD _build/better_error_handling.o-debug
LOAD _build/max44009.o-debug
LOAD _build/lsm9ds1.o-debug
LOAD _build/opt3004.o-debug
LOAD _build/SEGGER_RTT.o-debug
LOAD _build/SEGGER_RTT_Syscalls_GCC.o-debug
LOAD _build/SEGGER_RTT_printf.o-debug
LOAD _build/app_error.o-debug
LOAD _build/app_error_handler_gcc.o-debug
LOAD _build/app_pwm.o-debug
LOAD _build/app_scheduler.o-debug
LOAD _build/app_timer.o-debug
LOAD _build/app_uart.o-debug
LOAD _build/app_util_platform.o-debug
LOAD _build/before_startup.o-debug
LOAD _build/ff.o-debug
LOAD _build/hardfault_handler_gcc.o-debug
LOAD _build/hardfault_implementation.o-debug
LOAD _build/mmc_nrf.o-debug
LOAD _build/nrf_assert.o-debug
LOAD _build/nrf_atomic.o-debug
LOAD _build/nrf_balloc.o-debug
LOAD _build/nrf_drv_clock.o-debug
LOAD _build/nrf_drv_ppi.o-debug
LOAD _build/nrf_drv_spi.o-debug
LOAD _build/nrf_drv_twi.o-debug
LOAD _build/nrf_drv_uart.o-debug
LOAD _build/nrf_fprintf.o-debug
LOAD _build/nrf_fprintf_format.o-debug
LOAD _build/nrf_fstorage.o-debug
LOAD _build/nrf_log_backend_rtt.o-debug
LOAD _build/nrf_log_backend_serial.o-debug
LOAD _build/nrf_log_backend_uart.o-debug
LOAD _build/nrf_log_default_backends.o-debug
LOAD _build/nrf_log_frontend.o-debug
LOAD _build/nrf_log_str_formatter.o-debug
LOAD _build/nrf_memobj.o-debug
LOAD _build/nrf_pwr_mgmt.o-debug
LOAD _build/nrf_ringbuf.o-debug
LOAD _build/nrf_queue.o-debug
LOAD _build/nrf_section_iter.o-debug
LOAD _build/nrf_serial.o-debug
LOAD _build/nrf_strerror.o-debug
LOAD _build/nrf_twi_mngr.o-debug
LOAD _build/nrfx_clock.o-debug
LOAD _build/nrfx_gpiote.o-debug
LOAD _build/nrfx_ppi.o-debug
LOAD _build/nrfx_prs.o-debug
LOAD _build/nrfx_pwm.o-debug
LOAD _build/nrfx_saadc.o-debug
LOAD _build/nrfx_spi.o-debug
LOAD _build/nrfx_spim.o-debug
LOAD _build/nrfx_timer.o-debug
LOAD _build/nrfx_twi.o-debug
LOAD _build/nrfx_twim.o-debug
LOAD _build/nrfx_uart.o-debug
LOAD _build/nrfx_uarte.o-debug
LOAD _build/simple_logger.o-debug
LOAD _build/ble_advdata.o-debug
LOAD _build/ble_advertising.o-debug
LOAD _build/ble_conn_params.o-debug
LOAD _build/ble_srv_common.o-debug
LOAD _build/nrf_ble_gatt.o-debug
LOAD _build/nrf_ble_qwr.o-debug
LOAD _build/nrf_sdh.o-debug
LOAD _build/nrf_sdh_ble.o-debug
LOAD _build/simple_ble.o-debug
LOAD _build/system_nrf52.o-debug
LOAD _build/app_error_weak.o-debug
LOAD _build/gcc_startup_nrf52.os-debug
LOAD /usr/bin/../lib/gcc/arm-none-eabi/7.3.1/../../../../arm-none-eabi/lib/thumb/v7e-m/fpv4-sp/hard/libc.a
LOAD /usr/bin/../lib/gcc/arm-none-eabi/7.3.1/../../../../arm-none-eabi/lib/thumb/v7e-m/fpv4-sp/hard/libnosys.a
LOAD /usr/bin/../lib/gcc/arm-none-eabi/7.3.1/../../../../arm-none-eabi/lib/thumb/v7e-m/fpv4-sp/hard/libm.a
LOAD /usr/bin/../lib/gcc/arm-none-eabi/7.3.1/../../../../arm-none-eabi/lib/thumb/v7e-m/fpv4-sp/hard/libstdc++.a
END GROUP
START GROUP
LOAD /usr/bin/../lib/gcc/arm-none-eabi/7.3.1/thumb/v7e-m/fpv4-sp/hard/libgcc.a
LOAD /usr/bin/../lib/gcc/arm-none-eabi/7.3.1/../../../../arm-none-eabi/lib/thumb/v7e-m/fpv4-sp/hard/libc.a
END GROUP
LOAD /usr/bin/../lib/gcc/arm-none-eabi/7.3.1/thumb/v7e-m/fpv4-sp/hard/crtend.o
LOAD /usr/bin/../lib/gcc/arm-none-eabi/7.3.1/thumb/v7e-m/fpv4-sp/hard/crtn.o
START GROUP
LOAD /usr/bin/../lib/gcc/arm-none-eabi/7.3.1/thumb/v7e-m/fpv4-sp/hard/libgcc.a
LOAD /usr/bin/../lib/gcc/arm-none-eabi/7.3.1/../../../../arm-none-eabi/lib/thumb/v7e-m/fpv4-sp/hard/libc.a
LOAD /usr/bin/../lib/gcc/arm-none-eabi/7.3.1/../../../../arm-none-eabi/lib/thumb/v7e-m/fpv4-sp/hard/libnosys.a
END GROUP

.igot.plt       0x000000002000a318        0x0 load address 0x00000000000363e4
 .igot.plt      0x000000002000a318        0x0 /usr/bin/../lib/gcc/arm-none-eabi/7.3.1/thumb/v7e-m/fpv4-sp/hard/crtbegin.o

.bootloader_settings_page
                0x000000000007f000        0x0
                [!provide]                        PROVIDE (__start_bootloader_settings_page = .)
 *(SORT_BY_NAME(.bootloader_settings_page*))
                [!provide]                        PROVIDE (__stop_bootloader_settings_page = .)

.uicr_bootloader_start_address
                0x0000000010001014        0x0
                [!provide]                        PROVIDE (__start_uicr_bootloader_start_address = .)
 *(SORT_BY_NAME(.uicr_bootloader_start_address*))
                [!provide]                        PROVIDE (__stop_uicr_bootloader_start_address = .)
                0x0000000010001014                . = ALIGN (0x4)

.mem_section_dummy_ram

.log_dynamic_data
                0x000000002000a318        0x0
                0x000000002000a318                PROVIDE (__start_log_dynamic_data = .)
 *(SORT_BY_NAME(.log_dynamic_data*))