Archive member included to satisfy reference by file (symbol)

/usr/bin/../lib/gcc/arm-none-eabi/7.3.1/../../../../arm-none-eabi/lib/thumb/v7e-m/fpv4-sp/hard/libc.a(lib_a-abs.o)
                              _build/kobukiActuator.o-debug (abs)
/usr/bin/../lib/gcc/arm-none-eabi/7.3.1/../../../../arm-none-eabi/lib/thumb/v7e-m/fpv4-sp/hard/libc.a(lib_a-exit.o)
                              /usr/bin/../lib/gcc/arm-none-eabi/7.3.1/../../../../arm-none-eabi/lib/thumb/v7e-m/fpv4-sp/hard/crt0.o (exit)
/usr/bin/../lib/gcc/arm-none-eabi/7.3.1/../../../../arm-none-eabi/lib/thumb/v7e-m/fpv4-sp/hard/libc.a(lib_a-impure.o)
                              /usr/bin/../lib/gcc/arm-none-eabi/7.3.1/../../../../arm-none-eabi/lib/thumb/v7e-m/fpv4-sp/hard/libc.a(lib_a-exit.o) (_global_impure_ptr)
/usr/bin/../lib/gcc/arm-none-eabi/7.3.1/../../../../arm-none-eabi/lib/thumb/v7e-m/fpv4-sp/hard/libc.a(lib_a-init.o)
                              /usr/bin/../lib/gcc/arm-none-eabi/7.3.1/../../../../arm-none-eabi/lib/thumb/v7e-m/fpv4-sp/hard/crt0.o (__libc_init_array)
/usr/bin/../lib/gcc/arm-none-eabi/7.3.1/../../../../arm-none-eabi/lib/thumb/v7e-m/fpv4-sp/hard/libc.a(lib_a-locale.o)
                              _build/nrf_log_str_formatter.o-debug (__locale_ctype_ptr)
/usr/bin/../lib/gcc/arm-none-eabi/7.3.1/../../../../arm-none-eabi/lib/thumb/v7e-m/fpv4-sp/hard/libc.a(lib_a-mbtowc_r.o)
                              /usr/bin/../lib/gcc/arm-none-eabi/7.3.1/../../../../arm-none-eabi/lib/thumb/v7e-m/fpv4-sp/hard/libc.a(lib_a-locale.o) (__ascii_mbtowc)
/usr/bin/../lib/gcc/arm-none-eabi/7.3.1/../../../../arm-none-eabi/lib/thumb/v7e-m/fpv4-sp/hard/libc.a(lib_a-memcmp.o)
                              _build/nrf_twi_mngr.o-debug (memcmp)
/usr/bin/../lib/gcc/arm-none-eabi/7.3.1/../../../../arm-none-eabi/lib/thumb/v7e-m/fpv4-sp/hard/libc.a(lib_a-memcpy.o)
                              _build/kobukiUART.o-debug (memcpy)
/usr/bin/../lib/gcc/arm-none-eabi/7.3.1/../../../../arm-none-eabi/lib/thumb/v7e-m/fpv4-sp/hard/libc.a(lib_a-memset.o)
                              /usr/bin/../lib/gcc/arm-none-eabi/7.3.1/../../../../arm-none-eabi/lib/thumb/v7e-m/fpv4-sp/hard/crt0.o (memset)
/usr/bin/../lib/gcc/arm-none-eabi/7.3.1/../../../../arm-none-eabi/lib/thumb/v7e-m/fpv4-sp/hard/libc.a(lib_a-printf.o)
                              _build/main.o-debug (printf)
/usr/bin/../lib/gcc/arm-none-eabi/7.3.1/../../../../arm-none-eabi/lib/thumb/v7e-m/fpv4-sp/hard/libc.a(lib_a-setbuf.o)
                              _build/before_startup.o-debug (setbuf)
/usr/bin/../lib/gcc/arm-none-eabi/7.3.1/../../../../arm-none-eabi/lib/thumb/v7e-m/fpv4-sp/hard/libc.a(lib_a-setvbuf.o)
                              /usr/bin/../lib/gcc/arm-none-eabi/7.3.1/../../../../arm-none-eabi/lib/thumb/v7e-m/fpv4-sp/hard/libc.a(lib_a-setbuf.o) (setvbuf)
/usr/bin/../lib/gcc/arm-none-eabi/7.3.1/../../../../arm-none-eabi/lib/thumb/v7e-m/fpv4-sp/hard/libc.a(lib_a-strcmp.o)
                              /usr/bin/../lib/gcc/arm-none-eabi/7.3.1/../../../../arm-none-eabi/lib/thumb/v7e-m/fpv4-sp/hard/libc.a(lib_a-locale.o) (strcmp)
/usr/bin/../lib/gcc/arm-none-eabi/7.3.1/../../../../arm-none-eabi/lib/thumb/v7e-m/fpv4-sp/hard/libc.a(lib_a-strcpy.o)
                              _build/SEGGER_RTT.o-debug (strcpy)
/usr/bin/../lib/gcc/arm-none-eabi/7.3.1/../../../../arm-none-eabi/lib/thumb/v7e-m/fpv4-sp/hard/libc.a(lib_a-strlen.o)
                              _build/display.o-debug (strlen)
/usr/bin/../lib/gcc/arm-none-eabi/7.3.1/../../../../arm-none-eabi/lib/thumb/v7e-m/fpv4-sp/hard/libc.a(lib_a-vfprintf.o)
                              /usr/bin/../lib/gcc/arm-none-eabi/7.3.1/../../../../arm-none-eabi/lib/thumb/v7e-m/fpv4-sp/hard/libc.a(lib_a-printf.o) (_vfprintf_r)
/usr/bin/../lib/gcc/arm-none-eabi/7.3.1/../../../../arm-none-eabi/lib/thumb/v7e-m/fpv4-sp/hard/libc.a(lib_a-vsnprintf.o)
                              _build/simple_logger.o-debug (vsnprintf)
/usr/bin/../lib/gcc/arm-none-eabi/7.3.1/../../../../arm-none-eabi/lib/thumb/v7e-m/fpv4-sp/hard/libc.a(lib_a-wctomb_r.o)
                              /usr/bin/../lib/gcc/arm-none-eabi/7.3.1/../../../../arm-none-eabi/lib/thumb/v7e-m/fpv4-sp/hard/libc.a(lib_a-locale.o) (__ascii_wctomb)
/usr/bin/../lib/gcc/arm-none-eabi/7.3.1/../../../../arm-none-eabi/lib/thumb/v7e-m/fpv4-sp/hard/libc.a(lib_a-wsetup.o)
                              /usr/bin/../lib/gcc/arm-none-eabi/7.3.1/../../../../arm-none-eabi/lib/thumb/v7e-m/fpv4-sp/hard/libc.a(lib_a-vfprintf.o) (__swsetup_r)
/usr/bin/../lib/gcc/arm-none-eabi/7.3.1/../../../../arm-none-eabi/lib/thumb/v7e-m/fpv4-sp/hard/libc.a(lib_a-__call_atexit.o)
                              /usr/bin/../lib/gcc/arm-none-eabi/7.3.1/../../../../arm-none-eabi/lib/thumb/v7e-m/fpv4-sp/hard/libc.a(lib_a-exit.o) (__call_exitprocs)
/usr/bin/../lib/gcc/arm-none-eabi/7.3.1/../../../../arm-none-eabi/lib/thumb/v7e-m/fpv4-sp/hard/libc.a(lib_a-atexit.o)
[...]
Memory Configuration

Name             Origin             Length             Attributes
FLASH            0x0000000000026000 0x0000000000059000 xr
RAM              0x00000000200098a8 0x0000000000006758 xrw
bootloader_settings_page 0x000000000007f000 0x0000000000001000 r
uicr_bootloader_start_address 0x0000000010001014 0x0000000000000004 r
*default*        0x0000000000000000 0xffffffffffffffff

Linker script and memory map


.text           0x0000000000026000     0xf890
 *(.isr_vector)
 .isr_vector    0x0000000000026000      0x200 _build/gcc_startup_nrf52.os-debug
                0x0000000000026000                __isr_vector
 *(.text*)
 .text          0x0000000000026200       0x40 /usr/bin/../lib/gcc/arm-none-eabi/7.3.1/thumb/v7e-m/fpv4-sp/hard/crtbegin.o
 .text          0x0000000000026240       0x74 /usr/bin/../lib/gcc/arm-none-eabi/7.3.1/../../../../arm-none-eabi/lib/thumb/v7e-m/fpv4-sp/hard/crt0.o
                0x0000000000026240                _mainCRTStartup
                0x0000000000026240                _start
 .text.nrfx_coredep_delay_us
                0x00000000000262b4       0x30 _build/main.o-debug
 .text.nrf_delay_ms
                0x00000000000262e4       0x2a _build/main.o-debug
 *fill*         0x000000000002630e        0x2 
 .text.main     0x0000000000026310       0x7c _build/main.o-debug
                0x0000000000026310                main
 .text.nrfx_coredep_delay_us
                0x000000000002638c       0x30 _build/better_error_handling.o-debug
 .text.nrf_delay_ms
                0x00000000000263bc       0x2a _build/better_error_handling.o-debug
 *fill*         0x00000000000263e6        0x2 
 .text.app_error_fault_handler
                0x00000000000263e8      0x1b0 _build/better_error_handling.o-debug
                0x00000000000263e8                app_error_fault_handler
 .text.HardFault_process
                0x0000000000026598       0xf4 _build/better_error_handling.o-debug
                0x0000000000026598                HardFault_process
 .text._DoInit  0x000000000002668c       0x9c _build/SEGGER_RTT.o-debug
 .text._WriteBlocking
                0x0000000000026728       0xb2 _build/SEGGER_RTT.o-debug
 .text._WriteNoCheck
                0x00000000000267da       0x7e _build/SEGGER_RTT.o-debug
 .text._GetAvailWriteSpace
                0x0000000000026858       0x3c _build/SEGGER_RTT.o-debug
 .text.SEGGER_RTT_WriteNoLock
                0x0000000000026894       0x9c _build/SEGGER_RTT.o-debug
                0x0000000000026894                SEGGER_RTT_WriteNoLock
 .text.SEGGER_RTT_Write
                0x0000000000026930       0x4c _build/SEGGER_RTT.o-debug
                0x0000000000026930                SEGGER_RTT_Write
 .text.SEGGER_RTT_Init
                0x000000000002697c        0xa _build/SEGGER_RTT.o-debug
                0x000000000002697c                SEGGER_RTT_Init
 .text._write_r
                0x0000000000026986       0x20 _build/SEGGER_RTT_Syscalls_GCC.o-debug
                0x0000000000026986                _write_r
 .text.app_error_handler
                0x00000000000269a6       0x1c _build/app_error_handler_gcc.o-debug
                0x00000000000269a6                app_error_handler
 *fill*         0x00000000000269c2        0x2 
 .text.NVIC_EnableIRQ
                0x00000000000269c4       0x2c _build/app_timer.o-debug
 .text.NVIC_SetPendingIRQ
                0x00000000000269f0       0x30 _build/app_timer.o-debug
 .text.NVIC_ClearPendingIRQ
                0x0000000000026a20       0x30 _build/app_timer.o-debug
 .text.nrfx_coredep_delay_us
                0x0000000000026a50       0x30 _build/app_timer.o-debug
 .text.rtc1_start
                0x0000000000026a80       0x40 _build/app_timer.o-debug
 .text.rtc1_counter_get
                0x0000000000026ac0       0x10 _build/app_timer.o-debug
 .text.ticks_diff_get
                0x0000000000026ad0       0x16 _build/app_timer.o-debug
 *fill*         0x0000000000026ae6        0x2 
 .text.rtc1_compare0_set
                0x0000000000026ae8       0x18 _build/app_timer.o-debug
 .text.timer_list_insert
                0x0000000000026b00       0xac _build/app_timer.o-debug
 .text.timer_list_remove
                0x0000000000026bac       0xc0 _build/app_timer.o-debug
 .text.timer_timeouts_check_sched
                0x0000000000026c6c        0xc _build/app_timer.o-debug
 .text.timer_list_handler_sched
                0x0000000000026c78        0xc _build/app_timer.o-debug
 .text.timeout_handler_exec
                0x0000000000026c84       0x1a _build/app_timer.o-debug
 *fill*         0x0000000000026c9e        0x2 
 .text.timer_timeouts_check
                0x0000000000026ca0       0xc8 _build/app_timer.o-debug
 .text.elapsed_ticks_acquire
                0x0000000000026d68       0x78 _build/app_timer.o-debug
 .text.expired_timers_handler
                0x0000000000026de0       0x94 _build/app_timer.o-debug
 .text.list_insertions_handler
                0x0000000000026e74      0x1bc _build/app_timer.o-debug
 .text.compare_reg_update
                0x0000000000027030       0xa8 _build/app_timer.o-debug
 .text.timer_list_handler
                0x00000000000270d8       0x80 _build/app_timer.o-debug
 .text.user_op_enque
                0x0000000000027158       0x1c _build/app_timer.o-debug
 .text.user_op_alloc
                0x0000000000027174       0x5c _build/app_timer.o-debug
 .text.timer_start_op_schedule
                0x00000000000271d0       0x88 _build/app_timer.o-debug
 .text.timer_stop_op_schedule
                0x0000000000027258       0x6e _build/app_timer.o-debug
 *fill*         0x00000000000272c6        0x2 
 .text.RTC1_IRQHandler
                0x00000000000272c8       0x40 _build/app_timer.o-debug
                0x00000000000272c8                RTC1_IRQHandler
 .text.SWI0_EGU0_IRQHandler
                0x0000000000027308        0xa _build/app_timer.o-debug
                0x0000000000027308                SWI0_EGU0_IRQHandler
 *fill*         0x0000000000027312        0x2 
 .text.app_timer_start
                0x0000000000027314       0x64 _build/app_timer.o-debug
                0x0000000000027314                app_timer_start
 .text.app_timer_stop
                0x0000000000027378       0x44 _build/app_timer.o-debug
                0x0000000000027378                app_timer_stop
 .text.__sd_nvic_irq_disable
                0x00000000000273bc       0x16 _build/app_util_platform.o-debug
 .text.__sd_nvic_irq_enable
                0x00000000000273d2        0x6 _build/app_util_platform.o-debug
 .text.sd_nvic_critical_region_enter
                0x00000000000273d8       0x74 _build/app_util_platform.o-debug
 .text.sd_nvic_critical_region_exit
                0x000000000002744c       0x54 _build/app_util_platform.o-debug
 .text.app_util_critical_region_enter
                0x00000000000274a0       0x2c _build/app_util_platform.o-debug
                0x00000000000274a0                app_util_critical_region_enter
 .text.app_util_critical_region_exit
                0x00000000000274cc       0x34 _build/app_util_platform.o-debug
                0x00000000000274cc                app_util_critical_region_exit
 .text.privilege_level_get
                0x0000000000027500       0x3a _build/app_util_platform.o-debug
                0x0000000000027500                privilege_level_get
 *fill*         0x000000000002753a        0x2 
 .text.called_first
                0x000000000002753c       0x18 _build/before_startup.o-debug
                0x000000000002753c                called_first
 .text.HardFault_Handler
                0x0000000000027554       0x38 _build/hardfault_handler_gcc.o-debug
                0x0000000000027554                HardFault_Handler
 .text.HardFault_c_handler
                0x000000000002758c      0x1b0 _build/hardfault_implementation.o-debug
                0x000000000002758c                HardFault_c_handler
 .text.nrf_atomic_u32_fetch_store
                0x000000000002773c       0x2e _build/nrf_atomic.o-debug
                0x000000000002773c                nrf_atomic_u32_fetch_store
 .text.nrf_atomic_u32_or
                0x000000000002776a       0x30 _build/nrf_atomic.o-debug
                0x000000000002776a                nrf_atomic_u32_or
 .text.nrf_atomic_u32_fetch_and
                0x000000000002779a       0x30 _build/nrf_atomic.o-debug
                0x000000000002779a                nrf_atomic_u32_fetch_and
 .text.nrf_atomic_u32_add
                0x00000000000277ca       0x30 _build/nrf_atomic.o-debug
                0x00000000000277ca                nrf_atomic_u32_add
 .text.nrf_atomic_u32_sub
                0x00000000000277fa       0x30 _build/nrf_atomic.o-debug
                0x00000000000277fa                nrf_atomic_u32_sub
 .text.nrf_atomic_flag_set
                0x000000000002782a       0x18 _build/nrf_atomic.o-debug
                0x000000000002782a                nrf_atomic_flag_set
 .text.nrf_atomic_flag_clear_fetch
                0x0000000000027842       0x18 _build/nrf_atomic.o-debug
                0x0000000000027842                nrf_atomic_flag_clear_fetch
 *fill*         0x000000000002785a        0x2 
 .text.nrf_balloc_idx2block
                0x000000000002785c       0x38 _build/nrf_balloc.o-debug
 .text.nrf_balloc_block2idx
                0x0000000000027894       0x34 _build/nrf_balloc.o-debug
 .text.nrf_balloc_init
                0x00000000000278c8       0xb8 _build/nrf_balloc.o-debug
                0x00000000000278c8                nrf_balloc_init
 .text.nrf_balloc_alloc
                0x0000000000027980       0x94 _build/nrf_balloc.o-debug
                0x0000000000027980                nrf_balloc_alloc
 .text.nrf_balloc_free
                0x0000000000027a14       0x68 _build/nrf_balloc.o-debug
                0x0000000000027a14                nrf_balloc_free
 .text.NVIC_DisableIRQ
                0x0000000000027a7c       0x30 _build/nrf_drv_clock.o-debug
 .text.lfclk_stop
                0x0000000000027aac       0x30 _build/nrf_drv_clock.o-debug
 .text.nrf_drv_clock_init
                0x0000000000027adc       0x64 _build/nrf_drv_clock.o-debug
                0x0000000000027adc                nrf_drv_clock_init
 .text.item_dequeue
                0x0000000000027b40       0x20 _build/nrf_drv_clock.o-debug
 .text.nrf_drv_clock_lfclk_release
                0x0000000000027b60       0x68 _build/nrf_drv_clock.o-debug
                0x0000000000027b60                nrf_drv_clock_lfclk_release
 .text.clock_clk_started_notify
                0x0000000000027bc8       0x4c _build/nrf_drv_clock.o-debug
 .text.clock_irq_handler
                0x0000000000027c14       0x40 _build/nrf_drv_clock.o-debug
 .text.soc_evt_handler
                0x0000000000027c54       0x28 _build/nrf_drv_clock.o-debug
 .text.sd_state_evt_handler
                0x0000000000027c7c       0x90 _build/nrf_drv_clock.o-debug
 .text.nrf_fprintf_buffer_flush
                0x0000000000027d0c       0x44 _build/nrf_fprintf.o-debug
                0x0000000000027d0c                nrf_fprintf_buffer_flush
 .text.nrf_fprintf
                0x0000000000027d50       0x74 _build/nrf_fprintf.o-debug
                0x0000000000027d50                nrf_fprintf
 .text.buffer_add
                0x0000000000027dc4       0x3c _build/nrf_fprintf_format.o-debug
 .text.string_print
                0x0000000000027e00       0xc2 _build/nrf_fprintf_format.o-debug
 *fill*         0x0000000000027ec2        0x2 
 .text.unsigned_print
                0x0000000000027ec4      0x130 _build/nrf_fprintf_format.o-debug
 .text.int_print
                0x0000000000027ff4      0x11c _build/nrf_fprintf_format.o-debug
 .text.nrf_fprintf_fmt
                0x0000000000028110      0x43c _build/nrf_fprintf_format.o-debug
                0x0000000000028110                nrf_fprintf_fmt
 .text.nrfx_coredep_delay_us
                0x000000000002854c       0x30 _build/nrf_log_backend_rtt.o-debug
 .text.nrf_delay_ms
                0x000000000002857c       0x2a _build/nrf_log_backend_rtt.o-debug
 .text.nrf_log_backend_rtt_init
                0x00000000000285a6        0xa _build/nrf_log_backend_rtt.o-debug
                0x00000000000285a6                nrf_log_backend_rtt_init
 .text.serial_tx
                0x00000000000285b0       0x84 _build/nrf_log_backend_rtt.o-debug
 .text.nrf_log_backend_rtt_put
                0x0000000000028634       0x28 _build/nrf_log_backend_rtt.o-debug
 .text.nrf_log_backend_rtt_flush
                0x000000000002865c        0xa _build/nrf_log_backend_rtt.o-debug
 .text.nrf_log_backend_rtt_panic_set
                0x0000000000028666        0xa _build/nrf_log_backend_rtt.o-debug
 .text.nrf_log_backend_serial_put
                0x0000000000028670      0x124 _build/nrf_log_backend_serial.o-debug
                0x0000000000028670                nrf_log_backend_serial_put
 .text.nrf_log_backend_enable
                0x0000000000028794       0x12 _build/nrf_log_default_backends.o-debug
 *fill*         0x00000000000287a6        0x2 
 .text.nrf_log_default_backends_init
                0x00000000000287a8       0x3c _build/nrf_log_default_backends.o-debug
                0x00000000000287a8                nrf_log_default_backends_init
 .text.nrf_log_backend_put
                0x00000000000287e4       0x1c _build/nrf_log_frontend.o-debug
 .text.nrf_log_backend_panic_set
                0x0000000000028800       0x18 _build/nrf_log_frontend.o-debug
 .text.nrf_log_backend_flush
                0x0000000000028818       0x18 _build/nrf_log_frontend.o-debug
 .text.nrf_log_backend_id_set
                0x0000000000028830       0x1a _build/nrf_log_frontend.o-debug
 .text.nrf_log_backend_id_get
                0x000000000002884a       0x10 _build/nrf_log_frontend.o-debug
 .text.nrf_log_backend_enable
                0x000000000002885a       0x12 _build/nrf_log_frontend.o-debug
 .text.nrf_log_backend_is_enabled
                0x000000000002886c       0x10 _build/nrf_log_frontend.o-debug
 .text.nrf_log_init
                0x000000000002887c       0x74 _build/nrf_log_frontend.o-debug
                0x000000000002887c                nrf_log_init
 .text.nrf_log_module_cnt_get
                0x00000000000288f0       0x14 _build/nrf_log_frontend.o-debug
                0x00000000000288f0                nrf_log_module_cnt_get
 .text.module_idx_get
                0x0000000000028904       0x64 _build/nrf_log_frontend.o-debug
 .text.nrf_log_module_name_get
                0x0000000000028968       0x40 _build/nrf_log_frontend.o-debug
                0x0000000000028968                nrf_log_module_name_get
 .text.nrf_log_color_id_get
                0x00000000000289a8       0x70 _build/nrf_log_frontend.o-debug
                0x00000000000289a8                nrf_log_color_id_get
 .text.invalid_packets_omit
                0x0000000000028a18       0x6e _build/nrf_log_frontend.o-debug
 *fill*         0x0000000000028a86        0x2 
 .text.log_skip
                0x0000000000028a88      0x114 _build/nrf_log_frontend.o-debug
 .text.dropped_sat16_get
                0x0000000000028b9c       0x28 _build/nrf_log_frontend.o-debug
 .text.std_header_set
                0x0000000000028bc4       0xb4 _build/nrf_log_frontend.o-debug
 .text.buf_prealloc
                0x0000000000028c78      0x134 _build/nrf_log_frontend.o-debug
 .text.std_n    0x0000000000028dac       0x90 _build/nrf_log_frontend.o-debug
 .text.nrf_log_frontend_std_0
                0x0000000000028e3c       0x1c _build/nrf_log_frontend.o-debug
                0x0000000000028e3c                nrf_log_frontend_std_0
 .text.nrf_log_frontend_std_1
                0x0000000000028e58       0x22 _build/nrf_log_frontend.o-debug
                0x0000000000028e58                nrf_log_frontend_std_1
 .text.nrf_log_frontend_std_2
                0x0000000000028e7a       0x28 _build/nrf_log_frontend.o-debug
                0x0000000000028e7a                nrf_log_frontend_std_2
 .text.nrf_log_frontend_std_3
                0x0000000000028ea2       0x2c _build/nrf_log_frontend.o-debug
                0x0000000000028ea2                nrf_log_frontend_std_3
 .text.nrf_log_frontend_std_4
                0x0000000000028ece       0x30 _build/nrf_log_frontend.o-debug
                0x0000000000028ece                nrf_log_frontend_std_4
 *fill*         0x0000000000028efe        0x2 
 .text.buffer_is_empty
                0x0000000000028f00       0x1c _build/nrf_log_frontend.o-debug
                0x0000000000028f00                buffer_is_empty
 .text.nrf_log_frontend_dequeue
                0x0000000000028f1c      0x3a4 _build/nrf_log_frontend.o-debug
                0x0000000000028f1c                nrf_log_frontend_dequeue
 .text.backend_id_assign
                0x00000000000292c0       0x68 _build/nrf_log_frontend.o-debug
 .text.nrf_log_backend_add
                0x0000000000029328       0x70 _build/nrf_log_frontend.o-debug
                0x0000000000029328                nrf_log_backend_add
 .text.nrf_log_panic
                0x0000000000029398       0x3c _build/nrf_log_frontend.o-debug
                0x0000000000029398                nrf_log_panic
 .text.timestamp_print
                0x00000000000293d4        0xc _build/nrf_log_str_formatter.o-debug
 .text.prefix_process
                0x00000000000293e0       0xb0 _build/nrf_log_str_formatter.o-debug
 .text.postfix_process
                0x0000000000029490       0x60 _build/nrf_log_str_formatter.o-debug
 .text.nrf_log_std_entry_process
                0x00000000000294f0      0x144 _build/nrf_log_str_formatter.o-debug
                0x00000000000294f0                nrf_log_std_entry_process
 .text.nrf_log_hexdump_entry_process
                0x0000000000029634       0xf8 _build/nrf_log_str_formatter.o-debug
                0x0000000000029634                nrf_log_hexdump_entry_process
 .text.nrf_memobj_pool_init
                0x000000000002972c       0x16 _build/nrf_memobj.o-debug
                0x000000000002972c                nrf_memobj_pool_init
 .text.nrf_memobj_alloc
                0x0000000000029742       0xae _build/nrf_memobj.o-debug
                0x0000000000029742                nrf_memobj_alloc
 .text.nrf_memobj_free
                0x00000000000297f0       0x72 _build/nrf_memobj.o-debug
                0x00000000000297f0                nrf_memobj_free
 .text.nrf_memobj_get
                0x0000000000029862       0x1e _build/nrf_memobj.o-debug
                0x0000000000029862                nrf_memobj_get
 .text.nrf_memobj_put
                0x0000000000029880       0x34 _build/nrf_memobj.o-debug
                0x0000000000029880                nrf_memobj_put
 .text.memobj_op
                0x00000000000298b4      0x124 _build/nrf_memobj.o-debug
 .text.nrf_memobj_write
                0x00000000000299d8       0x3c _build/nrf_memobj.o-debug
                0x00000000000299d8                nrf_memobj_write
 .text.nrf_memobj_read
                0x0000000000029a14       0x40 _build/nrf_memobj.o-debug
                0x0000000000029a14                nrf_memobj_read
 .text.nrf_ringbuf_init
                0x0000000000029a54       0x3a _build/nrf_ringbuf.o-debug
                0x0000000000029a54                nrf_ringbuf_init
 *fill*         0x0000000000029a8e        0x2 
 .text.nrf_section_iter_init
                0x0000000000029a90       0x54 _build/nrf_section_iter.o-debug
                0x0000000000029a90                nrf_section_iter_init
 .text.nrf_section_iter_next
                0x0000000000029ae4       0x64 _build/nrf_section_iter.o-debug
                0x0000000000029ae4                nrf_section_iter_next
 .text.nrf_strerror_get
                0x0000000000029b48       0x28 _build/nrf_strerror.o-debug
                0x0000000000029b48                nrf_strerror_get
 .text.nrf_strerror_find
                0x0000000000029b70       0x68 _build/nrf_strerror.o-debug
                0x0000000000029b70                nrf_strerror_find
 .text.NVIC_EnableIRQ
                0x0000000000029bd8       0x2c _build/nrfx_clock.o-debug
 .text.NVIC_SetPriority
                0x0000000000029c04       0x50 _build/nrfx_clock.o-debug
 .text.nrfx_get_irq_number
                0x0000000000029c54       0x10 _build/nrfx_clock.o-debug
 .text._NRFX_IRQ_PRIORITY_SET
                0x0000000000029c64       0x58 _build/nrfx_clock.o-debug
 .text._NRFX_IRQ_ENABLE
                0x0000000000029cbc       0x1c _build/nrfx_clock.o-debug
 .text._NRFX_IRQ_IS_ENABLED
                0x0000000000029cd8       0x4c _build/nrfx_clock.o-debug
 .text.nrf_clock_int_disable
                0x0000000000029d24       0x14 _build/nrfx_clock.o-debug
 .text.nrf_clock_task_trigger
                0x0000000000029d38       0x1a _build/nrfx_clock.o-debug
 .text.nrf_clock_event_clear
                0x0000000000029d52       0x28 _build/nrfx_clock.o-debug
 .text.nrf_clock_event_check
                0x0000000000029d7a       0x22 _build/nrfx_clock.o-debug
 .text.nrf_clock_lf_src_set
                0x0000000000029d9c       0x14 _build/nrfx_clock.o-debug
 .text.nrf_clock_lf_is_running
                0x0000000000029db0       0x1c _build/nrfx_clock.o-debug
 .text.nrfx_power_clock_irq_init
                0x0000000000029dcc       0x56 _build/nrfx_clock.o-debug
 *fill*         0x0000000000029e22        0x2 
 .text.nrfx_clock_init
                0x0000000000029e24       0x4c _build/nrfx_clock.o-debug
                0x0000000000029e24                nrfx_clock_init
 .text.nrfx_clock_enable
                0x0000000000029e70       0x28 _build/nrfx_clock.o-debug
                0x0000000000029e70                nrfx_clock_enable
 .text.nrfx_clock_lfclk_stop
                0x0000000000029e98       0x30 _build/nrfx_clock.o-debug
                0x0000000000029e98                nrfx_clock_lfclk_stop
 .text.POWER_CLOCK_IRQHandler
                0x0000000000029ec8       0x68 _build/nrfx_clock.o-debug
                0x0000000000029ec8                POWER_CLOCK_IRQHandler
 .text.NVIC_EnableIRQ
                0x0000000000029f30       0x2c _build/nrfx_gpiote.o-debug
 .text.NVIC_SetPriority
                0x0000000000029f5c       0x50 _build/nrfx_gpiote.o-debug
 .text._NRFX_IRQ_PRIORITY_SET
                0x0000000000029fac       0x58 _build/nrfx_gpiote.o-debug
 .text._NRFX_IRQ_ENABLE
                0x000000000002a004       0x1c _build/nrfx_gpiote.o-debug
 .text.nrf_gpiote_event_is_set
                0x000000000002a020       0x2a _build/nrfx_gpiote.o-debug
 .text.nrf_gpiote_event_clear
                0x000000000002a04a       0x36 _build/nrfx_gpiote.o-debug
 .text.nrf_gpiote_event_addr_get
                0x000000000002a080       0x1a _build/nrfx_gpiote.o-debug
 *fill*         0x000000000002a09a        0x2 
 .text.nrf_gpiote_int_enable
                0x000000000002a09c       0x18 _build/nrfx_gpiote.o-debug
 .text.nrf_gpiote_int_is_enabled
                0x000000000002a0b4       0x18 _build/nrfx_gpiote.o-debug
 .text.nrf_gpiote_event_pin_get
                0x000000000002a0cc       0x20 _build/nrfx_gpiote.o-debug
 .text.nrf_gpiote_event_polarity_get
                0x000000000002a0ec       0x24 _build/nrfx_gpiote.o-debug
 .text.nrf_gpiote_task_configure
                0x000000000002a110       0x7c _build/nrfx_gpiote.o-debug
 .text.nrf_gpio_pin_port_decode
                0x000000000002a18c       0x28 _build/nrfx_gpiote.o-debug
 .text.nrf_gpio_cfg
                0x000000000002a1b4       0x62 _build/nrfx_gpiote.o-debug
 .text.nrf_gpio_cfg_output
                0x000000000002a216       0x22 _build/nrfx_gpiote.o-debug
 .text.nrf_gpio_cfg_sense_set
                0x000000000002a238       0x5c _build/nrfx_gpiote.o-debug
 .text.nrf_gpio_pin_set
                0x000000000002a294       0x28 _build/nrfx_gpiote.o-debug
 .text.nrf_gpio_pin_clear
                0x000000000002a2bc       0x28 _build/nrfx_gpiote.o-debug
 .text.nrf_gpio_pin_sense_get
                0x000000000002a2e4       0x2c _build/nrfx_gpiote.o-debug
 .text.nrf_gpio_port_in_read
                0x000000000002a310       0x10 _build/nrfx_gpiote.o-debug
 .text.nrf_gpio_port_out_set
                0x000000000002a320       0x14 _build/nrfx_gpiote.o-debug
 .text.nrf_gpio_port_out_clear
                0x000000000002a334       0x14 _build/nrfx_gpiote.o-debug
 .text.nrf_gpio_ports_read
                0x000000000002a348       0x68 _build/nrfx_gpiote.o-debug
 .text.nrf_bitmask_bit_is_set
                0x000000000002a3b0       0x30 _build/nrfx_gpiote.o-debug
 .text.nrf_bitmask_bit_set
                0x000000000002a3e0       0x40 _build/nrfx_gpiote.o-debug
 .text.pin_in_use
                0x000000000002a420       0x28 _build/nrfx_gpiote.o-debug
 .text.pin_in_use_by_te
                0x000000000002a448       0x3c _build/nrfx_gpiote.o-debug
 .text.pin_in_use_by_te_set
                0x000000000002a484       0x50 _build/nrfx_gpiote.o-debug
 .text.pin_in_use_set
                0x000000000002a4d4       0x1c _build/nrfx_gpiote.o-debug
 .text.pin_in_use_clear
                0x000000000002a4f0       0x1c _build/nrfx_gpiote.o-debug
 .text.pin_configured_set
                0x000000000002a50c       0x1c _build/nrfx_gpiote.o-debug
 .text.channel_port_get
                0x000000000002a528       0x1c _build/nrfx_gpiote.o-debug
 .text.channel_handler_get
                0x000000000002a544       0x18 _build/nrfx_gpiote.o-debug
 .text.channel_port_alloc
                0x000000000002a55c       0x7c _build/nrfx_gpiote.o-debug
 .text.channel_free
                0x000000000002a5d8       0x38 _build/nrfx_gpiote.o-debug
 .text.nrfx_gpiote_init
                0x000000000002a610       0xa4 _build/nrfx_gpiote.o-debug
                0x000000000002a610                nrfx_gpiote_init
 .text.nrfx_gpiote_is_init
                0x000000000002a6b4       0x18 _build/nrfx_gpiote.o-debug
                0x000000000002a6b4                nrfx_gpiote_is_init
 .text.nrfx_gpiote_out_init
                0x000000000002a6cc       0xd0 _build/nrfx_gpiote.o-debug
                0x000000000002a6cc                nrfx_gpiote_out_init
 .text.nrfx_gpiote_out_set
                0x000000000002a79c       0x5c _build/nrfx_gpiote.o-debug
                0x000000000002a79c                nrfx_gpiote_out_set
 .text.nrfx_gpiote_out_clear
                0x000000000002a7f8       0x5c _build/nrfx_gpiote.o-debug
                0x000000000002a7f8                nrfx_gpiote_out_clear
 .text.GPIOTE_IRQHandler
                0x000000000002a854      0x2e0 _build/nrfx_gpiote.o-debug
                0x000000000002a854                GPIOTE_IRQHandler
 .text.UARTE0_UART0_IRQHandler
                0x000000000002ab34       0x24 _build/nrfx_prs.o-debug
                0x000000000002ab34                UARTE0_UART0_IRQHandler
 .text.nrf_pwm_event_clear
                0x000000000002ab58       0x2a _build/nrfx_pwm.o-debug
 .text.nrf_pwm_event_check
                0x000000000002ab82       0x24 _build/nrfx_pwm.o-debug
 .text.irq_handler
                0x000000000002aba6       0xe2 _build/nrfx_pwm.o-debug
 .text.PWM0_IRQHandler
                0x000000000002ac88       0x18 _build/nrfx_pwm.o-debug
                0x000000000002ac88                PWM0_IRQHandler
 .text.PWM1_IRQHandler
                0x000000000002aca0       0x18 _build/nrfx_pwm.o-debug
                0x000000000002aca0                PWM1_IRQHandler
 .text.PWM2_IRQHandler
                0x000000000002acb8       0x18 _build/nrfx_pwm.o-debug
                0x000000000002acb8                PWM2_IRQHandler
 .text.nrf_saadc_task_trigger
                0x000000000002acd0       0x1e _build/nrfx_saadc.o-debug
 .text.nrf_saadc_event_check
                0x000000000002acee       0x26 _build/nrfx_saadc.o-debug
 .text.nrf_saadc_event_clear
                0x000000000002ad14       0x30 _build/nrfx_saadc.o-debug
 .text.nrf_saadc_buffer_init
                0x000000000002ad44       0x20 _build/nrfx_saadc.o-debug
 .text.SAADC_IRQHandler
                0x000000000002ad64      0x250 _build/nrfx_saadc.o-debug
                0x000000000002ad64                SAADC_IRQHandler
 .text.nrf_spim_event_clear
                0x000000000002afb4       0x2a _build/nrfx_spim.o-debug
 .text.nrf_spim_event_check
                0x000000000002afde       0x24 _build/nrfx_spim.o-debug
 *fill*         0x000000000002b002        0x2 
 .text.nrf_gpio_pin_port_decode
                0x000000000002b004       0x28 _build/nrfx_spim.o-debug
 .text.nrf_gpio_pin_set
                0x000000000002b02c       0x28 _build/nrfx_spim.o-debug
 .text.nrf_gpio_pin_clear
                0x000000000002b054       0x28 _build/nrfx_spim.o-debug
 .text.nrf_gpio_port_out_set
                0x000000000002b07c       0x14 _build/nrfx_spim.o-debug
 .text.nrf_gpio_port_out_clear
                0x000000000002b090       0x14 _build/nrfx_spim.o-debug
 .text.finish_transfer
                0x000000000002b0a4       0x52 _build/nrfx_spim.o-debug
 *fill*         0x000000000002b0f6        0x2 
 .text.irq_handler
                0x000000000002b0f8       0x48 _build/nrfx_spim.o-debug
 .text.SPIM1_SPIS1_TWIM1_TWIS1_SPI1_TWI1_IRQHandler
                0x000000000002b140       0x14 _build/nrfx_spim.o-debug
                0x000000000002b140                SPIM1_SPIS1_TWIM1_TWIS1_SPI1_TWI1_IRQHandler
 .text.nrf_timer_event_clear
                0x000000000002b154       0x2a _build/nrfx_timer.o-debug
 .text.nrf_timer_event_check
                0x000000000002b17e       0x24 _build/nrfx_timer.o-debug
 .text.nrf_timer_int_enable_check
                0x000000000002b1a2       0x20 _build/nrfx_timer.o-debug
 .text.nrf_timer_compare_event_get
                0x000000000002b1c2       0x16 _build/nrfx_timer.o-debug
 .text.nrf_timer_compare_int_get
                0x000000000002b1d8       0x14 _build/nrfx_timer.o-debug
 .text.irq_handler
                0x000000000002b1ec       0x8c _build/nrfx_timer.o-debug
 .text.TIMER0_IRQHandler
                0x000000000002b278       0x18 _build/nrfx_timer.o-debug
                0x000000000002b278                TIMER0_IRQHandler
 .text.TIMER1_IRQHandler
                0x000000000002b290       0x18 _build/nrfx_timer.o-debug
                0x000000000002b290                TIMER1_IRQHandler
 .text.nrf_twim_task_trigger
                0x000000000002b2a8       0x1c _build/nrfx_twim.o-debug
 .text.nrf_twim_event_clear
                0x000000000002b2c4       0x2a _build/nrfx_twim.o-debug
 .text.nrf_twim_event_check
                0x000000000002b2ee       0x24 _build/nrfx_twim.o-debug
 .text.nrf_twim_int_enable
                0x000000000002b312       0x14 _build/nrfx_twim.o-debug
 .text.nrf_twim_int_disable
                0x000000000002b326       0x14 _build/nrfx_twim.o-debug
 .text.nrf_twim_errorsrc_get_and_clear
                0x000000000002b33a       0x1c _build/nrfx_twim.o-debug
 .text.nrf_twim_shorts_set
                0x000000000002b356       0x14 _build/nrfx_twim.o-debug
 .text.nrf_twim_txd_amount_get
                0x000000000002b36a       0x10 _build/nrfx_twim.o-debug
 .text.nrf_twim_rxd_amount_get
                0x000000000002b37a       0x10 _build/nrfx_twim.o-debug
 *fill*         0x000000000002b38a        0x2 
 .text.twim_irq_handler
                0x000000000002b38c      0x214 _build/nrfx_twim.o-debug
 .text.SPIM0_SPIS0_TWIM0_TWIS0_SPI0_TWI0_IRQHandler
                0x000000000002b5a0       0x18 _build/nrfx_twim.o-debug
                0x000000000002b5a0                SPIM0_SPIS0_TWIM0_TWIS0_SPI0_TWI0_IRQHandler
 .text.ble_advdata_search
                0x000000000002b5b8       0xa4 _build/ble_advdata.o-debug
                0x000000000002b5b8                ble_advdata_search
 .text.ble_advdata_parse
                0x000000000002b65c       0x4c _build/ble_advdata.o-debug
                0x000000000002b65c                ble_advdata_parse
 .text.sd_ble_gap_adv_set_configure
                0x000000000002b6a8        0x8 _build/ble_advertising.o-debug
 .text.sd_ble_gap_adv_start
                0x000000000002b6b0        0x8 _build/ble_advertising.o-debug
 .text.whitelist_has_entries
                0x000000000002b6b8       0x10 _build/ble_advertising.o-debug
 .text.addr_is_valid
                0x000000000002b6c8       0x2e _build/ble_advertising.o-debug
 *fill*         0x000000000002b6f6        0x2 
 .text.adv_mode_next_get
                0x000000000002b6f8       0x30 _build/ble_advertising.o-debug
 .text.on_connected
                0x000000000002b728       0x1e _build/ble_advertising.o-debug
 .text.on_disconnected
                0x000000000002b746       0x54 _build/ble_advertising.o-debug
 .text.on_terminated
                0x000000000002b79a       0x56 _build/ble_advertising.o-debug
 .text.adv_mode_next_avail_get
                0x000000000002b7f0       0x9c _build/ble_advertising.o-debug
 .text.set_adv_mode_directed_high_duty
                0x000000000002b88c       0x3a _build/ble_advertising.o-debug
 .text.set_adv_mode_directed
                0x000000000002b8c6       0x52 _build/ble_advertising.o-debug
 .text.use_whitelist
                0x000000000002b918       0x3e _build/ble_advertising.o-debug
 .text.flags_set
                0x000000000002b956       0x50 _build/ble_advertising.o-debug
 .text.set_adv_mode_fast
                0x000000000002b9a6       0x88 _build/ble_advertising.o-debug
 .text.set_adv_mode_slow
                0x000000000002ba2e       0x88 _build/ble_advertising.o-debug
 .text.phy_is_valid
                0x000000000002bab6       0x20 _build/ble_advertising.o-debug
 *fill*         0x000000000002bad6        0x2 
 .text.ble_advertising_start
                0x000000000002bad8      0x23c _build/ble_advertising.o-debug
                0x000000000002bad8                ble_advertising_start
 .text.ble_advertising_on_ble_evt
                0x000000000002bd14       0x44 _build/ble_advertising.o-debug
                0x000000000002bd14                ble_advertising_on_ble_evt
 .text.ble_advertising_on_sys_evt
                0x000000000002bd58        0xc _build/ble_advertising.o-debug
                0x000000000002bd58                ble_advertising_on_sys_evt
 .text.instance_get
                0x000000000002bd64       0x50 _build/ble_conn_params.o-debug
 .text.instance_claim
                0x000000000002bdb4       0x34 _build/ble_conn_params.o-debug
 .text.instance_free
                0x000000000002bde8       0x12 _build/ble_conn_params.o-debug
 .text.is_conn_params_ok
                0x000000000002bdfa       0xca _build/ble_conn_params.o-debug
 .text.send_error_evt
                0x000000000002bec4       0x24 _build/ble_conn_params.o-debug
 .text.conn_params_negotiation
                0x000000000002bee8       0x7c _build/ble_conn_params.o-debug
 .text.on_connect
                0x000000000002bf64       0x84 _build/ble_conn_params.o-debug
 .text.on_disconnect
                0x000000000002bfe8       0x46 _build/ble_conn_params.o-debug
 *fill*         0x000000000002c02e        0x2 
 .text.on_write
                0x000000000002c030       0x7c _build/ble_conn_params.o-debug
 .text.on_conn_params_update
                0x000000000002c0ac       0x54 _build/ble_conn_params.o-debug
 .text.ble_evt_handler
                0x000000000002c100       0x4c _build/ble_conn_params.o-debug
 .text.uint16_decode
                0x000000000002c14c       0x20 _build/ble_srv_common.o-debug
 .text.ble_srv_is_notification_enabled
                0x000000000002c16c       0x2c _build/ble_srv_common.o-debug
                0x000000000002c16c                ble_srv_is_notification_enabled
 .text.sd_ble_gap_data_length_update
                0x000000000002c198        0x8 _build/nrf_ble_gatt.o-debug
 .text.sd_ble_gattc_exchange_mtu_request
                0x000000000002c1a0        0x8 _build/nrf_ble_gatt.o-debug
 .text.sd_ble_gatts_exchange_mtu_reply
                0x000000000002c1a8        0x8 _build/nrf_ble_gatt.o-debug
 .text.link_init
                0x000000000002c1b0       0x2e _build/nrf_ble_gatt.o-debug
 *fill*         0x000000000002c1de        0x2 
 .text.data_length_update
                0x000000000002c1e0       0xdc _build/nrf_ble_gatt.o-debug
 .text.on_connected_evt
                0x000000000002c2bc       0xd4 _build/nrf_ble_gatt.o-debug
 .text.on_disconnected_evt
                0x000000000002c390       0x22 _build/nrf_ble_gatt.o-debug
 .text.on_exchange_mtu_rsp_evt
                0x000000000002c3b2       0x92 _build/nrf_ble_gatt.o-debug
 .text.on_exchange_mtu_request_evt
                0x000000000002c444       0xd0 _build/nrf_ble_gatt.o-debug
 .text.on_data_length_update_evt
                0x000000000002c514       0x7c _build/nrf_ble_gatt.o-debug
 .text.on_data_length_update_request_evt
                0x000000000002c590       0x50 _build/nrf_ble_gatt.o-debug
 .text.nrf_ble_gatt_on_ble_evt
                0x000000000002c5e0      0x104 _build/nrf_ble_gatt.o-debug
                0x000000000002c5e0                nrf_ble_gatt_on_ble_evt
 .text.sd_ble_gatts_rw_authorize_reply
                0x000000000002c6e4        0x8 _build/nrf_ble_qwr.o-debug
 .text.sd_ble_user_mem_reply
                0x000000000002c6ec        0x8 _build/nrf_ble_qwr.o-debug
 .text.nrf_ble_qwr_conn_handle_assign
                0x000000000002c6f4       0x30 _build/nrf_ble_qwr.o-debug
                0x000000000002c6f4                nrf_ble_qwr_conn_handle_assign
 .text.user_mem_reply
                0x000000000002c724       0x48 _build/nrf_ble_qwr.o-debug
 .text.on_user_mem_request
                0x000000000002c76c       0x30 _build/nrf_ble_qwr.o-debug
 .text.on_user_mem_release
                0x000000000002c79c        0xc _build/nrf_ble_qwr.o-debug
 .text.on_rw_authorize_request
                0x000000000002c7a8       0x92 _build/nrf_ble_qwr.o-debug
 .text.nrf_ble_qwr_on_ble_evt
                0x000000000002c83a       0xa2 _build/nrf_ble_qwr.o-debug
                0x000000000002c83a                nrf_ble_qwr_on_ble_evt
 .text.nrf_section_iter_get
                0x000000000002c8dc       0x24 _build/nrf_sdh.o-debug
 .text.nrf_sdh_is_enabled
                0x000000000002c900        0xc _build/nrf_sdh.o-debug
                0x000000000002c900                nrf_sdh_is_enabled
 .text.nrf_sdh_evts_poll
                0x000000000002c90c       0x4c _build/nrf_sdh.o-debug
                0x000000000002c90c                nrf_sdh_evts_poll
 .text.SWI2_EGU2_IRQHandler
                0x000000000002c958        0xa _build/nrf_sdh.o-debug
                0x000000000002c958                SWI2_EGU2_IRQHandler
 .text.sd_ble_evt_get
                0x000000000002c962        0x8 _build/nrf_sdh_ble.o-debug
 *fill*         0x000000000002c96a        0x2 
 .text.nrf_section_iter_get
                0x000000000002c96c       0x24 _build/nrf_sdh_ble.o-debug
 .text.nrf_sdh_ble_evts_poll
                0x000000000002c990       0xa8 _build/nrf_sdh_ble.o-debug
 .text.sd_ble_gap_disconnect
                0x000000000002ca38        0x8 _build/simple_ble.o-debug
 .text.sd_ble_gap_sec_params_reply
                0x000000000002ca40        0x8 _build/simple_ble.o-debug
 .text.sd_ble_gap_sec_info_reply
                0x000000000002ca48        0x8 _build/simple_ble.o-debug
 .text.sd_ble_gap_scan_start
                0x000000000002ca50        0x8 _build/simple_ble.o-debug
 .text.sd_ble_gap_phy_update
                0x000000000002ca58        0x8 _build/simple_ble.o-debug
 .text.sd_ble_gatts_sys_attr_set
                0x000000000002ca60        0x8 _build/simple_ble.o-debug
 .text.sd_power_system_off
                0x000000000002ca68        0x8 _build/simple_ble.o-debug
 .text.assert_nrf_callback
                0x000000000002ca70       0x30 _build/simple_ble.o-debug
                0x000000000002ca70                assert_nrf_callback
 .text.on_ble_evt
                0x000000000002caa0      0x3b0 _build/simple_ble.o-debug
 .text.NVIC_SystemReset
                0x000000000002ce50       0x24 _build/system_nrf52.o-debug
 .text.SystemCoreClockUpdate
                0x000000000002ce74       0x14 _build/system_nrf52.o-debug
                0x000000000002ce74                SystemCoreClockUpdate
 .text.SystemInit
                0x000000000002ce88      0x2d4 _build/system_nrf52.o-debug
                0x000000000002ce88                SystemInit
 .text.errata_12
                0x000000000002d15c       0x58 _build/system_nrf52.o-debug
 .text.errata_16
                0x000000000002d1b4       0x38 _build/system_nrf52.o-debug
 .text.errata_31
                0x000000000002d1ec       0x58 _build/system_nrf52.o-debug
 .text.errata_32
                0x000000000002d244       0x38 _build/system_nrf52.o-debug
 .text.errata_36
                0x000000000002d27c       0x58 _build/system_nrf52.o-debug
 .text.errata_37
                0x000000000002d2d4       0x38 _build/system_nrf52.o-debug
 .text.errata_57
                0x000000000002d30c       0x38 _build/system_nrf52.o-debug
 .text.errata_66
                0x000000000002d344       0x38 _build/system_nrf52.o-debug
 .text.errata_108
                0x000000000002d37c       0x58 _build/system_nrf52.o-debug
 .text.errata_136
                0x000000000002d3d4       0x58 _build/system_nrf52.o-debug
 .text.errata_182
                0x000000000002d42c       0x24 _build/system_nrf52.o-debug
 .text          0x000000000002d450       0x3c _build/gcc_startup_nrf52.os-debug
                0x000000000002d450                Reset_Handler
                0x000000000002d478                NMI_Handler
                0x000000000002d47c                MemoryManagement_Handler
                0x000000000002d47e                BusFault_Handler
                0x000000000002d480                UsageFault_Handler
                0x000000000002d482                SVC_Handler
                0x000000000002d484                DebugMon_Handler
                0x000000000002d486                PendSV_Handler
                0x000000000002d488                SysTick_Handler
                0x000000000002d48a                TIMER2_IRQHandler
                0x000000000002d48a                RTC0_IRQHandler
                0x000000000002d48a                RADIO_IRQHandler
                0x000000000002d48a                PDM_IRQHandler
                0x000000000002d48a                TEMP_IRQHandler
                0x000000000002d48a                QDEC_IRQHandler
                0x000000000002d48a                TIMER3_IRQHandler
                0x000000000002d48a                FPU_IRQHandler
                0x000000000002d48a                TIMER4_IRQHandler
                0x000000000002d48a                I2S_IRQHandler
                0x000000000002d48a                SWI4_EGU4_IRQHandler
                0x000000000002d48a                ECB_IRQHandler
                0x000000000002d48a                Default_Handler
                0x000000000002d48a                CCM_AAR_IRQHandler
                0x000000000002d48a                WDT_IRQHandler
                0x000000000002d48a                SWI5_EGU5_IRQHandler
                0x000000000002d48a                RNG_IRQHandler
                0x000000000002d48a                RTC2_IRQHandler
                0x000000000002d48a                SWI3_EGU3_IRQHandler
                0x000000000002d48a                SWI1_EGU1_IRQHandler
                0x000000000002d48a                SPIM2_SPIS2_SPI2_IRQHandler
                0x000000000002d48a                NFCT_IRQHandler
                0x000000000002d48a                MWU_IRQHandler
                0x000000000002d48a                COMP_LPCOMP_IRQHandler
 .text.exit     0x000000000002d48c       0x20 /usr/bin/../lib/gcc/arm-none-eabi/7.3.1/../../../../arm-none-eabi/lib/thumb/v7e-m/fpv4-sp/hard/libc.a(lib_a-exit.o)
                0x000000000002d48c                exit
 .text.__libc_init_array
                0x000000000002d4ac       0x48 /usr/bin/../lib/gcc/arm-none-eabi/7.3.1/../../../../arm-none-eabi/lib/thumb/v7e-m/fpv4-sp/hard/libc.a(lib_a-init.o)
                0x000000000002d4ac                __libc_init_array
 .text.__locale_mb_cur_max
                0x000000000002d4f4       0x1c /usr/bin/../lib/gcc/arm-none-eabi/7.3.1/../../../../arm-none-eabi/lib/thumb/v7e-m/fpv4-sp/hard/libc.a(lib_a-locale.o)
                0x000000000002d4f4                __locale_mb_cur_max
 .text.__locale_ctype_ptr
                0x000000000002d510       0x1c /usr/bin/../lib/gcc/arm-none-eabi/7.3.1/../../../../arm-none-eabi/lib/thumb/v7e-m/fpv4-sp/hard/libc.a(lib_a-locale.o)
                0x000000000002d510                __locale_ctype_ptr
 .text.__ascii_mbtowc
                0x000000000002d52c       0x2c /usr/bin/../lib/gcc/arm-none-eabi/7.3.1/../../../../arm-none-eabi/lib/thumb/v7e-m/fpv4-sp/hard/libc.a(lib_a-mbtowc_r.o)
                0x000000000002d52c                __ascii_mbtowc
 .text          0x000000000002d558      0x134 /usr/bin/../lib/gcc/arm-none-eabi/7.3.1/../../../../arm-none-eabi/lib/thumb/v7e-m/fpv4-sp/hard/libc.a(lib_a-memcpy.o)
                0x000000000002d558                memcpy
 .text.memset   0x000000000002d68c       0x94 /usr/bin/../lib/gcc/arm-none-eabi/7.3.1/../../../../arm-none-eabi/lib/thumb/v7e-m/fpv4-sp/hard/libc.a(lib_a-memset.o)
                0x000000000002d68c                memset
 .text.printf   0x000000000002d720       0x28 /usr/bin/../lib/gcc/arm-none-eabi/7.3.1/../../../../arm-none-eabi/lib/thumb/v7e-m/fpv4-sp/hard/libc.a(lib_a-printf.o)
                0x000000000002d720                printf
 .text.setbuf   0x000000000002d748       0x10 /usr/bin/../lib/gcc/arm-none-eabi/7.3.1/../../../../arm-none-eabi/lib/thumb/v7e-m/fpv4-sp/hard/libc.a(lib_a-setbuf.o)
                0x000000000002d748                setbuf
 .text.setvbuf  0x000000000002d758      0x180 /usr/bin/../lib/gcc/arm-none-eabi/7.3.1/../../../../arm-none-eabi/lib/thumb/v7e-m/fpv4-sp/hard/libc.a(lib_a-setvbuf.o)
                0x000000000002d758                setvbuf
 .text.strcpy   0x000000000002d8d8       0xbc /usr/bin/../lib/gcc/arm-none-eabi/7.3.1/../../../../arm-none-eabi/lib/thumb/v7e-m/fpv4-sp/hard/libc.a(lib_a-strcpy.o)
                0x000000000002d8d8                strcpy
 *fill*         0x000000000002d994       0x2c 
 .text          0x000000000002d9c0       0xdc /usr/bin/../lib/gcc/arm-none-eabi/7.3.1/../../../../arm-none-eabi/lib/thumb/v7e-m/fpv4-sp/hard/libc.a(lib_a-strlen.o)
                0x000000000002d9c0                strlen
 *fill*         0x000000000002da9c        0x4 
 .text._vfprintf_r
                0x000000000002daa0     0x1a7c /usr/bin/../lib/gcc/arm-none-eabi/7.3.1/../../../../arm-none-eabi/lib/thumb/v7e-m/fpv4-sp/hard/libc.a(lib_a-vfprintf.o)
                0x000000000002daa0                _vfprintf_r
 .text.__sbprintf
                0x000000000002f51c       0x84 /usr/bin/../lib/gcc/arm-none-eabi/7.3.1/../../../../arm-none-eabi/lib/thumb/v7e-m/fpv4-sp/hard/libc.a(lib_a-vfprintf.o)
 .text.__ascii_wctomb
                0x000000000002f5a0       0x1c /usr/bin/../lib/gcc/arm-none-eabi/7.3.1/../../../../arm-none-eabi/lib/thumb/v7e-m/fpv4-sp/hard/libc.a(lib_a-wctomb_r.o)
                0x000000000002f5a0                __ascii_wctomb
 .text.__swsetup_r
                0x000000000002f5bc       0xcc /usr/bin/../lib/gcc/arm-none-eabi/7.3.1/../../../../arm-none-eabi/lib/thumb/v7e-m/fpv4-sp/hard/libc.a(lib_a-wsetup.o)
                0x000000000002f5bc                __swsetup_r
 .text.startup.register_fini
                0x000000000002f688       0x14 /usr/bin/../lib/gcc/arm-none-eabi/7.3.1/../../../../arm-none-eabi/lib/thumb/v7e-m/fpv4-sp/hard/libc.a(lib_a-__call_atexit.o)
 .text.__call_exitprocs
                0x000000000002f69c       0xe8 /usr/bin/../lib/gcc/arm-none-eabi/7.3.1/../../../../arm-none-eabi/lib/thumb/v7e-m/fpv4-sp/hard/libc.a(lib_a-__call_atexit.o)
                0x000000000002f69c                __call_exitprocs
 .text.atexit   0x000000000002f784        0xc /usr/bin/../lib/gcc/arm-none-eabi/7.3.1/../../../../arm-none-eabi/lib/thumb/v7e-m/fpv4-sp/hard/libc.a(lib_a-atexit.o)
                0x000000000002f784                atexit
 .text.quorem   0x000000000002f790      0x124 /usr/bin/../lib/gcc/arm-none-eabi/7.3.1/../../../../arm-none-eabi/lib/thumb/v7e-m/fpv4-sp/hard/libc.a(lib_a-dtoa.o)
 *fill*         0x000000000002f8b4        0x4 
 .text._dtoa_r  0x000000000002f8b8      0xe20 /usr/bin/../lib/gcc/arm-none-eabi/7.3.1/../../../../arm-none-eabi/lib/thumb/v7e-m/fpv4-sp/hard/libc.a(lib_a-dtoa.o)
                0x000000000002f8b8                _dtoa_r
 .text.__sflush_r
                0x00000000000306d8      0x154 /usr/bin/../lib/gcc/arm-none-eabi/7.3.1/../../../../arm-none-eabi/lib/thumb/v7e-m/fpv4-sp/hard/libc.a(lib_a-fflush.o)
                0x00000000000306d8                __sflush_r
 .text._fflush_r
                0x000000000003082c       0x5c /usr/bin/../lib/gcc/arm-none-eabi/7.3.1/../../../../arm-none-eabi/lib/thumb/v7e-m/fpv4-sp/hard/libc.a(lib_a-fflush.o)
                0x000000000003082c                _fflush_r
 .text.std      0x0000000000030888       0x50 /usr/bin/../lib/gcc/arm-none-eabi/7.3.1/../../../../arm-none-eabi/lib/thumb/v7e-m/fpv4-sp/hard/libc.a(lib_a-findfp.o)
 .text._cleanup_r
                0x00000000000308d8        0xc /usr/bin/../lib/gcc/arm-none-eabi/7.3.1/../../../../arm-none-eabi/lib/thumb/v7e-m/fpv4-sp/hard/libc.a(lib_a-findfp.o)
                0x00000000000308d8                _cleanup_r
 .text.__sinit  0x00000000000308e4       0x58 /usr/bin/../lib/gcc/arm-none-eabi/7.3.1/../../../../arm-none-eabi/lib/thumb/v7e-m/fpv4-sp/hard/libc.a(lib_a-findfp.o)
                0x00000000000308e4                __sinit
 .text.__sfp_lock_acquire
                0x000000000003093c        0xc /usr/bin/../lib/gcc/arm-none-eabi/7.3.1/../../../../arm-none-eabi/lib/thumb/v7e-m/fpv4-sp/hard/libc.a(lib_a-findfp.o)
                0x000000000003093c                __sfp_lock_acquire
 .text.__sfp_lock_release
                0x0000000000030948        0xc /usr/bin/../lib/gcc/arm-none-eabi/7.3.1/../../../../arm-none-eabi/lib/thumb/v7e-m/fpv4-sp/hard/libc.a(lib_a-findfp.o)
                0x0000000000030948                __sfp_lock_release
 .text.__libc_fini_array
                0x0000000000030954       0x34 /usr/bin/../lib/gcc/arm-none-eabi/7.3.1/../../../../arm-none-eabi/lib/thumb/v7e-m/fpv4-sp/hard/libc.a(lib_a-fini.o)
                0x0000000000030954                __libc_fini_array
 .text._malloc_trim_r
                0x0000000000030988       0xa0 /usr/bin/../lib/gcc/arm-none-eabi/7.3.1/../../../../arm-none-eabi/lib/thumb/v7e-m/fpv4-sp/hard/libc.a(lib_a-freer.o)
                0x0000000000030988                _malloc_trim_r
 .text._free_r  0x0000000000030a28      0x1e8 /usr/bin/../lib/gcc/arm-none-eabi/7.3.1/../../../../arm-none-eabi/lib/thumb/v7e-m/fpv4-sp/hard/libc.a(lib_a-freer.o)
                0x0000000000030a28                _free_r
 .text._fwalk_reent
                0x0000000000030c10       0x54 /usr/bin/../lib/gcc/arm-none-eabi/7.3.1/../../../../arm-none-eabi/lib/thumb/v7e-m/fpv4-sp/hard/libc.a(lib_a-fwalk.o)
                0x0000000000030c10                _fwalk_reent
 .text._localeconv_r
                0x0000000000030c64       0x1c /usr/bin/../lib/gcc/arm-none-eabi/7.3.1/../../../../arm-none-eabi/lib/thumb/v7e-m/fpv4-sp/hard/libc.a(lib_a-localeconv.o)
                0x0000000000030c64                _localeconv_r
 .text.__retarget_lock_init_recursive
                0x0000000000030c80        0x4 /usr/bin/../lib/gcc/arm-none-eabi/7.3.1/../../../../arm-none-eabi/lib/thumb/v7e-m/fpv4-sp/hard/libc.a(lib_a-lock.o)
                0x0000000000030c80                __retarget_lock_init_recursive
 .text.__retarget_lock_close_recursive
                0x0000000000030c84        0x4 /usr/bin/../lib/gcc/arm-none-eabi/7.3.1/../../../../arm-none-eabi/lib/thumb/v7e-m/fpv4-sp/hard/libc.a(lib_a-lock.o)
                0x0000000000030c84                __retarget_lock_close_recursive
 .text.__retarget_lock_acquire_recursive
                0x0000000000030c88        0x4 /usr/bin/../lib/gcc/arm-none-eabi/7.3.1/../../../../arm-none-eabi/lib/thumb/v7e-m/fpv4-sp/hard/libc.a(lib_a-lock.o)
                0x0000000000030c88                __retarget_lock_acquire_recursive
 .text.__retarget_lock_release_recursive
                0x0000000000030c8c        0x4 /usr/bin/../lib/gcc/arm-none-eabi/7.3.1/../../../../arm-none-eabi/lib/thumb/v7e-m/fpv4-sp/hard/libc.a(lib_a-lock.o)
                0x0000000000030c8c                __retarget_lock_release_recursive
 .text.__swhatbuf_r
                0x0000000000030c90       0x5c /usr/bin/../lib/gcc/arm-none-eabi/7.3.1/../../../../arm-none-eabi/lib/thumb/v7e-m/fpv4-sp/hard/libc.a(lib_a-makebuf.o)
                0x0000000000030c90                __swhatbuf_r
 .text.__smakebuf_r
                0x0000000000030cec       0x94 /usr/bin/../lib/gcc/arm-none-eabi/7.3.1/../../../../arm-none-eabi/lib/thumb/v7e-m/fpv4-sp/hard/libc.a(lib_a-makebuf.o)
                0x0000000000030cec                __smakebuf_r
 .text.malloc   0x0000000000030d80       0x10 /usr/bin/../lib/gcc/arm-none-eabi/7.3.1/../../../../arm-none-eabi/lib/thumb/v7e-m/fpv4-sp/hard/libc.a(lib_a-malloc.o)
                0x0000000000030d80                malloc
 .text.free     0x0000000000030d90       0x10 /usr/bin/../lib/gcc/arm-none-eabi/7.3.1/../../../../arm-none-eabi/lib/thumb/v7e-m/fpv4-sp/hard/libc.a(lib_a-malloc.o)
                0x0000000000030d90                free
 .text._malloc_r
                0x0000000000030da0      0x548 /usr/bin/../lib/gcc/arm-none-eabi/7.3.1/../../../../arm-none-eabi/lib/thumb/v7e-m/fpv4-sp/hard/libc.a(lib_a-mallocr.o)
                0x0000000000030da0                _malloc_r
 *fill*         0x00000000000312e8        0x8 
 .text          0x00000000000312f0       0xa0 /usr/bin/../lib/gcc/arm-none-eabi/7.3.1/../../../../arm-none-eabi/lib/thumb/v7e-m/fpv4-sp/hard/libc.a(lib_a-memchr.o)
                0x00000000000312f0                memchr
 .text.__malloc_lock
                0x0000000000031390        0xc /usr/bin/../lib/gcc/arm-none-eabi/7.3.1/../../../../arm-none-eabi/lib/thumb/v7e-m/fpv4-sp/hard/libc.a(lib_a-mlock.o)
                0x0000000000031390                __malloc_lock
 .text.__malloc_unlock
                0x000000000003139c        0xc /usr/bin/../lib/gcc/arm-none-eabi/7.3.1/../../../../arm-none-eabi/lib/thumb/v7e-m/fpv4-sp/hard/libc.a(lib_a-mlock.o)
                0x000000000003139c                __malloc_unlock
 .text._Balloc  0x00000000000313a8       0x4c /usr/bin/../lib/gcc/arm-none-eabi/7.3.1/../../../../arm-none-eabi/lib/thumb/v7e-m/fpv4-sp/hard/libc.a(lib_a-mprec.o)
                0x00000000000313a8                _Balloc
 .text._Bfree   0x00000000000313f4       0x14 /usr/bin/../lib/gcc/arm-none-eabi/7.3.1/../../../../arm-none-eabi/lib/thumb/v7e-m/fpv4-sp/hard/libc.a(lib_a-mprec.o)
                0x00000000000313f4                _Bfree
 .text.__multadd
                0x0000000000031408       0x80 /usr/bin/../lib/gcc/arm-none-eabi/7.3.1/../../../../arm-none-eabi/lib/thumb/v7e-m/fpv4-sp/hard/libc.a(lib_a-mprec.o)
                0x0000000000031408                __multadd
 .text.__hi0bits
                0x0000000000031488       0x40 /usr/bin/../lib/gcc/arm-none-eabi/7.3.1/../../../../arm-none-eabi/lib/thumb/v7e-m/fpv4-sp/hard/libc.a(lib_a-mprec.o)
                0x0000000000031488                __hi0bits
 .text.__lo0bits
                0x00000000000314c8       0x60 /usr/bin/../lib/gcc/arm-none-eabi/7.3.1/../../../../arm-none-eabi/lib/thumb/v7e-m/fpv4-sp/hard/libc.a(lib_a-mprec.o)
                0x00000000000314c8                __lo0bits
 .text.__i2b    0x0000000000031528       0x14 /usr/bin/../lib/gcc/arm-none-eabi/7.3.1/../../../../arm-none-eabi/lib/thumb/v7e-m/fpv4-sp/hard/libc.a(lib_a-mprec.o)
                0x0000000000031528                __i2b
 .text.__multiply
                0x000000000003153c      0x14c /usr/bin/../lib/gcc/arm-none-eabi/7.3.1/../../../../arm-none-eabi/lib/thumb/v7e-m/fpv4-sp/hard/libc.a(lib_a-mprec.o)
                0x000000000003153c                __multiply
 .text.__pow5mult
                0x0000000000031688       0xa0 /usr/bin/../lib/gcc/arm-none-eabi/7.3.1/../../../../arm-none-eabi/lib/thumb/v7e-m/fpv4-sp/hard/libc.a(lib_a-mprec.o)
                0x0000000000031688                __pow5mult
 .text.__lshift
                0x0000000000031728       0xac /usr/bin/../lib/gcc/arm-none-eabi/7.3.1/../../../../arm-none-eabi/lib/thumb/v7e-m/fpv4-sp/hard/libc.a(lib_a-mprec.o)
                0x0000000000031728                __lshift
 .text.__mcmp   0x00000000000317d4       0x38 /usr/bin/../lib/gcc/arm-none-eabi/7.3.1/../../../../arm-none-eabi/lib/thumb/v7e-m/fpv4-sp/hard/libc.a(lib_a-mprec.o)
                0x00000000000317d4                __mcmp
 .text.__mdiff  0x000000000003180c       0xec /usr/bin/../lib/gcc/arm-none-eabi/7.3.1/../../../../arm-none-eabi/lib/thumb/v7e-m/fpv4-sp/hard/libc.a(lib_a-mprec.o)
                0x000000000003180c                __mdiff
 .text.__d2b    0x00000000000318f8       0xc4 /usr/bin/../lib/gcc/arm-none-eabi/7.3.1/../../../../arm-none-eabi/lib/thumb/v7e-m/fpv4-sp/hard/libc.a(lib_a-mprec.o)
                0x00000000000318f8                __d2b
 .text.frexp    0x00000000000319bc       0x68 /usr/bin/../lib/gcc/arm-none-eabi/7.3.1/../../../../arm-none-eabi/lib/thumb/v7e-m/fpv4-sp/hard/libc.a(lib_a-s_frexp.o)
                0x00000000000319bc                frexp
 .text._sbrk_r  0x0000000000031a24       0x24 /usr/bin/../lib/gcc/arm-none-eabi/7.3.1/../../../../arm-none-eabi/lib/thumb/v7e-m/fpv4-sp/hard/libc.a(lib_a-sbrkr.o)
                0x0000000000031a24                _sbrk_r
 .text.__sread  0x0000000000031a48       0x24 /usr/bin/../lib/gcc/arm-none-eabi/7.3.1/../../../../arm-none-eabi/lib/thumb/v7e-m/fpv4-sp/hard/libc.a(lib_a-stdio.o)
                0x0000000000031a48                __sread
 .text.__swrite
                0x0000000000031a6c       0x3c /usr/bin/../lib/gcc/arm-none-eabi/7.3.1/../../../../arm-none-eabi/lib/thumb/v7e-m/fpv4-sp/hard/libc.a(lib_a-stdio.o)
                0x0000000000031a6c                __swrite
 .text.__sseek  0x0000000000031aa8       0x20 /usr/bin/../lib/gcc/arm-none-eabi/7.3.1/../../../../arm-none-eabi/lib/thumb/v7e-m/fpv4-sp/hard/libc.a(lib_a-stdio.o)
                0x0000000000031aa8                __sseek
 .text.__sclose
                0x0000000000031ac8        0x8 /usr/bin/../lib/gcc/arm-none-eabi/7.3.1/../../../../arm-none-eabi/lib/thumb/v7e-m/fpv4-sp/hard/libc.a(lib_a-stdio.o)
                0x0000000000031ac8                __sclose
 .text.strncpy  0x0000000000031ad0       0x64 /usr/bin/../lib/gcc/arm-none-eabi/7.3.1/../../../../arm-none-eabi/lib/thumb/v7e-m/fpv4-sp/hard/libc.a(lib_a-strncpy.o)
                0x0000000000031ad0                strncpy
 .text.__sprint_r.part.0
                0x0000000000031b34       0x78 /usr/bin/../lib/gcc/arm-none-eabi/7.3.1/../../../../arm-none-eabi/lib/thumb/v7e-m/fpv4-sp/hard/libc.a(lib_a-vfiprintf.o)
 .text.__sprint_r
                0x0000000000031bac       0x14 /usr/bin/../lib/gcc/arm-none-eabi/7.3.1/../../../../arm-none-eabi/lib/thumb/v7e-m/fpv4-sp/hard/libc.a(lib_a-vfiprintf.o)
                0x0000000000031bac                __sprint_r
 .text.__register_exitproc
                0x0000000000031bc0       0xc0 /usr/bin/../lib/gcc/arm-none-eabi/7.3.1/../../../../arm-none-eabi/lib/thumb/v7e-m/fpv4-sp/hard/libc.a(lib_a-__atexit.o)
                0x0000000000031bc0                __register_exitproc
 .text._calloc_r
                0x0000000000031c80       0x68 /usr/bin/../lib/gcc/arm-none-eabi/7.3.1/../../../../arm-none-eabi/lib/thumb/v7e-m/fpv4-sp/hard/libc.a(lib_a-callocr.o)
                0x0000000000031c80                _calloc_r
 .text._close_r
                0x0000000000031ce8       0x24 /usr/bin/../lib/gcc/arm-none-eabi/7.3.1/../../../../arm-none-eabi/lib/thumb/v7e-m/fpv4-sp/hard/libc.a(lib_a-closer.o)
                0x0000000000031ce8                _close_r
 .text._fclose_r
                0x0000000000031d0c       0xd0 /usr/bin/../lib/gcc/arm-none-eabi/7.3.1/../../../../arm-none-eabi/lib/thumb/v7e-m/fpv4-sp/hard/libc.a(lib_a-fclose.o)
                0x0000000000031d0c                _fclose_r
 .text.__fputwc
                0x0000000000031ddc       0xa0 /usr/bin/../lib/gcc/arm-none-eabi/7.3.1/../../../../arm-none-eabi/lib/thumb/v7e-m/fpv4-sp/hard/libc.a(lib_a-fputwc.o)
                0x0000000000031ddc                __fputwc
 .text._fputwc_r
                0x0000000000031e7c       0x64 /usr/bin/../lib/gcc/arm-none-eabi/7.3.1/../../../../arm-none-eabi/lib/thumb/v7e-m/fpv4-sp/hard/libc.a(lib_a-fputwc.o)
                0x0000000000031e7c                _fputwc_r
 .text._fstat_r
                0x0000000000031ee0       0x28 /usr/bin/../lib/gcc/arm-none-eabi/7.3.1/../../../../arm-none-eabi/lib/thumb/v7e-m/fpv4-sp/hard/libc.a(lib_a-fstatr.o)
                0x0000000000031ee0                _fstat_r
 .text.__sfvwrite_r
                0x0000000000031f08      0x2fc /usr/bin/../lib/gcc/arm-none-eabi/7.3.1/../../../../arm-none-eabi/lib/thumb/v7e-m/fpv4-sp/hard/libc.a(lib_a-fvwrite.o)
                0x0000000000031f08                __sfvwrite_r
 .text._isatty_r
                0x0000000000032204       0x24 /usr/bin/../lib/gcc/arm-none-eabi/7.3.1/../../../../arm-none-eabi/lib/thumb/v7e-m/fpv4-sp/hard/libc.a(lib_a-isattyr.o)
                0x0000000000032204                _isatty_r
 .text._lseek_r
                0x0000000000032228       0x2c /usr/bin/../lib/gcc/arm-none-eabi/7.3.1/../../../../arm-none-eabi/lib/thumb/v7e-m/fpv4-sp/hard/libc.a(lib_a-lseekr.o)
                0x0000000000032228                _lseek_r
 .text.memmove  0x0000000000032254       0xc8 /usr/bin/../lib/gcc/arm-none-eabi/7.3.1/../../../../arm-none-eabi/lib/thumb/v7e-m/fpv4-sp/hard/libc.a(lib_a-memmove.o)
                0x0000000000032254                memmove
 .text._read_r  0x000000000003231c       0x2c /usr/bin/../lib/gcc/arm-none-eabi/7.3.1/../../../../arm-none-eabi/lib/thumb/v7e-m/fpv4-sp/hard/libc.a(lib_a-readr.o)
                0x000000000003231c                _read_r
 .text._realloc_r
                0x0000000000032348      0x35c /usr/bin/../lib/gcc/arm-none-eabi/7.3.1/../../../../arm-none-eabi/lib/thumb/v7e-m/fpv4-sp/hard/libc.a(lib_a-reallocr.o)
                0x0000000000032348                _realloc_r
 .text.__swbuf_r
                0x00000000000326a4       0xb0 /usr/bin/../lib/gcc/arm-none-eabi/7.3.1/../../../../arm-none-eabi/lib/thumb/v7e-m/fpv4-sp/hard/libc.a(lib_a-wbuf.o)
                0x00000000000326a4                __swbuf_r
 .text._wcrtomb_r
                0x0000000000032754       0x50 /usr/bin/../lib/gcc/arm-none-eabi/7.3.1/../../../../arm-none-eabi/lib/thumb/v7e-m/fpv4-sp/hard/libc.a(lib_a-wcrtomb.o)
                0x0000000000032754                _wcrtomb_r
 .text._close   0x00000000000327a4       0x10 /usr/bin/../lib/gcc/arm-none-eabi/7.3.1/../../../../arm-none-eabi/lib/thumb/v7e-m/fpv4-sp/hard/libnosys.a(close.o)
                0x00000000000327a4                _close
 .text._fstat   0x00000000000327b4       0x10 /usr/bin/../lib/gcc/arm-none-eabi/7.3.1/../../../../arm-none-eabi/lib/thumb/v7e-m/fpv4-sp/hard/libnosys.a(fstat.o)
                0x00000000000327b4                _fstat
 .text._isatty  0x00000000000327c4       0x10 /usr/bin/../lib/gcc/arm-none-eabi/7.3.1/../../../../arm-none-eabi/lib/thumb/v7e-m/fpv4-sp/hard/libnosys.a(isatty.o)
                0x00000000000327c4                _isatty
 .text._lseek   0x00000000000327d4       0x10 /usr/bin/../lib/gcc/arm-none-eabi/7.3.1/../../../../arm-none-eabi/lib/thumb/v7e-m/fpv4-sp/hard/libnosys.a(lseek.o)
                0x00000000000327d4                _lseek
 .text._read    0x00000000000327e4       0x10 /usr/bin/../lib/gcc/arm-none-eabi/7.3.1/../../../../arm-none-eabi/lib/thumb/v7e-m/fpv4-sp/hard/libnosys.a(read.o)
                0x00000000000327e4                _read
 .text._sbrk    0x00000000000327f4       0x1c /usr/bin/../lib/gcc/arm-none-eabi/7.3.1/../../../../arm-none-eabi/lib/thumb/v7e-m/fpv4-sp/hard/libnosys.a(sbrk.o)
                0x00000000000327f4                _sbrk
 .text._exit    0x0000000000032810        0x4 /usr/bin/../lib/gcc/arm-none-eabi/7.3.1/../../../../arm-none-eabi/lib/thumb/v7e-m/fpv4-sp/hard/libnosys.a(_exit.o)
                0x0000000000032810                _exit
 .text          0x0000000000032814      0x378 /usr/bin/../lib/gcc/arm-none-eabi/7.3.1/thumb/v7e-m/fpv4-sp/hard/libgcc.a(_arm_addsubdf3.o)
                0x0000000000032814                __aeabi_drsub
                0x000000000003281c                __aeabi_dsub
                0x000000000003281c                __subdf3
                0x0000000000032820                __adddf3
                0x0000000000032820                __aeabi_dadd
                0x0000000000032a98                __aeabi_ui2d
                0x0000000000032a98                __floatunsidf
                0x0000000000032ab8                __floatsidf
                0x0000000000032ab8                __aeabi_i2d
                0x0000000000032adc                __extendsfdf2
                0x0000000000032adc                __aeabi_f2d
                0x0000000000032b20                __aeabi_ul2d
                0x0000000000032b20                __floatundidf
                0x0000000000032b30                __floatdidf
                0x0000000000032b30                __aeabi_l2d
 .text          0x0000000000032b8c      0x424 /usr/bin/../lib/gcc/arm-none-eabi/7.3.1/thumb/v7e-m/fpv4-sp/hard/libgcc.a(_arm_muldivdf3.o)
                0x0000000000032b8c                __aeabi_dmul
                0x0000000000032b8c                __muldf3
                0x0000000000032de0                __aeabi_ddiv
                0x0000000000032de0                __divdf3
 .text          0x0000000000032fb0      0x110 /usr/bin/../lib/gcc/arm-none-eabi/7.3.1/thumb/v7e-m/fpv4-sp/hard/libgcc.a(_arm_cmpdf2.o)
                0x0000000000032fb0                __gtdf2
                0x0000000000032fb0                __gedf2
                0x0000000000032fb8                __ltdf2
                0x0000000000032fb8                __ledf2
                0x0000000000032fc0                __cmpdf2
                0x0000000000032fc0                __eqdf2
                0x0000000000032fc0                __nedf2
                0x000000000003303c                __aeabi_cdrcmple
                0x000000000003304c                __aeabi_cdcmple
                0x000000000003304c                __aeabi_cdcmpeq
                0x000000000003305c                __aeabi_dcmpeq
                0x0000000000033070                __aeabi_dcmplt
                0x0000000000033084                __aeabi_dcmple
                0x0000000000033098                __aeabi_dcmpge
                0x00000000000330ac                __aeabi_dcmpgt
 .text          0x00000000000330c0       0x2c /usr/bin/../lib/gcc/arm-none-eabi/7.3.1/thumb/v7e-m/fpv4-sp/hard/libgcc.a(_arm_unorddf2.o)
                0x00000000000330c0                __aeabi_dcmpun
                0x00000000000330c0                __unorddf2
 .text          0x00000000000330ec       0x50 /usr/bin/../lib/gcc/arm-none-eabi/7.3.1/thumb/v7e-m/fpv4-sp/hard/libgcc.a(_arm_fixdfsi.o)
                0x00000000000330ec                __fixdfsi
                0x00000000000330ec                __aeabi_d2iz
 .text          0x000000000003313c       0x30 /usr/bin/../lib/gcc/arm-none-eabi/7.3.1/thumb/v7e-m/fpv4-sp/hard/libgcc.a(_aeabi_uldivmod.o)
                0x000000000003313c                __aeabi_uldivmod
 .text          0x000000000003316c      0x2cc /usr/bin/../lib/gcc/arm-none-eabi/7.3.1/thumb/v7e-m/fpv4-sp/hard/libgcc.a(_udivmoddi4.o)
                0x000000000003316c                __udivmoddi4
 .text          0x0000000000033438        0x4 /usr/bin/../lib/gcc/arm-none-eabi/7.3.1/thumb/v7e-m/fpv4-sp/hard/libgcc.a(_dvmd_tls.o)
                0x0000000000033438                __aeabi_ldiv0
                0x0000000000033438                __aeabi_idiv0
 *(.init)
 .init          0x000000000003343c        0x4 /usr/bin/../lib/gcc/arm-none-eabi/7.3.1/thumb/v7e-m/fpv4-sp/hard/crti.o
                0x000000000003343c                _init
 .init          0x0000000000033440        0x8 /usr/bin/../lib/gcc/arm-none-eabi/7.3.1/thumb/v7e-m/fpv4-sp/hard/crtn.o
 *(.fini)
 .fini          0x0000000000033448        0x4 /usr/bin/../lib/gcc/arm-none-eabi/7.3.1/thumb/v7e-m/fpv4-sp/hard/crti.o
                0x0000000000033448                _fini
 .fini          0x000000000003344c        0x8 /usr/bin/../lib/gcc/arm-none-eabi/7.3.1/thumb/v7e-m/fpv4-sp/hard/crtn.o
 *crtbegin.o(.ctors)
 *crtbegin?.o(.ctors)
 *(EXCLUDE_FILE(*crtend.o *crtend?.o) .ctors)
 *(SORT_BY_NAME(.ctors.*))
 *(.ctors)
 *crtbegin.o(.dtors)
 *crtbegin?.o(.dtors)
 *(EXCLUDE_FILE(*crtend.o *crtend?.o) .dtors)
 *(SORT_BY_NAME(.dtors.*))
 *(.dtors)
 *(.rodata*)
 .rodata        0x0000000000033454       0x30 _build/main.o-debug
 *fill*         0x0000000000033484        0xc 
 .rodata.delay_machine_code.8617
                0x0000000000033490        0x6 _build/main.o-debug
 *fill*         0x0000000000033496        0x2 
 .rodata.LEDS   0x0000000000033498        0x3 _build/better_error_handling.o-debug
 *fill*         0x000000000003349b        0x1 
 .rodata        0x000000000003349c       0xc2 _build/better_error_handling.o-debug
 *fill*         0x000000000003355e        0x2 
 .rodata.delay_machine_code.8629
                0x0000000000033560        0x6 _build/better_error_handling.o-debug
 *fill*         0x0000000000033566        0x2 
 .rodata        0x0000000000033568       0x17 _build/SEGGER_RTT.o-debug
 *fill*         0x000000000003357f        0x1 
 .rodata.delay_machine_code.9273
                0x0000000000033580        0x6 _build/app_timer.o-debug
 *fill*         0x0000000000033586        0x2 
 .rodata        0x0000000000033588       0x55 _build/app_util_platform.o-debug
 *fill*         0x00000000000335dd        0x3 
 .rodata        0x00000000000335e0      0x617 _build/hardfault_implementation.o-debug
 *fill*         0x0000000000033bf7        0x1 
 .rodata        0x0000000000033bf8       0x50 _build/nrf_balloc.o-debug
 .rodata        0x0000000000033c48       0x57 _build/nrf_drv_clock.o-debug
 *fill*         0x0000000000033c9f        0x1 
 .rodata        0x0000000000033ca0       0x46 _build/nrf_fprintf.o-debug
 *fill*         0x0000000000033ce6        0x2 
 .rodata        0x0000000000033ce8       0x4d _build/nrf_fprintf_format.o-debug
 *fill*         0x0000000000033d35        0x3 
 .rodata._aV2C.7562
                0x0000000000033d38       0x10 _build/nrf_fprintf_format.o-debug
 .rodata        0x0000000000033d48      0x1b3 _build/nrf_fstorage.o-debug
 *fill*         0x0000000000033efb        0x1 
 .rodata.nrf_log_backend_rtt_api
                0x0000000000033efc        0xc _build/nrf_log_backend_rtt.o-debug
                0x0000000000033efc                nrf_log_backend_rtt_api
 *fill*         0x0000000000033f08        0x8 
 .rodata.delay_machine_code.9549
                0x0000000000033f10        0x6 _build/nrf_log_backend_rtt.o-debug
 *fill*         0x0000000000033f16        0x2 
 .rodata        0x0000000000033f18       0x6f _build/nrf_log_default_backends.o-debug
 *fill*         0x0000000000033f87        0x1 
 .rodata.m_log_push_ringbuf
                0x0000000000033f88        0xc _build/nrf_log_frontend.o-debug
 .rodata        0x0000000000033f94       0x6d _build/nrf_log_frontend.o-debug
 *fill*         0x0000000000034001        0x3 
 .rodata        0x0000000000034004       0xaa _build/nrf_log_str_formatter.o-debug
 *fill*         0x00000000000340ae        0x2 
 .rodata        0x00000000000340b0       0x50 _build/nrf_memobj.o-debug
 .rodata        0x0000000000034100      0x118 _build/nrf_pwr_mgmt.o-debug
 .rodata        0x0000000000034218       0x69 _build/nrf_section_iter.o-debug
 *fill*         0x0000000000034281        0x3 
 .rodata.m_unknown_str
                0x0000000000034284       0x13 _build/nrf_strerror.o-debug
 *fill*         0x0000000000034297        0x1 
 .rodata        0x0000000000034298      0x3e9 _build/nrf_strerror.o-debug
 *fill*         0x0000000000034681        0x3 
 .rodata.nrf_strerror_array
                0x0000000000034684      0x128 _build/nrf_strerror.o-debug
 .rodata        0x00000000000347ac       0x99 _build/nrfx_clock.o-debug
 *fill*         0x0000000000034845        0x3 
 .rodata        0x0000000000034848       0xde _build/nrfx_gpiote.o-debug
 *fill*         0x0000000000034926        0x2 
 .rodata        0x0000000000034928        0x4 _build/nrfx_ppi.o-debug
 .rodata        0x000000000003492c       0x53 _build/nrfx_prs.o-debug
 *fill*         0x000000000003497f        0x1 
 .rodata        0x0000000000034980      0x11b _build/nrfx_pwm.o-debug
 *fill*         0x0000000000034a9b        0x1 
 .rodata        0x0000000000034a9c       0xdd _build/nrfx_saadc.o-debug
 *fill*         0x0000000000034b79        0x3 
 .rodata        0x0000000000034b7c       0xdc _build/nrfx_spim.o-debug
 .rodata        0x0000000000034c58       0x99 _build/nrfx_timer.o-debug
 *fill*         0x0000000000034cf1        0x3 
 .rodata        0x0000000000034cf4       0xdc _build/nrfx_twim.o-debug
 .rodata        0x0000000000034dd0       0xdc _build/nrfx_uart.o-debug
 .rodata        0x0000000000034eac       0xdd _build/nrfx_uarte.o-debug
 *fill*         0x0000000000034f89        0x3 
 .rodata        0x0000000000034f8c      0x157 _build/nrf_ble_gatt.o-debug
 *fill*         0x00000000000350e3        0x1 
 .rodata        0x00000000000350e4       0xc8 _build/nrf_sdh.o-debug
 .rodata.sdh_stack_observers
                0x00000000000351ac        0xc _build/nrf_sdh.o-debug
 .rodata        0x00000000000351b8      0x34a _build/nrf_sdh_ble.o-debug
 *fill*         0x0000000000035502        0x2 
 .rodata.sdh_ble_observers
                0x0000000000035504        0xc _build/nrf_sdh_ble.o-debug
 .rodata        0x0000000000035510       0xf4 _build/simple_ble.o-debug
 .rodata._global_impure_ptr
                0x0000000000035604        0x4 /usr/bin/../lib/gcc/arm-none-eabi/7.3.1/../../../../arm-none-eabi/lib/thumb/v7e-m/fpv4-sp/hard/libc.a(lib_a-impure.o)
                0x0000000000035604                _global_impure_ptr
 .rodata._setlocale_r.str1.4
                0x0000000000035608        0xa /usr/bin/../lib/gcc/arm-none-eabi/7.3.1/../../../../arm-none-eabi/lib/thumb/v7e-m/fpv4-sp/hard/libc.a(lib_a-locale.o)
                                          0xd (size before relaxing)
 *fill*         0x0000000000035612        0x2 
 .rodata.str1.4
                0x0000000000035614        0x2 /usr/bin/../lib/gcc/arm-none-eabi/7.3.1/../../../../arm-none-eabi/lib/thumb/v7e-m/fpv4-sp/hard/libc.a(lib_a-locale.o)
 *fill*         0x0000000000035616        0x2 
 .rodata._vfprintf_r.str1.4
                0x0000000000035618       0x42 /usr/bin/../lib/gcc/arm-none-eabi/7.3.1/../../../../arm-none-eabi/lib/thumb/v7e-m/fpv4-sp/hard/libc.a(lib_a-vfprintf.o)
 *fill*         0x000000000003565a        0x2 
 .rodata.blanks.8605
                0x000000000003565c       0x10 /usr/bin/../lib/gcc/arm-none-eabi/7.3.1/../../../../arm-none-eabi/lib/thumb/v7e-m/fpv4-sp/hard/libc.a(lib_a-vfprintf.o)
 .rodata.zeroes.8606
                0x000000000003566c       0x10 /usr/bin/../lib/gcc/arm-none-eabi/7.3.1/../../../../arm-none-eabi/lib/thumb/v7e-m/fpv4-sp/hard/libc.a(lib_a-vfprintf.o)
 .rodata._ctype_
                0x000000000003567c      0x101 /usr/bin/../lib/gcc/arm-none-eabi/7.3.1/../../../../arm-none-eabi/lib/thumb/v7e-m/fpv4-sp/hard/libc.a(lib_a-ctype_.o)
                0x000000000003567c                _ctype_
 *fill*         0x000000000003577d        0x3 
 .rodata._dtoa_r.str1.4
                0x0000000000035780       0x10 /usr/bin/../lib/gcc/arm-none-eabi/7.3.1/../../../../arm-none-eabi/lib/thumb/v7e-m/fpv4-sp/hard/libc.a(lib_a-dtoa.o)
                                         0x12 (size before relaxing)
 .rodata.__mprec_bigtens
                0x0000000000035790       0x28 /usr/bin/../lib/gcc/arm-none-eabi/7.3.1/../../../../arm-none-eabi/lib/thumb/v7e-m/fpv4-sp/hard/libc.a(lib_a-mprec.o)
                0x0000000000035790                __mprec_bigtens
 .rodata.__mprec_tens
                0x00000000000357b8       0xc8 /usr/bin/../lib/gcc/arm-none-eabi/7.3.1/../../../../arm-none-eabi/lib/thumb/v7e-m/fpv4-sp/hard/libc.a(lib_a-mprec.o)
                0x00000000000357b8                __mprec_tens
 .rodata.p05.7367
                0x0000000000035880        0xc /usr/bin/../lib/gcc/arm-none-eabi/7.3.1/../../../../arm-none-eabi/lib/thumb/v7e-m/fpv4-sp/hard/libc.a(lib_a-mprec.o)
 *(.eh_frame*)
 .eh_frame      0x000000000003588c        0x0 /usr/bin/../lib/gcc/arm-none-eabi/7.3.1/thumb/v7e-m/fpv4-sp/hard/crtbegin.o
 .eh_frame      0x000000000003588c        0x4 /usr/bin/../lib/gcc/arm-none-eabi/7.3.1/thumb/v7e-m/fpv4-sp/hard/crtend.o

.glue_7         0x0000000000035890        0x0
 .glue_7        0x0000000000035890        0x0 linker stubs

.glue_7t        0x0000000000035890        0x0
 .glue_7t       0x0000000000035890        0x0 linker stubs

.vfp11_veneer   0x0000000000035890        0x0
 .vfp11_veneer  0x0000000000035890        0x0 linker stubs

.v4_bx          0x0000000000035890        0x0
 .v4_bx         0x0000000000035890        0x0 linker stubs

.iplt           0x0000000000035890        0x0
 .iplt          0x0000000000035890        0x0 /usr/bin/../lib/gcc/arm-none-eabi/7.3.1/thumb/v7e-m/fpv4-sp/hard/crtbegin.o

.mem_section_dummy_rom

.sdh_soc_observers
                0x0000000000035890       0x10
                [!provide]                        PROVIDE (__start_sdh_soc_observers = .)
 *(SORT_BY_NAME(.sdh_soc_observers*))
 .sdh_soc_observers0
                0x0000000000035890        0x8 _build/nrf_drv_clock.o-debug
 .sdh_soc_observers1
                0x0000000000035898        0x8 _build/simple_ble.o-debug
                [!provide]                        PROVIDE (__stop_sdh_soc_observers = .)

.crypto_data    0x00000000000358a0        0x0
                [!provide]                        PROVIDE (__start_crypto_data = .)
 *(SORT_BY_NAME(.crypto_data*))
                [!provide]                        PROVIDE (__stop_crypto_data = .)

.log_const_data
                0x00000000000358a0       0x98
                0x00000000000358a0                PROVIDE (__start_log_const_data = .)
 *(SORT_BY_NAME(.log_const_data*))
 .log_const_data_CLOCK
                0x00000000000358a0        0x8 _build/nrfx_clock.o-debug
                0x00000000000358a0                m_nrf_log_CLOCK_logs_data_const
 .log_const_data_GPIOTE
                0x00000000000358a8        0x8 _build/nrfx_gpiote.o-debug
                0x00000000000358a8                m_nrf_log_GPIOTE_logs_data_const
 .log_const_data_PPI
                0x00000000000358b0        0x8 _build/nrfx_ppi.o-debug
                0x00000000000358b0                m_nrf_log_PPI_logs_data_const
 .log_const_data_PRS
                0x00000000000358b8        0x8 _build/nrfx_prs.o-debug
                0x00000000000358b8                m_nrf_log_PRS_logs_data_const
 .log_const_data_PWM
                0x00000000000358c0        0x8 _build/nrfx_pwm.o-debug
                0x00000000000358c0                m_nrf_log_PWM_logs_data_const
 .log_const_data_SAADC
                0x00000000000358c8        0x8 _build/nrfx_saadc.o-debug
                0x00000000000358c8                m_nrf_log_SAADC_logs_data_const
 .log_const_data_SPIM
                0x00000000000358d0        0x8 _build/nrfx_spim.o-debug
                0x00000000000358d0                m_nrf_log_SPIM_logs_data_const
 .log_const_data_TIMER
                0x00000000000358d8        0x8 _build/nrfx_timer.o-debug
                0x00000000000358d8                m_nrf_log_TIMER_logs_data_const
 .log_const_data_TWIM
                0x00000000000358e0        0x8 _build/nrfx_twim.o-debug
                0x00000000000358e0                m_nrf_log_TWIM_logs_data_const
 .log_const_data_UART
                0x00000000000358e8        0x8 _build/nrfx_uart.o-debug
                0x00000000000358e8                m_nrf_log_UART_logs_data_const
 .log_const_data_UARTE
                0x00000000000358f0        0x8 _build/nrfx_uarte.o-debug
                0x00000000000358f0                m_nrf_log_UARTE_logs_data_const
 .log_const_data_app
                0x00000000000358f8        0x8 _build/nrf_log_frontend.o-debug
                0x00000000000358f8                m_nrf_log_app_logs_data_const
 .log_const_data_clock
                0x0000000000035900        0x8 _build/nrf_drv_clock.o-debug
                0x0000000000035900                m_nrf_log_clock_logs_data_const
 .log_const_data_hardfault
                0x0000000000035908        0x8 _build/hardfault_implementation.o-debug
                0x0000000000035908                m_nrf_log_hardfault_logs_data_const
 .log_const_data_nrf_ble_gatt
                0x0000000000035910        0x8 _build/nrf_ble_gatt.o-debug
                0x0000000000035910                m_nrf_log_nrf_ble_gatt_logs_data_const
 .log_const_data_nrf_fstorage
                0x0000000000035918        0x8 _build/nrf_fstorage.o-debug
                0x0000000000035918                m_nrf_log_nrf_fstorage_logs_data_const
 .log_const_data_nrf_sdh
                0x0000000000035920        0x8 _build/nrf_sdh.o-debug
                0x0000000000035920                m_nrf_log_nrf_sdh_logs_data_const
 .log_const_data_nrf_sdh_ble
                0x0000000000035928        0x8 _build/nrf_sdh_ble.o-debug
                0x0000000000035928                m_nrf_log_nrf_sdh_ble_logs_data_const
 .log_const_data_pwr_mgmt
                0x0000000000035930        0x8 _build/nrf_pwr_mgmt.o-debug
                0x0000000000035930                m_nrf_log_pwr_mgmt_logs_data_const
                0x0000000000035938                PROVIDE (__stop_log_const_data = .)

.nrf_balloc     0x0000000000035938       0x14
                [!provide]                        PROVIDE (__start_nrf_balloc = .)
 *(.nrf_balloc)
 .nrf_balloc    0x0000000000035938       0x14 _build/nrf_log_frontend.o-debug
                0x0000000000035938                log_mempool
                [!provide]                        PROVIDE (__stop_nrf_balloc = .)

.nrf_queue      0x000000000003594c       0x28
                [!provide]                        PROVIDE (__start_nrf_queue = .)
 *(.nrf_queue)
 .nrf_queue     0x000000000003594c       0x28 _build/kobukiUtilities.o-debug
                0x000000000003594c                serial_queues_rxq
                0x0000000000035960                serial_queues_txq
                [!provide]                        PROVIDE (__stop_nrf_queue = .)

.sdh_state_observers
                0x0000000000035974        0x8
                0x0000000000035974                PROVIDE (__start_sdh_state_observers = .)
 *(SORT_BY_NAME(.sdh_state_observers*))
 .sdh_state_observers0
                0x0000000000035974        0x8 _build/nrf_drv_clock.o-debug
                0x000000000003597c                PROVIDE (__stop_sdh_state_observers = .)

.sdh_stack_observers
                0x000000000003597c        0x8
                0x000000000003597c                PROVIDE (__start_sdh_stack_observers = .)
 *(SORT_BY_NAME(.sdh_stack_observers*))
 .sdh_stack_observers0
                0x000000000003597c        0x8 _build/nrf_sdh_ble.o-debug
                0x0000000000035984                PROVIDE (__stop_sdh_stack_observers = .)

.sdh_req_observers
                0x0000000000035984        0x0
                0x0000000000035984                PROVIDE (__start_sdh_req_observers = .)
 *(SORT_BY_NAME(.sdh_req_observers*))
                0x0000000000035984                PROVIDE (__stop_sdh_req_observers = .)

.cli_command    0x0000000000035984        0x0
                [!provide]                        PROVIDE (__start_cli_command = .)
 *(.cli_command)
                [!provide]                        PROVIDE (__stop_cli_command = .)

.pwr_mgmt_data  0x0000000000035984        0x0
                0x0000000000035984                PROVIDE (__start_pwr_mgmt_data = .)
 *(SORT_BY_NAME(.pwr_mgmt_data*))
                0x0000000000035984                PROVIDE (__stop_pwr_mgmt_data = .)

.sdh_ble_observers
                0x0000000000035984       0x28
                0x0000000000035984                PROVIDE (__start_sdh_ble_observers = .)
 *(SORT_BY_NAME(.sdh_ble_observers*))
 .sdh_ble_observers1
                0x0000000000035984        0x8 _build/ble_conn_params.o-debug
 .sdh_ble_observers1
                0x000000000003598c       0x10 _build/simple_ble.o-debug
 .sdh_ble_observers2
                0x000000000003599c        0x8 _build/simple_ble.o-debug
 .sdh_ble_observers3
                0x00000000000359a4        0x8 _build/simple_ble.o-debug
                0x00000000000359ac                PROVIDE (__stop_sdh_ble_observers = .)

.log_backends   0x00000000000359ac       0x10
 .log_backends  0x00000000000359ac       0x10 _build/nrf_log_default_backends.o-debug

.dfu_trans      0x00000000000359bc        0x0
                [!provide]                        PROVIDE (__start_dfu_trans = .)
 *(SORT_BY_NAME(.dfu_trans*))
                [!provide]                        PROVIDE (__stop_dfu_trans = .)

.ARM.extab
 *(.ARM.extab* .gnu.linkonce.armextab.*)
                0x00000000000359bc                __exidx_start = .

.ARM.exidx      0x00000000000359bc        0x8
 *(.ARM.exidx* .gnu.linkonce.armexidx.*)
 .ARM.exidx     0x00000000000359bc        0x8 /usr/bin/../lib/gcc/arm-none-eabi/7.3.1/../../../../arm-none-eabi/lib/thumb/v7e-m/fpv4-sp/hard/crt0.o
 .ARM.exidx     0x00000000000359c4        0x0 /usr/bin/../lib/gcc/arm-none-eabi/7.3.1/thumb/v7e-m/fpv4-sp/hard/libgcc.a(_udivmoddi4.o)
                                          0x8 (size before relaxing)
                0x00000000000359c4                __exidx_end = .
                0x00000000000359c4                __etext = .

.rel.dyn        0x00000000000359c4        0x0
 .rel.iplt      0x00000000000359c4        0x0 /usr/bin/../lib/gcc/arm-none-eabi/7.3.1/thumb/v7e-m/fpv4-sp/hard/crtbegin.o

.data           0x00000000200098a8      0xa70 load address 0x00000000000359c4
                0x00000000200098a8                __data_start__ = .
 *(vtable)
 *(.data*)
 .data.cfsr_msgs.9468
                0x00000000200098a8       0x68 _build/hardfault_implementation.o-debug
 .data.log_backend_cb_rtt_log_backend
                0x0000000020009910        0x8 _build/nrf_log_default_backends.o-debug
 .data.severity_names
                0x0000000020009918       0x14 _build/nrf_log_str_formatter.o-debug
 .data.m_colors
                0x000000002000992c       0x24 _build/nrf_log_str_formatter.o-debug
 .data.m_scan_buffer
                0x0000000020009950        0x8 _build/simple_ble.o-debug
 .data.SystemCoreClock
                0x0000000020009958        0x4 _build/system_nrf52.o-debug
                0x0000000020009958                SystemCoreClock
 .data._impure_ptr
                0x000000002000995c        0x4 /usr/bin/../lib/gcc/arm-none-eabi/7.3.1/../../../../arm-none-eabi/lib/thumb/v7e-m/fpv4-sp/hard/libc.a(lib_a-impure.o)
                0x000000002000995c                _impure_ptr
 .data.impure_data
                0x0000000020009960      0x428 /usr/bin/../lib/gcc/arm-none-eabi/7.3.1/../../../../arm-none-eabi/lib/thumb/v7e-m/fpv4-sp/hard/libc.a(lib_a-impure.o)
 .data.__global_locale
                0x0000000020009d88      0x16c /usr/bin/../lib/gcc/arm-none-eabi/7.3.1/../../../../arm-none-eabi/lib/thumb/v7e-m/fpv4-sp/hard/libc.a(lib_a-locale.o)
                0x0000000020009d88                __global_locale
 .data.__atexit_recursive_mutex
                0x0000000020009ef4        0x4 /usr/bin/../lib/gcc/arm-none-eabi/7.3.1/../../../../arm-none-eabi/lib/thumb/v7e-m/fpv4-sp/hard/libc.a(lib_a-__call_atexit.o)
                0x0000000020009ef4                __atexit_recursive_mutex
 .data.__malloc_av_
                0x0000000020009ef8      0x408 /usr/bin/../lib/gcc/arm-none-eabi/7.3.1/../../../../arm-none-eabi/lib/thumb/v7e-m/fpv4-sp/hard/libc.a(lib_a-mallocr.o)
                0x0000000020009ef8                __malloc_av_
 .data.__malloc_sbrk_base
                0x000000002000a300        0x4 /usr/bin/../lib/gcc/arm-none-eabi/7.3.1/../../../../arm-none-eabi/lib/thumb/v7e-m/fpv4-sp/hard/libc.a(lib_a-mallocr.o)
                0x000000002000a300                __malloc_sbrk_base
 .data.__malloc_trim_threshold
                0x000000002000a304        0x4 /usr/bin/../lib/gcc/arm-none-eabi/7.3.1/../../../../arm-none-eabi/lib/thumb/v7e-m/fpv4-sp/hard/libc.a(lib_a-mallocr.o)
                0x000000002000a304                __malloc_trim_threshold
                0x000000002000a308                . = ALIGN (0x4)
                0x000000002000a308                PROVIDE (__preinit_array_start = .)
 *(.preinit_array)
                0x000000002000a308                PROVIDE (__preinit_array_end = .)
                0x000000002000a308                . = ALIGN (0x4)
                0x000000002000a308                PROVIDE (__init_array_start = .)
 *(SORT_BY_NAME(.init_array.*))
 .init_array.00000
                0x000000002000a308        0x4 /usr/bin/../lib/gcc/arm-none-eabi/7.3.1/../../../../arm-none-eabi/lib/thumb/v7e-m/fpv4-sp/hard/libc.a(lib_a-__call_atexit.o)
 *(.init_array)
 .init_array    0x000000002000a30c        0x4 /usr/bin/../lib/gcc/arm-none-eabi/7.3.1/thumb/v7e-m/fpv4-sp/hard/crtbegin.o
 .init_array    0x000000002000a310        0x4 _build/before_startup.o-debug
                0x000000002000a314                PROVIDE (__init_array_end = .)
                0x000000002000a314                . = ALIGN (0x4)
                0x000000002000a314                PROVIDE (__fini_array_start = .)
 *(SORT_BY_NAME(.fini_array.*))
 *(.fini_array)
 .fini_array    0x000000002000a314        0x4 /usr/bin/../lib/gcc/arm-none-eabi/7.3.1/thumb/v7e-m/fpv4-sp/hard/crtbegin.o
                0x000000002000a318                PROVIDE (__fini_array_end = .)
 *(.jcr*)
                0x000000002000a318                . = ALIGN (0x4)
                0x000000002000a318                __data_end__ = .
LOAD /usr/bin/../lib/gcc/arm-none-eabi/7.3.1/thumb/v7e-m/fpv4-sp/hard/crti.o
LOAD /usr/bin/../lib/gcc/arm-none-eabi/7.3.1/thumb/v7e-m/fpv4-sp/hard/crtbegin.o
LOAD /usr/bin/../lib/gcc/arm-none-eabi/7.3.1/../../../../arm-none-eabi/lib/thumb/v7e-m/fpv4-sp/hard/crt0.o
START GROUP
LOAD _build/main.o-debug
LOAD _build/display.o-debug
LOAD _build/mpu9250.o-debug
LOAD _build/kobukiUART.o-debug
LOAD _build/kobukiSensor.o-debug
LOAD _build/kobukiUtilities.o-debug
LOAD _build/kobukiSensorPoll.o-debug
LOAD _build/kobukiActuator.o-debug
LOAD _build/better_error_handling.o-debug
LOAD _build/max44009.o-debug
LOAD _build/lsm9ds1.o-debug
LOAD _build/opt3004.o-debug
LOAD _build/SEGGER_RTT.o-debug
LOAD _build/SEGGER_RTT_Syscalls_GCC.o-debug
LOAD _build/SEGGER_RTT_printf.o-debug
LOAD _build/app_error.o-debug
LOAD _build/app_error_handler_gcc.o-debug
LOAD _build/app_pwm.o-debug
LOAD _build/app_scheduler.o-debug
LOAD _build/app_timer.o-debug
LOAD _build/app_uart.o-debug
LOAD _build/app_util_platform.o-debug
LOAD _build/before_startup.o-debug
LOAD _build/ff.o-debug
LOAD _build/hardfault_handler_gcc.o-debug
LOAD _build/hardfault_implementation.o-debug
LOAD _build/mmc_nrf.o-debug
LOAD _build/nrf_assert.o-debug
LOAD _build/nrf_atomic.o-debug
LOAD _build/nrf_balloc.o-debug
LOAD _build/nrf_drv_clock.o-debug
LOAD _build/nrf_drv_ppi.o-debug
LOAD _build/nrf_drv_spi.o-debug
LOAD _build/nrf_drv_twi.o-debug
LOAD _build/nrf_drv_uart.o-debug
LOAD _build/nrf_fprintf.o-debug
LOAD _build/nrf_fprintf_format.o-debug
LOAD _build/nrf_fstorage.o-debug
LOAD _build/nrf_log_backend_rtt.o-debug
LOAD _build/nrf_log_backend_serial.o-debug
LOAD _build/nrf_log_backend_uart.o-debug
LOAD _build/nrf_log_default_backends.o-debug
LOAD _build/nrf_log_frontend.o-debug
LOAD _build/nrf_log_str_formatter.o-debug
LOAD _build/nrf_memobj.o-debug
LOAD _build/nrf_pwr_mgmt.o-debug
LOAD _build/nrf_ringbuf.o-debug
LOAD _build/nrf_queue.o-debug
LOAD _build/nrf_section_iter.o-debug
LOAD _build/nrf_serial.o-debug
LOAD _build/nrf_strerror.o-debug
LOAD _build/nrf_twi_mngr.o-debug
LOAD _build/nrfx_clock.o-debug
LOAD _build/nrfx_gpiote.o-debug
LOAD _build/nrfx_ppi.o-debug
LOAD _build/nrfx_prs.o-debug
LOAD _build/nrfx_pwm.o-debug
LOAD _build/nrfx_saadc.o-debug
LOAD _build/nrfx_spi.o-debug
LOAD _build/nrfx_spim.o-debug
LOAD _build/nrfx_timer.o-debug
LOAD _build/nrfx_twi.o-debug
LOAD _build/nrfx_twim.o-debug
LOAD _build/nrfx_uart.o-debug
LOAD _build/nrfx_uarte.o-debug
LOAD _build/simple_logger.o-debug
LOAD _build/ble_advdata.o-debug
LOAD _build/ble_advertising.o-debug
LOAD _build/ble_conn_params.o-debug
LOAD _build/ble_srv_common.o-debug
LOAD _build/nrf_ble_gatt.o-debug
LOAD _build/nrf_ble_qwr.o-debug
LOAD _build/nrf_sdh.o-debug
LOAD _build/nrf_sdh_ble.o-debug
LOAD _build/simple_ble.o-debug
LOAD _build/system_nrf52.o-debug
LOAD _build/app_error_weak.o-debug
LOAD _build/gcc_startup_nrf52.os-debug
LOAD /usr/bin/../lib/gcc/arm-none-eabi/7.3.1/../../../../arm-none-eabi/lib/thumb/v7e-m/fpv4-sp/hard/libc.a
LOAD /usr/bin/../lib/gcc/arm-none-eabi/7.3.1/../../../../arm-none-eabi/lib/thumb/v7e-m/fpv4-sp/hard/libnosys.a
LOAD /usr/bin/../lib/gcc/arm-none-eabi/7.3.1/../../../../arm-none-eabi/lib/thumb/v7e-m/fpv4-sp/hard/libm.a
LOAD /usr/bin/../lib/gcc/arm-none-eabi/7.3.1/../../../../arm-none-eabi/lib/thumb/v7e-m/fpv4-sp/hard/libstdc++.a
END GROUP
START GROUP
LOAD /usr/bin/../lib/gcc/arm-none-eabi/7.3.1/thumb/v7e-m/fpv4-sp/hard/libgcc.a
LOAD /usr/bin/../lib/gcc/arm-none-eabi/7.3.1/../../../../arm-none-eabi/lib/thumb/v7e-m/fpv4-sp/hard/libc.a
END GROUP
LOAD /usr/bin/../lib/gcc/arm-none-eabi/7.3.1/thumb/v7e-m/fpv4-sp/hard/crtend.o
LOAD /usr/bin/../lib/gcc/arm-none-eabi/7.3.1/thumb/v7e-m/fpv4-sp/hard/crtn.o
START GROUP
LOAD /usr/bin/../lib/gcc/arm-none-eabi/7.3.1/thumb/v7e-m/fpv4-sp/hard/libgcc.a
LOAD /usr/bin/../lib/gcc/arm-none-eabi/7.3.1/../../../../arm-none-eabi/lib/thumb/v7e-m/fpv4-sp/hard/libc.a
LOAD /usr/bin/../lib/gcc/arm-none-eabi/7.3.1/../../../../arm-none-eabi/lib/thumb/v7e-m/fpv4-sp/hard/libnosys.a
END GROUP

.igot.plt       0x000000002000a318        0x0 load address 0x0000000000036434
 .igot.plt      0x000000002000a318        0x0 /usr/bin/../lib/gcc/arm-none-eabi/7.3.1/thumb/v7e-m/fpv4-sp/hard/crtbegin.o

.bootloader_settings_page
                0x000000000007f000        0x0
                [!provide]                        PROVIDE (__start_bootloader_settings_page = .)
 *(SORT_BY_NAME(.bootloader_settings_page*))
                [!provide]                        PROVIDE (__stop_bootloader_settings_page = .)

.uicr_bootloader_start_address
                0x0000000010001014        0x0
                [!provide]                        PROVIDE (__start_uicr_bootloader_start_address = .)