Archive member included to satisfy reference by file (symbol)

/usr/bin/../lib/gcc/arm-none-eabi/7.3.1/../../../../arm-none-eabi/lib/thumb/v7e-m/fpv4-sp/hard/libc.a(lib_a-abs.o)
                              _build/kobukiActuator.o (abs)
/usr/bin/../lib/gcc/arm-none-eabi/7.3.1/../../../../arm-none-eabi/lib/thumb/v7e-m/fpv4-sp/hard/libc.a(lib_a-exit.o)
                              /usr/bin/../lib/gcc/arm-none-eabi/7.3.1/../../../../arm-none-eabi/lib/thumb/v7e-m/fpv4-sp/hard/crt0.o (exit)
/usr/bin/../lib/gcc/arm-none-eabi/7.3.1/../../../../arm-none-eabi/lib/thumb/v7e-m/fpv4-sp/hard/libc.a(lib_a-impure.o)
                              /usr/bin/../lib/gcc/arm-none-eabi/7.3.1/../../../../arm-none-eabi/lib/thumb/v7e-m/fpv4-sp/hard/libc.a(lib_a-exit.o) (_global_impure_ptr)
/usr/bin/../lib/gcc/arm-none-eabi/7.3.1/../../../../arm-none-eabi/lib/thumb/v7e-m/fpv4-sp/hard/libc.a(lib_a-init.o)
                              /usr/bin/../lib/gcc/arm-none-eabi/7.3.1/../../../../arm-none-eabi/lib/thumb/v7e-m/fpv4-sp/hard/crt0.o (__libc_init_array)
/usr/bin/../lib/gcc/arm-none-eabi/7.3.1/../../../../arm-none-eabi/lib/thumb/v7e-m/fpv4-sp/hard/libc.a(lib_a-locale.o)
                              _build/nrf_log_str_formatter.o (__locale_ctype_ptr)
/usr/bin/../lib/gcc/arm-none-eabi/7.3.1/../../../../arm-none-eabi/lib/thumb/v7e-m/fpv4-sp/hard/libc.a(lib_a-mbtowc_r.o)
                              /usr/bin/../lib/gcc/arm-none-eabi/7.3.1/../../../../arm-none-eabi/lib/thumb/v7e-m/fpv4-sp/hard/libc.a(lib_a-locale.o) (__ascii_mbtowc)
/usr/bin/../lib/gcc/arm-none-eabi/7.3.1/../../../../arm-none-eabi/lib/thumb/v7e-m/fpv4-sp/hard/libc.a(lib_a-memcmp.o)
                              _build/nrf_twi_mngr.o (memcmp)
/usr/bin/../lib/gcc/arm-none-eabi/7.3.1/../../../../arm-none-eabi/lib/thumb/v7e-m/fpv4-sp/hard/libc.a(lib_a-memcpy.o)
                              _build/kobukiUART.o (memcpy)
/usr/bin/../lib/gcc/arm-none-eabi/7.3.1/../../../../arm-none-eabi/lib/thumb/v7e-m/fpv4-sp/hard/libc.a(lib_a-memset.o)
                              /usr/bin/../lib/gcc/arm-none-eabi/7.3.1/../../../../arm-none-eabi/lib/thumb/v7e-m/fpv4-sp/hard/crt0.o (memset)
/usr/bin/../lib/gcc/arm-none-eabi/7.3.1/../../../../arm-none-eabi/lib/thumb/v7e-m/fpv4-sp/hard/libc.a(lib_a-printf.o)
                              _build/main.o (printf)
/usr/bin/../lib/gcc/arm-none-eabi/7.3.1/../../../../arm-none-eabi/lib/thumb/v7e-m/fpv4-sp/hard/libc.a(lib_a-setbuf.o)
                              _build/before_startup.o (setbuf)
/usr/bin/../lib/gcc/arm-none-eabi/7.3.1/../../../../arm-none-eabi/lib/thumb/v7e-m/fpv4-sp/hard/libc.a(lib_a-setvbuf.o)
                              /usr/bin/../lib/gcc/arm-none-eabi/7.3.1/../../../../arm-none-eabi/lib/thumb/v7e-m/fpv4-sp/hard/libc.a(lib_a-setbuf.o) (setvbuf)
/usr/bin/../lib/gcc/arm-none-eabi/7.3.1/../../../../arm-none-eabi/lib/thumb/v7e-m/fpv4-sp/hard/libc.a(lib_a-strcmp.o)
                              /usr/bin/../lib/gcc/arm-none-eabi/7.3.1/../../../../arm-none-eabi/lib/thumb/v7e-m/fpv4-sp/hard/libc.a(lib_a-locale.o) (strcmp)
/usr/bin/../lib/gcc/arm-none-eabi/7.3.1/../../../../arm-none-eabi/lib/thumb/v7e-m/fpv4-sp/hard/libc.a(lib_a-strcpy.o)
                              _build/SEGGER_RTT.o (strcpy)
/usr/bin/../lib/gcc/arm-none-eabi/7.3.1/../../../../arm-none-eabi/lib/thumb/v7e-m/fpv4-sp/hard/libc.a(lib_a-strlen.o)
                              _build/display.o (strlen)
/usr/bin/../lib/gcc/arm-none-eabi/7.3.1/../../../../arm-none-eabi/lib/thumb/v7e-m/fpv4-sp/hard/libc.a(lib_a-vfprintf.o)
                              /usr/bin/../lib/gcc/arm-none-eabi/7.3.1/../../../../arm-none-eabi/lib/thumb/v7e-m/fpv4-sp/hard/libc.a(lib_a-printf.o) (_vfprintf_r)
/usr/bin/../lib/gcc/arm-none-eabi/7.3.1/../../../../arm-none-eabi/lib/thumb/v7e-m/fpv4-sp/hard/libc.a(lib_a-vsnprintf.o)
                              _build/simple_logger.o (vsnprintf)
/usr/bin/../lib/gcc/arm-none-eabi/7.3.1/../../../../arm-none-eabi/lib/thumb/v7e-m/fpv4-sp/hard/libc.a(lib_a-wctomb_r.o)
                              /usr/bin/../lib/gcc/arm-none-eabi/7.3.1/../../../../arm-none-eabi/lib/thumb/v7e-m/fpv4-sp/hard/libc.a(lib_a-locale.o) (__ascii_wctomb)
/usr/bin/../lib/gcc/arm-none-eabi/7.3.1/../../../../arm-none-eabi/lib/thumb/v7e-m/fpv4-sp/hard/libc.a(lib_a-wsetup.o)
                              /usr/bin/../lib/gcc/arm-none-eabi/7.3.1/../../../../arm-none-eabi/lib/thumb/v7e-m/fpv4-sp/hard/libc.a(lib_a-vfprintf.o) (__swsetup_r)
/usr/bin/../lib/gcc/arm-none-eabi/7.3.1/../../../../arm-none-eabi/lib/thumb/v7e-m/fpv4-sp/hard/libc.a(lib_a-__call_atexit.o)
                              /usr/bin/../lib/gcc/arm-none-eabi/7.3.1/../../../../arm-none-eabi/lib/thumb/v7e-m/fpv4-sp/hard/libc.a(lib_a-exit.o) (__call_exitprocs)
/usr/bin/../lib/gcc/arm-none-eabi/7.3.1/../../../../arm-none-eabi/lib/thumb/v7e-m/fpv4-sp/hard/libc.a(lib_a-atexit.o)
[...]
Memory Configuration

Name             Origin             Length             Attributes
FLASH            0x0000000000000000 0x0000000000080000 xr
RAM              0x0000000020000000 0x0000000000010000 xrw
*default*        0x0000000000000000 0xffffffffffffffff

Linker script and memory map


.text           0x0000000000000000     0xaf90
 *(.isr_vector)
 .isr_vector    0x0000000000000000      0x200 _build/gcc_startup_nrf52.os
                0x0000000000000000                __isr_vector
 *(.text*)
 .text          0x0000000000000200       0x40 /usr/bin/../lib/gcc/arm-none-eabi/7.3.1/thumb/v7e-m/fpv4-sp/hard/crtbegin.o
 .text          0x0000000000000240       0x74 /usr/bin/../lib/gcc/arm-none-eabi/7.3.1/../../../../arm-none-eabi/lib/thumb/v7e-m/fpv4-sp/hard/crt0.o
                0x0000000000000240                _mainCRTStartup
                0x0000000000000240                _start
 .text.myHandler
                0x00000000000002b4      0x130 _build/main.o
                0x00000000000002b4                myHandler
 .text.timer_init
                0x00000000000003e4       0x30 _build/main.o
                0x00000000000003e4                timer_init
 .text.startup.main
                0x0000000000000414       0xdc _build/main.o
                0x0000000000000414                main
 .text.nrf_delay_ms.part.0
                0x00000000000004f0       0x1c _build/better_error_handling.o
 .text.app_error_fault_handler
                0x000000000000050c      0x104 _build/better_error_handling.o
                0x000000000000050c                app_error_fault_handler
 .text.HardFault_process
                0x0000000000000610       0x9a _build/better_error_handling.o
                0x0000000000000610                HardFault_process
 .text._GetAvailWriteSpace
                0x00000000000006aa       0x1c _build/SEGGER_RTT.o
 .text._WriteNoCheck
                0x00000000000006c6       0x3a _build/SEGGER_RTT.o
 .text._WriteBlocking
                0x0000000000000700       0x52 _build/SEGGER_RTT.o
 *fill*         0x0000000000000752        0x2 
 .text._DoInit  0x0000000000000754       0x60 _build/SEGGER_RTT.o
 .text.SEGGER_RTT_WriteNoLock
                0x00000000000007b4       0x68 _build/SEGGER_RTT.o
                0x00000000000007b4                SEGGER_RTT_WriteNoLock
 .text.SEGGER_RTT_Write
                0x000000000000081c       0x34 _build/SEGGER_RTT.o
                0x000000000000081c                SEGGER_RTT_Write
 .text.SEGGER_RTT_Init
                0x0000000000000850        0x4 _build/SEGGER_RTT.o
                0x0000000000000850                SEGGER_RTT_Init
 .text._write_r
                0x0000000000000854       0x12 _build/SEGGER_RTT_Syscalls_GCC.o
                0x0000000000000854                _write_r
 .text.app_error_handler
                0x0000000000000866       0x1a _build/app_error_handler_gcc.o
                0x0000000000000866                app_error_handler
 .text.pwm_dealloc
                0x0000000000000880       0x58 _build/app_pwm.o
 .text.pwm_ready_tick
                0x00000000000008d8       0x5c _build/app_pwm.o
                0x00000000000008d8                pwm_ready_tick
 .text.app_pwm_busy_check
                0x0000000000000934       0x3c _build/app_pwm.o
                0x0000000000000934                app_pwm_busy_check
 .text.app_pwm_channel_duty_ticks_set
                0x0000000000000970      0x1a0 _build/app_pwm.o
                0x0000000000000970                app_pwm_channel_duty_ticks_set
 .text.app_pwm_channel_duty_set
                0x0000000000000b10       0x12 _build/app_pwm.o
                0x0000000000000b10                app_pwm_channel_duty_set
 *fill*         0x0000000000000b22        0x2 
 .text.app_pwm_init
                0x0000000000000b24      0x344 _build/app_pwm.o
                0x0000000000000b24                app_pwm_init
 .text.app_pwm_enable
                0x0000000000000e68       0x88 _build/app_pwm.o
                0x0000000000000e68                app_pwm_enable
 .text.nrfx_coredep_delay_us.constprop.3
                0x0000000000000ef0       0x10 _build/app_timer.o
 .text.RTC1_IRQHandler
                0x0000000000000f00       0x9c _build/app_timer.o
                0x0000000000000f00                RTC1_IRQHandler
 .text.SWI0_EGU0_IRQHandler
                0x0000000000000f9c      0x2a4 _build/app_timer.o
                0x0000000000000f9c                SWI0_EGU0_IRQHandler
 .text.app_util_disable_irq
                0x0000000000001240       0x10 _build/app_util_platform.o
                0x0000000000001240                app_util_disable_irq
 .text.app_util_enable_irq
                0x0000000000001250       0x14 _build/app_util_platform.o
                0x0000000000001250                app_util_enable_irq
 .text.privilege_level_get
                0x0000000000001264       0x1a _build/app_util_platform.o
                0x0000000000001264                privilege_level_get
 *fill*         0x000000000000127e        0x2 
 .text.app_util_critical_region_enter
                0x0000000000001280       0x20 _build/app_util_platform.o
                0x0000000000001280                app_util_critical_region_enter
 .text.app_util_critical_region_exit
                0x00000000000012a0       0x20 _build/app_util_platform.o
                0x00000000000012a0                app_util_critical_region_exit
 .text.startup.called_first
                0x00000000000012c0       0x10 _build/before_startup.o
                0x00000000000012c0                called_first
 .text.HardFault_Handler
                0x00000000000012d0       0x34 _build/hardfault_handler_gcc.o
                0x00000000000012d0                HardFault_Handler
 .text.HardFault_c_handler
                0x0000000000001304      0x104 _build/hardfault_implementation.o
                0x0000000000001304                HardFault_c_handler
 .text.assert_nrf_callback
                0x0000000000001408       0x1a _build/nrf_assert.o
                0x0000000000001408                assert_nrf_callback
 .text.nrf_atomic_u32_fetch_store
                0x0000000000001422       0x14 _build/nrf_atomic.o
                0x0000000000001422                nrf_atomic_u32_fetch_store
 .text.nrf_atomic_u32_or
                0x0000000000001436       0x16 _build/nrf_atomic.o
                0x0000000000001436                nrf_atomic_u32_or
 .text.nrf_atomic_u32_fetch_and
                0x000000000000144c       0x16 _build/nrf_atomic.o
                0x000000000000144c                nrf_atomic_u32_fetch_and
 .text.nrf_atomic_u32_add
                0x0000000000001462       0x16 _build/nrf_atomic.o
                0x0000000000001462                nrf_atomic_u32_add
 .text.nrf_atomic_u32_sub
                0x0000000000001478       0x16 _build/nrf_atomic.o
                0x0000000000001478                nrf_atomic_u32_sub
 .text.nrf_atomic_flag_set
                0x000000000000148e        0x6 _build/nrf_atomic.o
                0x000000000000148e                nrf_atomic_flag_set
 .text.nrf_atomic_flag_clear_fetch
                0x0000000000001494        0x6 _build/nrf_atomic.o
                0x0000000000001494                nrf_atomic_flag_clear_fetch
 *fill*         0x000000000000149a        0x2 
 .text.nrf_balloc_init
                0x000000000000149c       0x7c _build/nrf_balloc.o
                0x000000000000149c                nrf_balloc_init
 .text.nrf_balloc_alloc
                0x0000000000001518       0x54 _build/nrf_balloc.o
                0x0000000000001518                nrf_balloc_alloc
 .text.nrf_balloc_free
                0x000000000000156c       0x48 _build/nrf_balloc.o
                0x000000000000156c                nrf_balloc_free
 .text.nrf_drv_ppi_init
                0x00000000000015b4       0x14 _build/nrf_drv_ppi.o
                0x00000000000015b4                nrf_drv_ppi_init
 .text.nrf_fprintf_buffer_flush
                0x00000000000015c8       0x24 _build/nrf_fprintf.o
                0x00000000000015c8                nrf_fprintf_buffer_flush
 .text.nrf_fprintf
                0x00000000000015ec       0x58 _build/nrf_fprintf.o
                0x00000000000015ec                nrf_fprintf
 .text.buffer_add
                0x0000000000001644       0x1e _build/nrf_fprintf_format.o
 *fill*         0x0000000000001662        0x2 
 .text.unsigned_print
                0x0000000000001664       0xac _build/nrf_fprintf_format.o
 .text.nrf_fprintf_fmt
                0x0000000000001710      0x2c4 _build/nrf_fprintf_format.o
                0x0000000000001710                nrf_fprintf_fmt
 .text.nrf_log_backend_rtt_flush
                0x00000000000019d4        0x2 _build/nrf_log_backend_rtt.o
 *fill*         0x00000000000019d6        0x2 
 .text.nrf_log_backend_rtt_put
                0x00000000000019d8       0x1c _build/nrf_log_backend_rtt.o
 .text.serial_tx
                0x00000000000019f4       0x50 _build/nrf_log_backend_rtt.o
 .text.nrf_log_backend_rtt_panic_set
                0x0000000000001a44        0x2 _build/nrf_log_backend_rtt.o
 .text.nrf_log_backend_rtt_init
                0x0000000000001a46        0x4 _build/nrf_log_backend_rtt.o
                0x0000000000001a46                nrf_log_backend_rtt_init
 .text.nrf_log_backend_serial_put
                0x0000000000001a4a       0xcc _build/nrf_log_backend_serial.o
                0x0000000000001a4a                nrf_log_backend_serial_put
 *fill*         0x0000000000001b16        0x2 
 .text.nrf_log_default_backends_init
                0x0000000000001b18       0x30 _build/nrf_log_default_backends.o
                0x0000000000001b18                nrf_log_default_backends_init
 .text.invalid_packets_omit
                0x0000000000001b48       0x3a _build/nrf_log_frontend.o
 *fill*         0x0000000000001b82        0x2 
 .text.buf_prealloc
                0x0000000000001b84      0x130 _build/nrf_log_frontend.o
 .text.nrf_log_init
                0x0000000000001cb4       0x3c _build/nrf_log_frontend.o
                0x0000000000001cb4                nrf_log_init
 .text.nrf_log_module_name_get
                0x0000000000001cf0       0x38 _build/nrf_log_frontend.o
                0x0000000000001cf0                nrf_log_module_name_get
 .text.nrf_log_color_id_get
                0x0000000000001d28       0x2c _build/nrf_log_frontend.o
                0x0000000000001d28                nrf_log_color_id_get
 .text.buffer_is_empty
                0x0000000000001d54       0x14 _build/nrf_log_frontend.o
                0x0000000000001d54                buffer_is_empty
 .text.nrf_log_frontend_dequeue
                0x0000000000001d68      0x220 _build/nrf_log_frontend.o
                0x0000000000001d68                nrf_log_frontend_dequeue
 .text.std_n    0x0000000000001f88       0xd8 _build/nrf_log_frontend.o
 .text.nrf_log_frontend_std_0
                0x0000000000002060        0x8 _build/nrf_log_frontend.o
                0x0000000000002060                nrf_log_frontend_std_0
 .text.nrf_log_frontend_std_1
                0x0000000000002068       0x14 _build/nrf_log_frontend.o
                0x0000000000002068                nrf_log_frontend_std_1
 .text.nrf_log_frontend_std_3
                0x000000000000207c       0x18 _build/nrf_log_frontend.o
                0x000000000000207c                nrf_log_frontend_std_3
 .text.nrf_log_frontend_std_4
                0x0000000000002094       0x1c _build/nrf_log_frontend.o
                0x0000000000002094                nrf_log_frontend_std_4
 .text.nrf_log_backend_add
                0x00000000000020b0       0x54 _build/nrf_log_frontend.o
                0x00000000000020b0                nrf_log_backend_add
 .text.nrf_log_panic
                0x0000000000002104       0x2c _build/nrf_log_frontend.o
                0x0000000000002104                nrf_log_panic
 .text.postfix_process
                0x0000000000002130       0x3c _build/nrf_log_str_formatter.o
 .text.prefix_process
                0x000000000000216c       0x78 _build/nrf_log_str_formatter.o
 .text.nrf_log_std_entry_process
                0x00000000000021e4       0xc8 _build/nrf_log_str_formatter.o
                0x00000000000021e4                nrf_log_std_entry_process
 .text.nrf_log_hexdump_entry_process
                0x00000000000022ac       0xbc _build/nrf_log_str_formatter.o
                0x00000000000022ac                nrf_log_hexdump_entry_process
 .text.memobj_op
                0x0000000000002368       0xa4 _build/nrf_memobj.o
 .text.nrf_memobj_pool_init
                0x000000000000240c        0x4 _build/nrf_memobj.o
                0x000000000000240c                nrf_memobj_pool_init
 .text.nrf_memobj_free
                0x0000000000002410       0x2c _build/nrf_memobj.o
                0x0000000000002410                nrf_memobj_free
 .text.nrf_memobj_alloc
                0x000000000000243c       0x5e _build/nrf_memobj.o
                0x000000000000243c                nrf_memobj_alloc
 .text.nrf_memobj_get
                0x000000000000249a        0x8 _build/nrf_memobj.o
                0x000000000000249a                nrf_memobj_get
 .text.nrf_memobj_put
                0x00000000000024a2       0x1e _build/nrf_memobj.o
                0x00000000000024a2                nrf_memobj_put
 .text.nrf_memobj_write
                0x00000000000024c0       0x2c _build/nrf_memobj.o
                0x00000000000024c0                nrf_memobj_write
 .text.nrf_memobj_read
                0x00000000000024ec       0x2c _build/nrf_memobj.o
                0x00000000000024ec                nrf_memobj_read
 .text.nrf_ringbuf_init
                0x0000000000002518       0x1c _build/nrf_ringbuf.o
                0x0000000000002518                nrf_ringbuf_init
 .text.nrf_strerror_find
                0x0000000000002534       0x3c _build/nrf_strerror.o
                0x0000000000002534                nrf_strerror_find
 .text.nrf_strerror_get
                0x0000000000002570       0x14 _build/nrf_strerror.o
                0x0000000000002570                nrf_strerror_get
 .text.POWER_CLOCK_IRQHandler
                0x0000000000002584       0x64 _build/nrfx_clock.o
                0x0000000000002584                POWER_CLOCK_IRQHandler
 .text.nrf_gpiote_event_clear
                0x00000000000025e8       0x18 _build/nrfx_gpiote.o
 .text.channel_free
                0x0000000000002600       0x1c _build/nrfx_gpiote.o
 .text.nrf_gpio_pin_port_decode.isra.0.part.1
                0x000000000000261c       0x10 _build/nrfx_gpiote.o
 .text.nrf_gpio_cfg_sense_set
                0x000000000000262c       0x2e _build/nrfx_gpiote.o
 *fill*         0x000000000000265a        0x2 
 .text.nrfx_gpiote_init
                0x000000000000265c       0x6c _build/nrfx_gpiote.o
                0x000000000000265c                nrfx_gpiote_init
 .text.nrfx_gpiote_is_init
                0x00000000000026c8       0x14 _build/nrfx_gpiote.o
                0x00000000000026c8                nrfx_gpiote_is_init
 .text.nrfx_gpiote_out_init
                0x00000000000026dc      0x11c _build/nrfx_gpiote.o
                0x00000000000026dc                nrfx_gpiote_out_init
 .text.nrfx_gpiote_out_uninit
                0x00000000000027f8       0x90 _build/nrfx_gpiote.o
                0x00000000000027f8                nrfx_gpiote_out_uninit
 .text.nrfx_gpiote_out_set
                0x0000000000002888       0x5c _build/nrfx_gpiote.o
                0x0000000000002888                nrfx_gpiote_out_set
 .text.nrfx_gpiote_out_clear
                0x00000000000028e4       0x5c _build/nrfx_gpiote.o
                0x00000000000028e4                nrfx_gpiote_out_clear
 .text.nrfx_gpiote_out_task_enable
                0x0000000000002940       0x64 _build/nrfx_gpiote.o
                0x0000000000002940                nrfx_gpiote_out_task_enable
 .text.nrfx_gpiote_set_task_addr_get
                0x00000000000029a4       0x48 _build/nrfx_gpiote.o
                0x00000000000029a4                nrfx_gpiote_set_task_addr_get
 .text.nrfx_gpiote_clr_task_addr_get
                0x00000000000029ec       0x48 _build/nrfx_gpiote.o
                0x00000000000029ec                nrfx_gpiote_clr_task_addr_get
 .text.nrfx_gpiote_out_task_force
                0x0000000000002a34       0x70 _build/nrfx_gpiote.o
                0x0000000000002a34                nrfx_gpiote_out_task_force
 .text.nrfx_gpiote_in_init
                0x0000000000002aa4      0x120 _build/nrfx_gpiote.o
                0x0000000000002aa4                nrfx_gpiote_in_init
 .text.nrfx_gpiote_in_event_enable
                0x0000000000002bc4       0xb8 _build/nrfx_gpiote.o
                0x0000000000002bc4                nrfx_gpiote_in_event_enable
 .text.GPIOTE_IRQHandler
                0x0000000000002c7c      0x18c _build/nrfx_gpiote.o
                0x0000000000002c7c                GPIOTE_IRQHandler
 .text.nrfx_ppi_channel_alloc
                0x0000000000002e08       0x58 _build/nrfx_ppi.o
                0x0000000000002e08                nrfx_ppi_channel_alloc
 .text.nrfx_ppi_channel_free
                0x0000000000002e60       0x38 _build/nrfx_ppi.o
                0x0000000000002e60                nrfx_ppi_channel_free
 .text.nrfx_ppi_channel_assign
                0x0000000000002e98       0x40 _build/nrfx_ppi.o
                0x0000000000002e98                nrfx_ppi_channel_assign
 .text.nrfx_ppi_channel_enable
                0x0000000000002ed8       0x2c _build/nrfx_ppi.o
                0x0000000000002ed8                nrfx_ppi_channel_enable
 .text.nrfx_ppi_channel_disable
                0x0000000000002f04       0x2c _build/nrfx_ppi.o
                0x0000000000002f04                nrfx_ppi_channel_disable
 .text.UARTE0_UART0_IRQHandler
                0x0000000000002f30       0x20 _build/nrfx_prs.o
                0x0000000000002f30                UARTE0_UART0_IRQHandler
 .text.nrf_pwm_event_clear
                0x0000000000002f50       0x10 _build/nrfx_pwm.o
 .text.irq_handler
                0x0000000000002f60       0x80 _build/nrfx_pwm.o
 .text.PWM0_IRQHandler
                0x0000000000002fe0       0x10 _build/nrfx_pwm.o
                0x0000000000002fe0                PWM0_IRQHandler
 .text.PWM1_IRQHandler
                0x0000000000002ff0       0x10 _build/nrfx_pwm.o
                0x0000000000002ff0                PWM1_IRQHandler
 .text.PWM2_IRQHandler
                0x0000000000003000       0x10 _build/nrfx_pwm.o
                0x0000000000003000                PWM2_IRQHandler
 .text.nrf_saadc_event_clear
                0x0000000000003010       0x18 _build/nrfx_saadc.o
 .text.SAADC_IRQHandler
                0x0000000000003028      0x164 _build/nrfx_saadc.o
                0x0000000000003028                SAADC_IRQHandler
 .text.nrf_gpio_pin_port_decode.isra.0.part.1
                0x000000000000318c       0x10 _build/nrfx_spim.o
 .text.nrf_gpio_pin_clear
                0x000000000000319c       0x1c _build/nrfx_spim.o
 .text.nrf_gpio_pin_set
                0x00000000000031b8       0x1c _build/nrfx_spim.o
 .text.SPIM1_SPIS1_TWIM1_TWIS1_SPI1_TWI1_IRQHandler
                0x00000000000031d4       0x64 _build/nrfx_spim.o
                0x00000000000031d4                SPIM1_SPIS1_TWIM1_TWIS1_SPI1_TWI1_IRQHandler
 .text.irq_handler.constprop.0
                0x0000000000003238       0x4c _build/nrfx_timer.o
 .text.nrfx_timer_init
                0x0000000000003284      0x160 _build/nrfx_timer.o
                0x0000000000003284                nrfx_timer_init
 .text.nrfx_timer_enable
                0x00000000000033e4       0x38 _build/nrfx_timer.o
                0x00000000000033e4                nrfx_timer_enable
 .text.nrfx_timer_disable
                0x000000000000341c       0x34 _build/nrfx_timer.o
                0x000000000000341c                nrfx_timer_disable
 .text.nrfx_timer_uninit
                0x0000000000003450       0x50 _build/nrfx_timer.o
                0x0000000000003450                nrfx_timer_uninit
 .text.nrfx_timer_clear
                0x00000000000034a0       0x2c _build/nrfx_timer.o
                0x00000000000034a0                nrfx_timer_clear
 .text.nrfx_timer_compare
                0x00000000000034cc       0x36 _build/nrfx_timer.o
                0x00000000000034cc                nrfx_timer_compare
 .text.nrfx_timer_extended_compare
                0x0000000000003502       0x2e _build/nrfx_timer.o
                0x0000000000003502                nrfx_timer_extended_compare
 .text.nrfx_timer_compare_int_enable
                0x0000000000003530       0x58 _build/nrfx_timer.o
                0x0000000000003530                nrfx_timer_compare_int_enable
 .text.nrfx_timer_compare_int_disable
                0x0000000000003588       0x44 _build/nrfx_timer.o
                0x0000000000003588                nrfx_timer_compare_int_disable
 .text.TIMER0_IRQHandler
                0x00000000000035cc       0x10 _build/nrfx_timer.o
                0x00000000000035cc                TIMER0_IRQHandler
 .text.TIMER1_IRQHandler
                0x00000000000035dc       0x10 _build/nrfx_timer.o
                0x00000000000035dc                TIMER1_IRQHandler
 .text.nrf_twim_event_clear
                0x00000000000035ec       0x10 _build/nrfx_twim.o
 .text.SPIM0_SPIS0_TWIM0_TWIS0_SPI0_TWI0_IRQHandler
                0x00000000000035fc      0x158 _build/nrfx_twim.o
                0x00000000000035fc                SPIM0_SPIS0_TWIM0_TWIS0_SPI0_TWI0_IRQHandler
 .text.errata_12
                0x0000000000003754       0x40 _build/system_nrf52.o
 .text.errata_16
                0x0000000000003794       0x34 _build/system_nrf52.o
 .text.SystemInit
                0x00000000000037c8      0x25c _build/system_nrf52.o
                0x00000000000037c8                SystemInit
 .text          0x0000000000003a24       0x3c _build/gcc_startup_nrf52.os
                0x0000000000003a24                Reset_Handler
                0x0000000000003a4c                NMI_Handler
                0x0000000000003a50                MemoryManagement_Handler
                0x0000000000003a52                BusFault_Handler
                0x0000000000003a54                UsageFault_Handler
                0x0000000000003a56                SVC_Handler
                0x0000000000003a58                DebugMon_Handler
                0x0000000000003a5a                PendSV_Handler
                0x0000000000003a5c                SysTick_Handler
                0x0000000000003a5e                TIMER2_IRQHandler
                0x0000000000003a5e                RTC0_IRQHandler
                0x0000000000003a5e                SWI2_EGU2_IRQHandler
                0x0000000000003a5e                RADIO_IRQHandler
                0x0000000000003a5e                PDM_IRQHandler
                0x0000000000003a5e                TEMP_IRQHandler
                0x0000000000003a5e                QDEC_IRQHandler
                0x0000000000003a5e                TIMER3_IRQHandler
                0x0000000000003a5e                FPU_IRQHandler
                0x0000000000003a5e                TIMER4_IRQHandler
                0x0000000000003a5e                I2S_IRQHandler
                0x0000000000003a5e                SWI4_EGU4_IRQHandler
                0x0000000000003a5e                ECB_IRQHandler
                0x0000000000003a5e                Default_Handler
                0x0000000000003a5e                CCM_AAR_IRQHandler
                0x0000000000003a5e                WDT_IRQHandler
                0x0000000000003a5e                SWI5_EGU5_IRQHandler
                0x0000000000003a5e                RNG_IRQHandler
                0x0000000000003a5e                RTC2_IRQHandler
                0x0000000000003a5e                SWI3_EGU3_IRQHandler
                0x0000000000003a5e                SWI1_EGU1_IRQHandler
                0x0000000000003a5e                SPIM2_SPIS2_SPI2_IRQHandler
                0x0000000000003a5e                NFCT_IRQHandler
                0x0000000000003a5e                MWU_IRQHandler
                0x0000000000003a5e                COMP_LPCOMP_IRQHandler
 .text.exit     0x0000000000003a60       0x20 /usr/bin/../lib/gcc/arm-none-eabi/7.3.1/../../../../arm-none-eabi/lib/thumb/v7e-m/fpv4-sp/hard/libc.a(lib_a-exit.o)
                0x0000000000003a60                exit
 .text.__libc_init_array
                0x0000000000003a80       0x48 /usr/bin/../lib/gcc/arm-none-eabi/7.3.1/../../../../arm-none-eabi/lib/thumb/v7e-m/fpv4-sp/hard/libc.a(lib_a-init.o)
                0x0000000000003a80                __libc_init_array
 .text.__locale_mb_cur_max
                0x0000000000003ac8       0x1c /usr/bin/../lib/gcc/arm-none-eabi/7.3.1/../../../../arm-none-eabi/lib/thumb/v7e-m/fpv4-sp/hard/libc.a(lib_a-locale.o)
                0x0000000000003ac8                __locale_mb_cur_max
 .text.__locale_ctype_ptr
                0x0000000000003ae4       0x1c /usr/bin/../lib/gcc/arm-none-eabi/7.3.1/../../../../arm-none-eabi/lib/thumb/v7e-m/fpv4-sp/hard/libc.a(lib_a-locale.o)
                0x0000000000003ae4                __locale_ctype_ptr
 .text.__ascii_mbtowc
                0x0000000000003b00       0x2c /usr/bin/../lib/gcc/arm-none-eabi/7.3.1/../../../../arm-none-eabi/lib/thumb/v7e-m/fpv4-sp/hard/libc.a(lib_a-mbtowc_r.o)
                0x0000000000003b00                __ascii_mbtowc
 .text          0x0000000000003b2c      0x134 /usr/bin/../lib/gcc/arm-none-eabi/7.3.1/../../../../arm-none-eabi/lib/thumb/v7e-m/fpv4-sp/hard/libc.a(lib_a-memcpy.o)
                0x0000000000003b2c                memcpy
 .text.memset   0x0000000000003c60       0x94 /usr/bin/../lib/gcc/arm-none-eabi/7.3.1/../../../../arm-none-eabi/lib/thumb/v7e-m/fpv4-sp/hard/libc.a(lib_a-memset.o)
                0x0000000000003c60                memset
 .text.printf   0x0000000000003cf4       0x28 /usr/bin/../lib/gcc/arm-none-eabi/7.3.1/../../../../arm-none-eabi/lib/thumb/v7e-m/fpv4-sp/hard/libc.a(lib_a-printf.o)
                0x0000000000003cf4                printf
 .text.setbuf   0x0000000000003d1c       0x10 /usr/bin/../lib/gcc/arm-none-eabi/7.3.1/../../../../arm-none-eabi/lib/thumb/v7e-m/fpv4-sp/hard/libc.a(lib_a-setbuf.o)
                0x0000000000003d1c                setbuf
 .text.setvbuf  0x0000000000003d2c      0x180 /usr/bin/../lib/gcc/arm-none-eabi/7.3.1/../../../../arm-none-eabi/lib/thumb/v7e-m/fpv4-sp/hard/libc.a(lib_a-setvbuf.o)
                0x0000000000003d2c                setvbuf
 .text.strcpy   0x0000000000003eac       0xbc /usr/bin/../lib/gcc/arm-none-eabi/7.3.1/../../../../arm-none-eabi/lib/thumb/v7e-m/fpv4-sp/hard/libc.a(lib_a-strcpy.o)
                0x0000000000003eac                strcpy
 *fill*         0x0000000000003f68       0x18 
 .text          0x0000000000003f80       0xdc /usr/bin/../lib/gcc/arm-none-eabi/7.3.1/../../../../arm-none-eabi/lib/thumb/v7e-m/fpv4-sp/hard/libc.a(lib_a-strlen.o)
                0x0000000000003f80                strlen
 *fill*         0x000000000000405c        0x4 
 .text._vfprintf_r
                0x0000000000004060     0x1a7c /usr/bin/../lib/gcc/arm-none-eabi/7.3.1/../../../../arm-none-eabi/lib/thumb/v7e-m/fpv4-sp/hard/libc.a(lib_a-vfprintf.o)
                0x0000000000004060                _vfprintf_r
 .text.__sbprintf
                0x0000000000005adc       0x84 /usr/bin/../lib/gcc/arm-none-eabi/7.3.1/../../../../arm-none-eabi/lib/thumb/v7e-m/fpv4-sp/hard/libc.a(lib_a-vfprintf.o)
 .text.__ascii_wctomb
                0x0000000000005b60       0x1c /usr/bin/../lib/gcc/arm-none-eabi/7.3.1/../../../../arm-none-eabi/lib/thumb/v7e-m/fpv4-sp/hard/libc.a(lib_a-wctomb_r.o)
                0x0000000000005b60                __ascii_wctomb
 .text.__swsetup_r
                0x0000000000005b7c       0xcc /usr/bin/../lib/gcc/arm-none-eabi/7.3.1/../../../../arm-none-eabi/lib/thumb/v7e-m/fpv4-sp/hard/libc.a(lib_a-wsetup.o)
                0x0000000000005b7c                __swsetup_r
 .text.startup.register_fini
                0x0000000000005c48       0x14 /usr/bin/../lib/gcc/arm-none-eabi/7.3.1/../../../../arm-none-eabi/lib/thumb/v7e-m/fpv4-sp/hard/libc.a(lib_a-__call_atexit.o)
 .text.__call_exitprocs
                0x0000000000005c5c       0xe8 /usr/bin/../lib/gcc/arm-none-eabi/7.3.1/../../../../arm-none-eabi/lib/thumb/v7e-m/fpv4-sp/hard/libc.a(lib_a-__call_atexit.o)
                0x0000000000005c5c                __call_exitprocs
 .text.atexit   0x0000000000005d44        0xc /usr/bin/../lib/gcc/arm-none-eabi/7.3.1/../../../../arm-none-eabi/lib/thumb/v7e-m/fpv4-sp/hard/libc.a(lib_a-atexit.o)
                0x0000000000005d44                atexit
 .text.quorem   0x0000000000005d50      0x124 /usr/bin/../lib/gcc/arm-none-eabi/7.3.1/../../../../arm-none-eabi/lib/thumb/v7e-m/fpv4-sp/hard/libc.a(lib_a-dtoa.o)
 *fill*         0x0000000000005e74        0x4 
 .text._dtoa_r  0x0000000000005e78      0xe20 /usr/bin/../lib/gcc/arm-none-eabi/7.3.1/../../../../arm-none-eabi/lib/thumb/v7e-m/fpv4-sp/hard/libc.a(lib_a-dtoa.o)
                0x0000000000005e78                _dtoa_r
 .text.__sflush_r
                0x0000000000006c98      0x154 /usr/bin/../lib/gcc/arm-none-eabi/7.3.1/../../../../arm-none-eabi/lib/thumb/v7e-m/fpv4-sp/hard/libc.a(lib_a-fflush.o)
                0x0000000000006c98                __sflush_r
 .text._fflush_r
                0x0000000000006dec       0x5c /usr/bin/../lib/gcc/arm-none-eabi/7.3.1/../../../../arm-none-eabi/lib/thumb/v7e-m/fpv4-sp/hard/libc.a(lib_a-fflush.o)
                0x0000000000006dec                _fflush_r
 .text.std      0x0000000000006e48       0x50 /usr/bin/../lib/gcc/arm-none-eabi/7.3.1/../../../../arm-none-eabi/lib/thumb/v7e-m/fpv4-sp/hard/libc.a(lib_a-findfp.o)
 .text._cleanup_r
                0x0000000000006e98        0xc /usr/bin/../lib/gcc/arm-none-eabi/7.3.1/../../../../arm-none-eabi/lib/thumb/v7e-m/fpv4-sp/hard/libc.a(lib_a-findfp.o)
                0x0000000000006e98                _cleanup_r
 .text.__sinit  0x0000000000006ea4       0x58 /usr/bin/../lib/gcc/arm-none-eabi/7.3.1/../../../../arm-none-eabi/lib/thumb/v7e-m/fpv4-sp/hard/libc.a(lib_a-findfp.o)
                0x0000000000006ea4                __sinit
 .text.__sfp_lock_acquire
                0x0000000000006efc        0xc /usr/bin/../lib/gcc/arm-none-eabi/7.3.1/../../../../arm-none-eabi/lib/thumb/v7e-m/fpv4-sp/hard/libc.a(lib_a-findfp.o)
                0x0000000000006efc                __sfp_lock_acquire
 .text.__sfp_lock_release
                0x0000000000006f08        0xc /usr/bin/../lib/gcc/arm-none-eabi/7.3.1/../../../../arm-none-eabi/lib/thumb/v7e-m/fpv4-sp/hard/libc.a(lib_a-findfp.o)
                0x0000000000006f08                __sfp_lock_release
 .text.__libc_fini_array
                0x0000000000006f14       0x34 /usr/bin/../lib/gcc/arm-none-eabi/7.3.1/../../../../arm-none-eabi/lib/thumb/v7e-m/fpv4-sp/hard/libc.a(lib_a-fini.o)
                0x0000000000006f14                __libc_fini_array
 .text._malloc_trim_r
                0x0000000000006f48       0xa0 /usr/bin/../lib/gcc/arm-none-eabi/7.3.1/../../../../arm-none-eabi/lib/thumb/v7e-m/fpv4-sp/hard/libc.a(lib_a-freer.o)
                0x0000000000006f48                _malloc_trim_r
 .text._free_r  0x0000000000006fe8      0x1e8 /usr/bin/../lib/gcc/arm-none-eabi/7.3.1/../../../../arm-none-eabi/lib/thumb/v7e-m/fpv4-sp/hard/libc.a(lib_a-freer.o)
                0x0000000000006fe8                _free_r
 .text._fwalk_reent
                0x00000000000071d0       0x54 /usr/bin/../lib/gcc/arm-none-eabi/7.3.1/../../../../arm-none-eabi/lib/thumb/v7e-m/fpv4-sp/hard/libc.a(lib_a-fwalk.o)
                0x00000000000071d0                _fwalk_reent
 .text._localeconv_r
                0x0000000000007224       0x1c /usr/bin/../lib/gcc/arm-none-eabi/7.3.1/../../../../arm-none-eabi/lib/thumb/v7e-m/fpv4-sp/hard/libc.a(lib_a-localeconv.o)
                0x0000000000007224                _localeconv_r
 .text.__retarget_lock_init_recursive
                0x0000000000007240        0x4 /usr/bin/../lib/gcc/arm-none-eabi/7.3.1/../../../../arm-none-eabi/lib/thumb/v7e-m/fpv4-sp/hard/libc.a(lib_a-lock.o)
                0x0000000000007240                __retarget_lock_init_recursive
 .text.__retarget_lock_close_recursive
                0x0000000000007244        0x4 /usr/bin/../lib/gcc/arm-none-eabi/7.3.1/../../../../arm-none-eabi/lib/thumb/v7e-m/fpv4-sp/hard/libc.a(lib_a-lock.o)
                0x0000000000007244                __retarget_lock_close_recursive
 .text.__retarget_lock_acquire_recursive
                0x0000000000007248        0x4 /usr/bin/../lib/gcc/arm-none-eabi/7.3.1/../../../../arm-none-eabi/lib/thumb/v7e-m/fpv4-sp/hard/libc.a(lib_a-lock.o)
                0x0000000000007248                __retarget_lock_acquire_recursive
 .text.__retarget_lock_release_recursive
                0x000000000000724c        0x4 /usr/bin/../lib/gcc/arm-none-eabi/7.3.1/../../../../arm-none-eabi/lib/thumb/v7e-m/fpv4-sp/hard/libc.a(lib_a-lock.o)
                0x000000000000724c                __retarget_lock_release_recursive
 .text.__swhatbuf_r
                0x0000000000007250       0x5c /usr/bin/../lib/gcc/arm-none-eabi/7.3.1/../../../../arm-none-eabi/lib/thumb/v7e-m/fpv4-sp/hard/libc.a(lib_a-makebuf.o)
                0x0000000000007250                __swhatbuf_r
 .text.__smakebuf_r
                0x00000000000072ac       0x94 /usr/bin/../lib/gcc/arm-none-eabi/7.3.1/../../../../arm-none-eabi/lib/thumb/v7e-m/fpv4-sp/hard/libc.a(lib_a-makebuf.o)
                0x00000000000072ac                __smakebuf_r
 .text.malloc   0x0000000000007340       0x10 /usr/bin/../lib/gcc/arm-none-eabi/7.3.1/../../../../arm-none-eabi/lib/thumb/v7e-m/fpv4-sp/hard/libc.a(lib_a-malloc.o)
                0x0000000000007340                malloc
 .text.free     0x0000000000007350       0x10 /usr/bin/../lib/gcc/arm-none-eabi/7.3.1/../../../../arm-none-eabi/lib/thumb/v7e-m/fpv4-sp/hard/libc.a(lib_a-malloc.o)
                0x0000000000007350                free
 .text._malloc_r
                0x0000000000007360      0x548 /usr/bin/../lib/gcc/arm-none-eabi/7.3.1/../../../../arm-none-eabi/lib/thumb/v7e-m/fpv4-sp/hard/libc.a(lib_a-mallocr.o)
                0x0000000000007360                _malloc_r
 *fill*         0x00000000000078a8        0x8 
 .text          0x00000000000078b0       0xa0 /usr/bin/../lib/gcc/arm-none-eabi/7.3.1/../../../../arm-none-eabi/lib/thumb/v7e-m/fpv4-sp/hard/libc.a(lib_a-memchr.o)
                0x00000000000078b0                memchr
 .text.__malloc_lock
                0x0000000000007950        0xc /usr/bin/../lib/gcc/arm-none-eabi/7.3.1/../../../../arm-none-eabi/lib/thumb/v7e-m/fpv4-sp/hard/libc.a(lib_a-mlock.o)
                0x0000000000007950                __malloc_lock
 .text.__malloc_unlock
                0x000000000000795c        0xc /usr/bin/../lib/gcc/arm-none-eabi/7.3.1/../../../../arm-none-eabi/lib/thumb/v7e-m/fpv4-sp/hard/libc.a(lib_a-mlock.o)
                0x000000000000795c                __malloc_unlock
 .text._Balloc  0x0000000000007968       0x4c /usr/bin/../lib/gcc/arm-none-eabi/7.3.1/../../../../arm-none-eabi/lib/thumb/v7e-m/fpv4-sp/hard/libc.a(lib_a-mprec.o)
                0x0000000000007968                _Balloc
 .text._Bfree   0x00000000000079b4       0x14 /usr/bin/../lib/gcc/arm-none-eabi/7.3.1/../../../../arm-none-eabi/lib/thumb/v7e-m/fpv4-sp/hard/libc.a(lib_a-mprec.o)
                0x00000000000079b4                _Bfree
 .text.__multadd
                0x00000000000079c8       0x80 /usr/bin/../lib/gcc/arm-none-eabi/7.3.1/../../../../arm-none-eabi/lib/thumb/v7e-m/fpv4-sp/hard/libc.a(lib_a-mprec.o)
                0x00000000000079c8                __multadd
 .text.__hi0bits
                0x0000000000007a48       0x40 /usr/bin/../lib/gcc/arm-none-eabi/7.3.1/../../../../arm-none-eabi/lib/thumb/v7e-m/fpv4-sp/hard/libc.a(lib_a-mprec.o)
                0x0000000000007a48                __hi0bits
 .text.__lo0bits
                0x0000000000007a88       0x60 /usr/bin/../lib/gcc/arm-none-eabi/7.3.1/../../../../arm-none-eabi/lib/thumb/v7e-m/fpv4-sp/hard/libc.a(lib_a-mprec.o)
                0x0000000000007a88                __lo0bits
 .text.__i2b    0x0000000000007ae8       0x14 /usr/bin/../lib/gcc/arm-none-eabi/7.3.1/../../../../arm-none-eabi/lib/thumb/v7e-m/fpv4-sp/hard/libc.a(lib_a-mprec.o)
                0x0000000000007ae8                __i2b
 .text.__multiply
                0x0000000000007afc      0x14c /usr/bin/../lib/gcc/arm-none-eabi/7.3.1/../../../../arm-none-eabi/lib/thumb/v7e-m/fpv4-sp/hard/libc.a(lib_a-mprec.o)
                0x0000000000007afc                __multiply
 .text.__pow5mult
                0x0000000000007c48       0xa0 /usr/bin/../lib/gcc/arm-none-eabi/7.3.1/../../../../arm-none-eabi/lib/thumb/v7e-m/fpv4-sp/hard/libc.a(lib_a-mprec.o)
                0x0000000000007c48                __pow5mult
 .text.__lshift
                0x0000000000007ce8       0xac /usr/bin/../lib/gcc/arm-none-eabi/7.3.1/../../../../arm-none-eabi/lib/thumb/v7e-m/fpv4-sp/hard/libc.a(lib_a-mprec.o)
                0x0000000000007ce8                __lshift
 .text.__mcmp   0x0000000000007d94       0x38 /usr/bin/../lib/gcc/arm-none-eabi/7.3.1/../../../../arm-none-eabi/lib/thumb/v7e-m/fpv4-sp/hard/libc.a(lib_a-mprec.o)
                0x0000000000007d94                __mcmp
 .text.__mdiff  0x0000000000007dcc       0xec /usr/bin/../lib/gcc/arm-none-eabi/7.3.1/../../../../arm-none-eabi/lib/thumb/v7e-m/fpv4-sp/hard/libc.a(lib_a-mprec.o)
                0x0000000000007dcc                __mdiff
 .text.__d2b    0x0000000000007eb8       0xc4 /usr/bin/../lib/gcc/arm-none-eabi/7.3.1/../../../../arm-none-eabi/lib/thumb/v7e-m/fpv4-sp/hard/libc.a(lib_a-mprec.o)
                0x0000000000007eb8                __d2b
 .text.frexp    0x0000000000007f7c       0x68 /usr/bin/../lib/gcc/arm-none-eabi/7.3.1/../../../../arm-none-eabi/lib/thumb/v7e-m/fpv4-sp/hard/libc.a(lib_a-s_frexp.o)
                0x0000000000007f7c                frexp
 .text._sbrk_r  0x0000000000007fe4       0x24 /usr/bin/../lib/gcc/arm-none-eabi/7.3.1/../../../../arm-none-eabi/lib/thumb/v7e-m/fpv4-sp/hard/libc.a(lib_a-sbrkr.o)
                0x0000000000007fe4                _sbrk_r
 .text.__sread  0x0000000000008008       0x24 /usr/bin/../lib/gcc/arm-none-eabi/7.3.1/../../../../arm-none-eabi/lib/thumb/v7e-m/fpv4-sp/hard/libc.a(lib_a-stdio.o)
                0x0000000000008008                __sread
 .text.__swrite
                0x000000000000802c       0x3c /usr/bin/../lib/gcc/arm-none-eabi/7.3.1/../../../../arm-none-eabi/lib/thumb/v7e-m/fpv4-sp/hard/libc.a(lib_a-stdio.o)
                0x000000000000802c                __swrite
 .text.__sseek  0x0000000000008068       0x20 /usr/bin/../lib/gcc/arm-none-eabi/7.3.1/../../../../arm-none-eabi/lib/thumb/v7e-m/fpv4-sp/hard/libc.a(lib_a-stdio.o)
                0x0000000000008068                __sseek
 .text.__sclose
                0x0000000000008088        0x8 /usr/bin/../lib/gcc/arm-none-eabi/7.3.1/../../../../arm-none-eabi/lib/thumb/v7e-m/fpv4-sp/hard/libc.a(lib_a-stdio.o)
                0x0000000000008088                __sclose
 .text.strncpy  0x0000000000008090       0x64 /usr/bin/../lib/gcc/arm-none-eabi/7.3.1/../../../../arm-none-eabi/lib/thumb/v7e-m/fpv4-sp/hard/libc.a(lib_a-strncpy.o)
                0x0000000000008090                strncpy
 .text.__sprint_r.part.0
                0x00000000000080f4       0x78 /usr/bin/../lib/gcc/arm-none-eabi/7.3.1/../../../../arm-none-eabi/lib/thumb/v7e-m/fpv4-sp/hard/libc.a(lib_a-vfiprintf.o)
 .text.__sprint_r
                0x000000000000816c       0x14 /usr/bin/../lib/gcc/arm-none-eabi/7.3.1/../../../../arm-none-eabi/lib/thumb/v7e-m/fpv4-sp/hard/libc.a(lib_a-vfiprintf.o)
                0x000000000000816c                __sprint_r
 .text.__register_exitproc
                0x0000000000008180       0xc0 /usr/bin/../lib/gcc/arm-none-eabi/7.3.1/../../../../arm-none-eabi/lib/thumb/v7e-m/fpv4-sp/hard/libc.a(lib_a-__atexit.o)
                0x0000000000008180                __register_exitproc
 .text._calloc_r
                0x0000000000008240       0x68 /usr/bin/../lib/gcc/arm-none-eabi/7.3.1/../../../../arm-none-eabi/lib/thumb/v7e-m/fpv4-sp/hard/libc.a(lib_a-callocr.o)
                0x0000000000008240                _calloc_r
 .text._close_r
                0x00000000000082a8       0x24 /usr/bin/../lib/gcc/arm-none-eabi/7.3.1/../../../../arm-none-eabi/lib/thumb/v7e-m/fpv4-sp/hard/libc.a(lib_a-closer.o)
                0x00000000000082a8                _close_r
 .text._fclose_r
                0x00000000000082cc       0xd0 /usr/bin/../lib/gcc/arm-none-eabi/7.3.1/../../../../arm-none-eabi/lib/thumb/v7e-m/fpv4-sp/hard/libc.a(lib_a-fclose.o)
                0x00000000000082cc                _fclose_r
 .text.__fputwc
                0x000000000000839c       0xa0 /usr/bin/../lib/gcc/arm-none-eabi/7.3.1/../../../../arm-none-eabi/lib/thumb/v7e-m/fpv4-sp/hard/libc.a(lib_a-fputwc.o)
                0x000000000000839c                __fputwc
 .text._fputwc_r
                0x000000000000843c       0x64 /usr/bin/../lib/gcc/arm-none-eabi/7.3.1/../../../../arm-none-eabi/lib/thumb/v7e-m/fpv4-sp/hard/libc.a(lib_a-fputwc.o)
                0x000000000000843c                _fputwc_r
 .text._fstat_r
                0x00000000000084a0       0x28 /usr/bin/../lib/gcc/arm-none-eabi/7.3.1/../../../../arm-none-eabi/lib/thumb/v7e-m/fpv4-sp/hard/libc.a(lib_a-fstatr.o)
                0x00000000000084a0                _fstat_r
 .text.__sfvwrite_r
                0x00000000000084c8      0x2fc /usr/bin/../lib/gcc/arm-none-eabi/7.3.1/../../../../arm-none-eabi/lib/thumb/v7e-m/fpv4-sp/hard/libc.a(lib_a-fvwrite.o)
                0x00000000000084c8                __sfvwrite_r
 .text._isatty_r
                0x00000000000087c4       0x24 /usr/bin/../lib/gcc/arm-none-eabi/7.3.1/../../../../arm-none-eabi/lib/thumb/v7e-m/fpv4-sp/hard/libc.a(lib_a-isattyr.o)
                0x00000000000087c4                _isatty_r
 .text._lseek_r
                0x00000000000087e8       0x2c /usr/bin/../lib/gcc/arm-none-eabi/7.3.1/../../../../arm-none-eabi/lib/thumb/v7e-m/fpv4-sp/hard/libc.a(lib_a-lseekr.o)
                0x00000000000087e8                _lseek_r
 .text.memmove  0x0000000000008814       0xc8 /usr/bin/../lib/gcc/arm-none-eabi/7.3.1/../../../../arm-none-eabi/lib/thumb/v7e-m/fpv4-sp/hard/libc.a(lib_a-memmove.o)
                0x0000000000008814                memmove
 .text._read_r  0x00000000000088dc       0x2c /usr/bin/../lib/gcc/arm-none-eabi/7.3.1/../../../../arm-none-eabi/lib/thumb/v7e-m/fpv4-sp/hard/libc.a(lib_a-readr.o)
                0x00000000000088dc                _read_r
 .text._realloc_r
                0x0000000000008908      0x35c /usr/bin/../lib/gcc/arm-none-eabi/7.3.1/../../../../arm-none-eabi/lib/thumb/v7e-m/fpv4-sp/hard/libc.a(lib_a-reallocr.o)
                0x0000000000008908                _realloc_r
 .text.__swbuf_r
                0x0000000000008c64       0xb0 /usr/bin/../lib/gcc/arm-none-eabi/7.3.1/../../../../arm-none-eabi/lib/thumb/v7e-m/fpv4-sp/hard/libc.a(lib_a-wbuf.o)
                0x0000000000008c64                __swbuf_r
 .text._wcrtomb_r
                0x0000000000008d14       0x50 /usr/bin/../lib/gcc/arm-none-eabi/7.3.1/../../../../arm-none-eabi/lib/thumb/v7e-m/fpv4-sp/hard/libc.a(lib_a-wcrtomb.o)
                0x0000000000008d14                _wcrtomb_r
 .text._close   0x0000000000008d64       0x10 /usr/bin/../lib/gcc/arm-none-eabi/7.3.1/../../../../arm-none-eabi/lib/thumb/v7e-m/fpv4-sp/hard/libnosys.a(close.o)
                0x0000000000008d64                _close
 .text._fstat   0x0000000000008d74       0x10 /usr/bin/../lib/gcc/arm-none-eabi/7.3.1/../../../../arm-none-eabi/lib/thumb/v7e-m/fpv4-sp/hard/libnosys.a(fstat.o)
                0x0000000000008d74                _fstat
 .text._isatty  0x0000000000008d84       0x10 /usr/bin/../lib/gcc/arm-none-eabi/7.3.1/../../../../arm-none-eabi/lib/thumb/v7e-m/fpv4-sp/hard/libnosys.a(isatty.o)
                0x0000000000008d84                _isatty
 .text._lseek   0x0000000000008d94       0x10 /usr/bin/../lib/gcc/arm-none-eabi/7.3.1/../../../../arm-none-eabi/lib/thumb/v7e-m/fpv4-sp/hard/libnosys.a(lseek.o)
                0x0000000000008d94                _lseek
 .text._read    0x0000000000008da4       0x10 /usr/bin/../lib/gcc/arm-none-eabi/7.3.1/../../../../arm-none-eabi/lib/thumb/v7e-m/fpv4-sp/hard/libnosys.a(read.o)
                0x0000000000008da4                _read
 .text._sbrk    0x0000000000008db4       0x1c /usr/bin/../lib/gcc/arm-none-eabi/7.3.1/../../../../arm-none-eabi/lib/thumb/v7e-m/fpv4-sp/hard/libnosys.a(sbrk.o)
                0x0000000000008db4                _sbrk
 .text._exit    0x0000000000008dd0        0x4 /usr/bin/../lib/gcc/arm-none-eabi/7.3.1/../../../../arm-none-eabi/lib/thumb/v7e-m/fpv4-sp/hard/libnosys.a(_exit.o)
                0x0000000000008dd0                _exit
 .text          0x0000000000008dd4      0x378 /usr/bin/../lib/gcc/arm-none-eabi/7.3.1/thumb/v7e-m/fpv4-sp/hard/libgcc.a(_arm_addsubdf3.o)
                0x0000000000008dd4                __aeabi_drsub
                0x0000000000008ddc                __aeabi_dsub
                0x0000000000008ddc                __subdf3
                0x0000000000008de0                __adddf3
                0x0000000000008de0                __aeabi_dadd
                0x0000000000009058                __aeabi_ui2d
                0x0000000000009058                __floatunsidf
                0x0000000000009078                __floatsidf
                0x0000000000009078                __aeabi_i2d
                0x000000000000909c                __extendsfdf2
                0x000000000000909c                __aeabi_f2d
                0x00000000000090e0                __aeabi_ul2d
                0x00000000000090e0                __floatundidf
                0x00000000000090f0                __floatdidf
                0x00000000000090f0                __aeabi_l2d
 .text          0x000000000000914c      0x424 /usr/bin/../lib/gcc/arm-none-eabi/7.3.1/thumb/v7e-m/fpv4-sp/hard/libgcc.a(_arm_muldivdf3.o)
                0x000000000000914c                __aeabi_dmul
                0x000000000000914c                __muldf3
                0x00000000000093a0                __aeabi_ddiv
                0x00000000000093a0                __divdf3
 .text          0x0000000000009570      0x110 /usr/bin/../lib/gcc/arm-none-eabi/7.3.1/thumb/v7e-m/fpv4-sp/hard/libgcc.a(_arm_cmpdf2.o)
                0x0000000000009570                __gtdf2
                0x0000000000009570                __gedf2
                0x0000000000009578                __ltdf2
                0x0000000000009578                __ledf2
                0x0000000000009580                __cmpdf2
                0x0000000000009580                __eqdf2
                0x0000000000009580                __nedf2
                0x00000000000095fc                __aeabi_cdrcmple
                0x000000000000960c                __aeabi_cdcmple
                0x000000000000960c                __aeabi_cdcmpeq
                0x000000000000961c                __aeabi_dcmpeq
                0x0000000000009630                __aeabi_dcmplt
                0x0000000000009644                __aeabi_dcmple
                0x0000000000009658                __aeabi_dcmpge
                0x000000000000966c                __aeabi_dcmpgt
 .text          0x0000000000009680       0x2c /usr/bin/../lib/gcc/arm-none-eabi/7.3.1/thumb/v7e-m/fpv4-sp/hard/libgcc.a(_arm_unorddf2.o)
                0x0000000000009680                __aeabi_dcmpun
                0x0000000000009680                __unorddf2
 .text          0x00000000000096ac       0x50 /usr/bin/../lib/gcc/arm-none-eabi/7.3.1/thumb/v7e-m/fpv4-sp/hard/libgcc.a(_arm_fixdfsi.o)
                0x00000000000096ac                __fixdfsi
                0x00000000000096ac                __aeabi_d2iz
 .text          0x00000000000096fc       0x30 /usr/bin/../lib/gcc/arm-none-eabi/7.3.1/thumb/v7e-m/fpv4-sp/hard/libgcc.a(_aeabi_uldivmod.o)
                0x00000000000096fc                __aeabi_uldivmod
 .text          0x000000000000972c      0x2cc /usr/bin/../lib/gcc/arm-none-eabi/7.3.1/thumb/v7e-m/fpv4-sp/hard/libgcc.a(_udivmoddi4.o)
                0x000000000000972c                __udivmoddi4
 .text          0x00000000000099f8        0x4 /usr/bin/../lib/gcc/arm-none-eabi/7.3.1/thumb/v7e-m/fpv4-sp/hard/libgcc.a(_dvmd_tls.o)
                0x00000000000099f8                __aeabi_ldiv0
                0x00000000000099f8                __aeabi_idiv0
 *(.init)
 .init          0x00000000000099fc        0x4 /usr/bin/../lib/gcc/arm-none-eabi/7.3.1/thumb/v7e-m/fpv4-sp/hard/crti.o
                0x00000000000099fc                _init
 .init          0x0000000000009a00        0x8 /usr/bin/../lib/gcc/arm-none-eabi/7.3.1/thumb/v7e-m/fpv4-sp/hard/crtn.o
 *(.fini)
 .fini          0x0000000000009a08        0x4 /usr/bin/../lib/gcc/arm-none-eabi/7.3.1/thumb/v7e-m/fpv4-sp/hard/crti.o
                0x0000000000009a08                _fini
 .fini          0x0000000000009a0c        0x8 /usr/bin/../lib/gcc/arm-none-eabi/7.3.1/thumb/v7e-m/fpv4-sp/hard/crtn.o
 *crtbegin.o(.ctors)
 *crtbegin?.o(.ctors)
 *(EXCLUDE_FILE(*crtend.o *crtend?.o) .ctors)
 *(SORT_BY_NAME(.ctors.*))
 *(.ctors)
 *crtbegin.o(.dtors)
 *crtbegin?.o(.dtors)
 *(EXCLUDE_FILE(*crtend.o *crtend?.o) .dtors)
 *(SORT_BY_NAME(.dtors.*))
 *(.dtors)
 *(.rodata*)
 .rodata        0x0000000000009a14       0x14 _build/main.o
 .rodata.PWM1   0x0000000000009a28        0x8 _build/main.o
                0x0000000000009a28                PWM1
 .rodata.delay_machine_code.8224
                0x0000000000009a30        0x6 _build/main.o
 *fill*         0x0000000000009a36        0x2 
 .rodata.m_pwm_PWM1_timer
                0x0000000000009a38        0x8 _build/main.o
                0x0000000000009a38                m_pwm_PWM1_timer
 .rodata.main.str1.1
                0x0000000000009a40       0x1b _build/main.o
 .rodata.myHandler.str1.1
                0x0000000000009a5b       0x80 _build/main.o
 .rodata.app_error_fault_handler.str1.1
                0x0000000000009adb       0x78 _build/better_error_handling.o
 *fill*         0x0000000000009b53        0xd 
 .rodata.delay_machine_code.8197
                0x0000000000009b60        0x6 _build/better_error_handling.o
 .rodata._DoInit.str1.1
                0x0000000000009b66       0x14 _build/SEGGER_RTT.o
 .rodata.app_pwm_channel_duty_ticks_set.str1.1
                0x0000000000009b7a       0x9b _build/app_pwm.o
 .rodata.app_pwm_init.str1.1
                0x0000000000009c15       0x44 _build/app_pwm.o
                                         0x87 (size before relaxing)
 *fill*         0x0000000000009c59        0x7 
 .rodata.delay_machine_code.8843
                0x0000000000009c60        0x6 _build/app_timer.o
 .rodata.app_util_critical_region_enter.str1.1
                0x0000000000009c66       0x55 _build/app_util_platform.o
 .rodata.HardFault_c_handler.str1.1
                0x0000000000009cbb      0x12e _build/hardfault_implementation.o
 *fill*         0x0000000000009de9        0x3 
 .rodata.cfsr_msgs.9036
                0x0000000000009dec       0x68 _build/hardfault_implementation.o
 .rodata.str1.1
                0x0000000000009e54      0x4c0 _build/hardfault_implementation.o
 .rodata.nrf_balloc_init.str1.1
                0x000000000000a314       0x50 _build/nrf_balloc.o
 .rodata.str1.1
                0x000000000000a364        0x6 _build/nrf_drv_clock.o
 .rodata.nrf_fprintf_buffer_flush.str1.1
                0x000000000000a36a       0x46 _build/nrf_fprintf.o
 .rodata._aV2C.7519
                0x000000000000a3b0       0x10 _build/nrf_fprintf_format.o
 .rodata.nrf_fprintf_fmt.str1.1
                0x000000000000a3c0       0x4d _build/nrf_fprintf_format.o
 .rodata.str1.1
                0x000000000000a40d        0xd _build/nrf_fstorage.o
 *fill*         0x000000000000a41a        0x6 
 .rodata.delay_machine_code.9117
                0x000000000000a420        0x6 _build/nrf_log_backend_rtt.o
 *fill*         0x000000000000a426        0x2 
 .rodata.nrf_log_backend_rtt_api
                0x000000000000a428        0xc _build/nrf_log_backend_rtt.o
                0x000000000000a428                nrf_log_backend_rtt_api
 .rodata.nrf_log_default_backends_init.str1.1
                0x000000000000a434       0x5f _build/nrf_log_default_backends.o
 .rodata.str1.1
                0x000000000000a493       0x10 _build/nrf_log_default_backends.o
 .rodata.buf_prealloc.str1.1
                0x000000000000a4a3       0x57 _build/nrf_log_frontend.o
 *fill*         0x000000000000a4fa        0x2 
 .rodata.m_log_push_ringbuf
                0x000000000000a4fc        0xc _build/nrf_log_frontend.o
 .rodata.nrf_log_frontend_dequeue.str1.1
                0x000000000000a508       0x11 _build/nrf_log_frontend.o
 .rodata.str1.1
                0x000000000000a519        0x4 _build/nrf_log_frontend.o
 *fill*         0x000000000000a51d        0x3 
 .rodata.m_colors
                0x000000000000a520       0x24 _build/nrf_log_str_formatter.o
 .rodata.nrf_log_hexdump_entry_process.str1.1
                0x000000000000a544        0xf _build/nrf_log_str_formatter.o
                                         0x11 (size before relaxing)
 .rodata.postfix_process.str1.1
                0x000000000000a553        0x8 _build/nrf_log_str_formatter.o
                                          0xb (size before relaxing)
 .rodata.prefix_process.str1.1
                0x000000000000a55b       0x2a _build/nrf_log_str_formatter.o
 *fill*         0x000000000000a585        0x3 
 .rodata.severity_names
                0x000000000000a588       0x14 _build/nrf_log_str_formatter.o
 .rodata.str1.1
                0x000000000000a59c       0x4b _build/nrf_log_str_formatter.o
                                         0x51 (size before relaxing)
 .rodata.memobj_op.str1.1
                0x000000000000a5e7       0x50 _build/nrf_memobj.o
 .rodata.str1.1
                0x000000000000a637        0x9 _build/nrf_pwr_mgmt.o
 .rodata.m_unknown_str
                0x000000000000a640       0x13 _build/nrf_strerror.o
 *fill*         0x000000000000a653        0x1 
 .rodata.nrf_strerror_array
                0x000000000000a654      0x118 _build/nrf_strerror.o
 .rodata.str1.1
                0x000000000000a76c      0x391 _build/nrf_strerror.o
 .rodata.str1.1
                0x000000000000aafd        0x6 _build/nrfx_clock.o
 .rodata.nrf_gpio_pin_port_decode.isra.0.part.1.str1.1
                0x000000000000ab03       0x43 _build/nrfx_gpiote.o
 .rodata.nrfx_gpiote_out_init.str1.1
                0x000000000000ab03       0x4e _build/nrfx_gpiote.o
 .rodata.str1.1
                0x000000000000ab51        0x7 _build/nrfx_gpiote.o
 .rodata.str1.1
                0x000000000000ab58        0x4 _build/nrfx_ppi.o
 .rodata.UARTE0_UART0_IRQHandler.str1.1
                0x000000000000ab5c       0x4f _build/nrfx_prs.o
 .rodata.str1.1
                0x000000000000abab        0x4 _build/nrfx_prs.o
 .rodata.str1.1
                0x000000000000abaf        0x4 _build/nrfx_pwm.o
 .rodata.str1.1
                0x000000000000abb3        0x6 _build/nrfx_saadc.o
 .rodata.SPIM1_SPIS1_TWIM1_TWIS1_SPI1_TWI1_IRQHandler.str1.1
                0x000000000000abb9       0x4c _build/nrfx_spim.o
 .rodata.nrf_gpio_pin_port_decode.isra.0.part.1.str1.1
                0x000000000000ac05       0x43 _build/nrfx_spim.o
 .rodata.str1.1
                0x000000000000ac05        0x5 _build/nrfx_spim.o
 .rodata.nrfx_timer_init.str1.1
                0x000000000000ac0a       0x91 _build/nrfx_timer.o
 .rodata.str1.1
                0x000000000000ac9b        0x6 _build/nrfx_timer.o
 .rodata.SPIM0_SPIS0_TWIM0_TWIS0_SPI0_TWI0_IRQHandler.str1.1
                0x000000000000aca1       0x4c _build/nrfx_twim.o
 .rodata.str1.1
                0x000000000000aced        0x5 _build/nrfx_twim.o
 .rodata.str1.1
                0x000000000000acf2        0x5 _build/nrfx_uart.o
 .rodata.str1.1
                0x000000000000acf7        0x6 _build/nrfx_uarte.o
 *fill*         0x000000000000acfd        0x3 
 .rodata._global_impure_ptr
                0x000000000000ad00        0x4 /usr/bin/../lib/gcc/arm-none-eabi/7.3.1/../../../../arm-none-eabi/lib/thumb/v7e-m/fpv4-sp/hard/libc.a(lib_a-impure.o)
                0x000000000000ad00                _global_impure_ptr
 .rodata._setlocale_r.str1.4
                0x000000000000ad04        0xa /usr/bin/../lib/gcc/arm-none-eabi/7.3.1/../../../../arm-none-eabi/lib/thumb/v7e-m/fpv4-sp/hard/libc.a(lib_a-locale.o)
                                          0xd (size before relaxing)
 *fill*         0x000000000000ad0e        0x2 
 .rodata.str1.4
                0x000000000000ad10        0x2 /usr/bin/../lib/gcc/arm-none-eabi/7.3.1/../../../../arm-none-eabi/lib/thumb/v7e-m/fpv4-sp/hard/libc.a(lib_a-locale.o)
 *fill*         0x000000000000ad12        0x2 
 .rodata._vfprintf_r.str1.4
                0x000000000000ad14       0x42 /usr/bin/../lib/gcc/arm-none-eabi/7.3.1/../../../../arm-none-eabi/lib/thumb/v7e-m/fpv4-sp/hard/libc.a(lib_a-vfprintf.o)
 *fill*         0x000000000000ad56        0x2 
 .rodata.blanks.8605
                0x000000000000ad58       0x10 /usr/bin/../lib/gcc/arm-none-eabi/7.3.1/../../../../arm-none-eabi/lib/thumb/v7e-m/fpv4-sp/hard/libc.a(lib_a-vfprintf.o)
 .rodata.zeroes.8606
                0x000000000000ad68       0x10 /usr/bin/../lib/gcc/arm-none-eabi/7.3.1/../../../../arm-none-eabi/lib/thumb/v7e-m/fpv4-sp/hard/libc.a(lib_a-vfprintf.o)
 .rodata._ctype_
                0x000000000000ad78      0x101 /usr/bin/../lib/gcc/arm-none-eabi/7.3.1/../../../../arm-none-eabi/lib/thumb/v7e-m/fpv4-sp/hard/libc.a(lib_a-ctype_.o)
                0x000000000000ad78                _ctype_
 *fill*         0x000000000000ae79        0x3 
 .rodata._dtoa_r.str1.4
                0x000000000000ae7c       0x10 /usr/bin/../lib/gcc/arm-none-eabi/7.3.1/../../../../arm-none-eabi/lib/thumb/v7e-m/fpv4-sp/hard/libc.a(lib_a-dtoa.o)
                                         0x12 (size before relaxing)
 *fill*         0x000000000000ae8c        0x4 
 .rodata.__mprec_bigtens
                0x000000000000ae90       0x28 /usr/bin/../lib/gcc/arm-none-eabi/7.3.1/../../../../arm-none-eabi/lib/thumb/v7e-m/fpv4-sp/hard/libc.a(lib_a-mprec.o)
                0x000000000000ae90                __mprec_bigtens
 .rodata.__mprec_tens
                0x000000000000aeb8       0xc8 /usr/bin/../lib/gcc/arm-none-eabi/7.3.1/../../../../arm-none-eabi/lib/thumb/v7e-m/fpv4-sp/hard/libc.a(lib_a-mprec.o)
                0x000000000000aeb8                __mprec_tens
 .rodata.p05.7367
                0x000000000000af80        0xc /usr/bin/../lib/gcc/arm-none-eabi/7.3.1/../../../../arm-none-eabi/lib/thumb/v7e-m/fpv4-sp/hard/libc.a(lib_a-mprec.o)
 *(.eh_frame*)
 .eh_frame      0x000000000000af8c        0x0 /usr/bin/../lib/gcc/arm-none-eabi/7.3.1/thumb/v7e-m/fpv4-sp/hard/crtbegin.o
 .eh_frame      0x000000000000af8c        0x4 /usr/bin/../lib/gcc/arm-none-eabi/7.3.1/thumb/v7e-m/fpv4-sp/hard/crtend.o

.glue_7         0x000000000000af90        0x0
 .glue_7        0x000000000000af90        0x0 linker stubs

.glue_7t        0x000000000000af90        0x0
 .glue_7t       0x000000000000af90        0x0 linker stubs

.vfp11_veneer   0x000000000000af90        0x0
 .vfp11_veneer  0x000000000000af90        0x0 linker stubs

.v4_bx          0x000000000000af90        0x0
 .v4_bx         0x000000000000af90        0x0 linker stubs

.iplt           0x000000000000af90        0x0
 .iplt          0x000000000000af90        0x0 /usr/bin/../lib/gcc/arm-none-eabi/7.3.1/thumb/v7e-m/fpv4-sp/hard/crtbegin.o

.mem_section_dummy_rom

.log_const_data
                0x000000000000af90       0x80
                0x000000000000af90                PROVIDE (__start_log_const_data = .)
 *(SORT_BY_NAME(.log_const_data*))
 .log_const_data_CLOCK
                0x000000000000af90        0x8 _build/nrfx_clock.o
                0x000000000000af90                m_nrf_log_CLOCK_logs_data_const
 .log_const_data_GPIOTE
                0x000000000000af98        0x8 _build/nrfx_gpiote.o
                0x000000000000af98                m_nrf_log_GPIOTE_logs_data_const
 .log_const_data_PPI
                0x000000000000afa0        0x8 _build/nrfx_ppi.o
                0x000000000000afa0                m_nrf_log_PPI_logs_data_const
 .log_const_data_PRS
                0x000000000000afa8        0x8 _build/nrfx_prs.o
                0x000000000000afa8                m_nrf_log_PRS_logs_data_const
 .log_const_data_PWM
                0x000000000000afb0        0x8 _build/nrfx_pwm.o
                0x000000000000afb0                m_nrf_log_PWM_logs_data_const
 .log_const_data_SAADC
                0x000000000000afb8        0x8 _build/nrfx_saadc.o
                0x000000000000afb8                m_nrf_log_SAADC_logs_data_const
 .log_const_data_SPIM
                0x000000000000afc0        0x8 _build/nrfx_spim.o
                0x000000000000afc0                m_nrf_log_SPIM_logs_data_const
 .log_const_data_TIMER
                0x000000000000afc8        0x8 _build/nrfx_timer.o
                0x000000000000afc8                m_nrf_log_TIMER_logs_data_const
 .log_const_data_TWIM
                0x000000000000afd0        0x8 _build/nrfx_twim.o
                0x000000000000afd0                m_nrf_log_TWIM_logs_data_const
 .log_const_data_UART
                0x000000000000afd8        0x8 _build/nrfx_uart.o
                0x000000000000afd8                m_nrf_log_UART_logs_data_const
 .log_const_data_UARTE
                0x000000000000afe0        0x8 _build/nrfx_uarte.o
                0x000000000000afe0                m_nrf_log_UARTE_logs_data_const
 .log_const_data_app
                0x000000000000afe8        0x8 _build/nrf_log_frontend.o
                0x000000000000afe8                m_nrf_log_app_logs_data_const
 .log_const_data_clock
                0x000000000000aff0        0x8 _build/nrf_drv_clock.o
                0x000000000000aff0                m_nrf_log_clock_logs_data_const
 .log_const_data_hardfault
                0x000000000000aff8        0x8 _build/hardfault_implementation.o
                0x000000000000aff8                m_nrf_log_hardfault_logs_data_const
 .log_const_data_nrf_fstorage
                0x000000000000b000        0x8 _build/nrf_fstorage.o
                0x000000000000b000                m_nrf_log_nrf_fstorage_logs_data_const
 .log_const_data_pwr_mgmt
                0x000000000000b008        0x8 _build/nrf_pwr_mgmt.o
                0x000000000000b008                m_nrf_log_pwr_mgmt_logs_data_const
                0x000000000000b010                PROVIDE (__stop_log_const_data = .)

.nrf_balloc     0x000000000000b010       0x14
                [!provide]                        PROVIDE (__start_nrf_balloc = .)
 *(.nrf_balloc)
 .nrf_balloc    0x000000000000b010       0x14 _build/nrf_log_frontend.o
                0x000000000000b010                log_mempool
                [!provide]                        PROVIDE (__stop_nrf_balloc = .)

.nrf_queue      0x000000000000b024       0x28
                [!provide]                        PROVIDE (__start_nrf_queue = .)
 *(.nrf_queue)
 .nrf_queue     0x000000000000b024       0x28 _build/kobukiUtilities.o
                0x000000000000b024                serial_queues_txq
                0x000000000000b038                serial_queues_rxq
                [!provide]                        PROVIDE (__stop_nrf_queue = .)

.log_backends   0x000000000000b04c       0x10
 .log_backends  0x000000000000b04c       0x10 _build/nrf_log_default_backends.o

.pwr_mgmt_data  0x000000000000b05c        0x0
                0x000000000000b05c                PROVIDE (__start_pwr_mgmt_data = .)
 *(SORT_BY_NAME(.pwr_mgmt_data*))
                0x000000000000b05c                PROVIDE (__stop_pwr_mgmt_data = .)

.crypto_data    0x000000000000b05c        0x0
                [!provide]                        PROVIDE (__start_crypto_data = .)
 *(SORT_BY_NAME(.crypto_data*))
                [!provide]                        PROVIDE (__stop_crypto_data = .)

.cli_command    0x000000000000b05c        0x0
                [!provide]                        PROVIDE (__start_cli_command = .)
 *(.cli_command)
                [!provide]                        PROVIDE (__stop_cli_command = .)

.ARM.extab
 *(.ARM.extab* .gnu.linkonce.armextab.*)
                0x000000000000b05c                __exidx_start = .

.ARM.exidx      0x000000000000b05c        0x8
 *(.ARM.exidx* .gnu.linkonce.armexidx.*)
 .ARM.exidx     0x000000000000b05c        0x8 /usr/bin/../lib/gcc/arm-none-eabi/7.3.1/../../../../arm-none-eabi/lib/thumb/v7e-m/fpv4-sp/hard/crt0.o
 .ARM.exidx     0x000000000000b064        0x0 /usr/bin/../lib/gcc/arm-none-eabi/7.3.1/thumb/v7e-m/fpv4-sp/hard/libgcc.a(_udivmoddi4.o)
                                          0x8 (size before relaxing)
                0x000000000000b064                __exidx_end = .
                0x000000000000b064                __etext = .

.rel.dyn        0x000000000000b064        0x0
 .rel.iplt      0x000000000000b064        0x0 /usr/bin/../lib/gcc/arm-none-eabi/7.3.1/thumb/v7e-m/fpv4-sp/hard/crtbegin.o

.data           0x0000000020000000      0x9c8 load address 0x000000000000b064
                0x0000000020000000                __data_start__ = .
 *(vtable)
 *(.data*)
 .data.log_backend_cb_rtt_log_backend
                0x0000000020000000        0x8 _build/nrf_log_default_backends.o
 .data.SystemCoreClock
                0x0000000020000008        0x4 _build/system_nrf52.o
                0x0000000020000008                SystemCoreClock
 .data._impure_ptr
                0x000000002000000c        0x4 /usr/bin/../lib/gcc/arm-none-eabi/7.3.1/../../../../arm-none-eabi/lib/thumb/v7e-m/fpv4-sp/hard/libc.a(lib_a-impure.o)
                0x000000002000000c                _impure_ptr
 .data.impure_data
                0x0000000020000010      0x428 /usr/bin/../lib/gcc/arm-none-eabi/7.3.1/../../../../arm-none-eabi/lib/thumb/v7e-m/fpv4-sp/hard/libc.a(lib_a-impure.o)
 .data.__global_locale
                0x0000000020000438      0x16c /usr/bin/../lib/gcc/arm-none-eabi/7.3.1/../../../../arm-none-eabi/lib/thumb/v7e-m/fpv4-sp/hard/libc.a(lib_a-locale.o)
                0x0000000020000438                __global_locale
 .data.__atexit_recursive_mutex
                0x00000000200005a4        0x4 /usr/bin/../lib/gcc/arm-none-eabi/7.3.1/../../../../arm-none-eabi/lib/thumb/v7e-m/fpv4-sp/hard/libc.a(lib_a-__call_atexit.o)
                0x00000000200005a4                __atexit_recursive_mutex
 .data.__malloc_av_
                0x00000000200005a8      0x408 /usr/bin/../lib/gcc/arm-none-eabi/7.3.1/../../../../arm-none-eabi/lib/thumb/v7e-m/fpv4-sp/hard/libc.a(lib_a-mallocr.o)
                0x00000000200005a8                __malloc_av_
 .data.__malloc_sbrk_base
                0x00000000200009b0        0x4 /usr/bin/../lib/gcc/arm-none-eabi/7.3.1/../../../../arm-none-eabi/lib/thumb/v7e-m/fpv4-sp/hard/libc.a(lib_a-mallocr.o)
                0x00000000200009b0                __malloc_sbrk_base
 .data.__malloc_trim_threshold
                0x00000000200009b4        0x4 /usr/bin/../lib/gcc/arm-none-eabi/7.3.1/../../../../arm-none-eabi/lib/thumb/v7e-m/fpv4-sp/hard/libc.a(lib_a-mallocr.o)
                0x00000000200009b4                __malloc_trim_threshold
                0x00000000200009b8                . = ALIGN (0x4)
                0x00000000200009b8                PROVIDE (__preinit_array_start = .)
 *(.preinit_array)
                0x00000000200009b8                PROVIDE (__preinit_array_end = .)
                0x00000000200009b8                . = ALIGN (0x4)
                0x00000000200009b8                PROVIDE (__init_array_start = .)
 *(SORT_BY_NAME(.init_array.*))
 .init_array.00000
                0x00000000200009b8        0x4 /usr/bin/../lib/gcc/arm-none-eabi/7.3.1/../../../../arm-none-eabi/lib/thumb/v7e-m/fpv4-sp/hard/libc.a(lib_a-__call_atexit.o)
 *(.init_array)
 .init_array    0x00000000200009bc        0x4 /usr/bin/../lib/gcc/arm-none-eabi/7.3.1/thumb/v7e-m/fpv4-sp/hard/crtbegin.o
 .init_array    0x00000000200009c0        0x4 _build/before_startup.o
                0x00000000200009c4                PROVIDE (__init_array_end = .)
                0x00000000200009c4                . = ALIGN (0x4)
                0x00000000200009c4                PROVIDE (__fini_array_start = .)
 *(SORT_BY_NAME(.fini_array.*))
 *(.fini_array)
 .fini_array    0x00000000200009c4        0x4 /usr/bin/../lib/gcc/arm-none-eabi/7.3.1/thumb/v7e-m/fpv4-sp/hard/crtbegin.o
                0x00000000200009c8                PROVIDE (__fini_array_end = .)
 *(.jcr*)
                0x00000000200009c8                . = ALIGN (0x4)
                0x00000000200009c8                __data_end__ = .
LOAD /usr/bin/../lib/gcc/arm-none-eabi/7.3.1/thumb/v7e-m/fpv4-sp/hard/crti.o
LOAD /usr/bin/../lib/gcc/arm-none-eabi/7.3.1/thumb/v7e-m/fpv4-sp/hard/crtbegin.o
LOAD /usr/bin/../lib/gcc/arm-none-eabi/7.3.1/../../../../arm-none-eabi/lib/thumb/v7e-m/fpv4-sp/hard/crt0.o
START GROUP
LOAD _build/main.o
LOAD _build/display.o
LOAD _build/mpu9250.o
LOAD _build/kobukiUART.o
LOAD _build/kobukiSensor.o
LOAD _build/kobukiUtilities.o
LOAD _build/kobukiSensorPoll.o
LOAD _build/kobukiActuator.o
LOAD _build/better_error_handling.o
LOAD _build/max44009.o
LOAD _build/lsm9ds1.o
LOAD _build/opt3004.o
LOAD _build/SEGGER_RTT.o
LOAD _build/SEGGER_RTT_Syscalls_GCC.o
LOAD _build/SEGGER_RTT_printf.o
LOAD _build/app_error.o
LOAD _build/app_error_handler_gcc.o
LOAD _build/app_pwm.o
LOAD _build/app_scheduler.o
LOAD _build/app_timer.o
LOAD _build/app_uart.o
LOAD _build/app_util_platform.o
LOAD _build/before_startup.o
LOAD _build/ff.o
LOAD _build/hardfault_handler_gcc.o
LOAD _build/hardfault_implementation.o
LOAD _build/mmc_nrf.o
LOAD _build/nrf_assert.o
LOAD _build/nrf_atomic.o
LOAD _build/nrf_balloc.o
LOAD _build/nrf_drv_clock.o
LOAD _build/nrf_drv_ppi.o
LOAD _build/nrf_drv_spi.o
LOAD _build/nrf_drv_twi.o
LOAD _build/nrf_drv_uart.o
LOAD _build/nrf_fprintf.o
LOAD _build/nrf_fprintf_format.o
LOAD _build/nrf_fstorage.o
LOAD _build/nrf_log_backend_rtt.o
LOAD _build/nrf_log_backend_serial.o
LOAD _build/nrf_log_backend_uart.o
LOAD _build/nrf_log_default_backends.o
LOAD _build/nrf_log_frontend.o
LOAD _build/nrf_log_str_formatter.o
LOAD _build/nrf_memobj.o
LOAD _build/nrf_pwr_mgmt.o
LOAD _build/nrf_ringbuf.o
LOAD _build/nrf_queue.o
LOAD _build/nrf_section_iter.o
LOAD _build/nrf_serial.o
LOAD _build/nrf_strerror.o
LOAD _build/nrf_twi_mngr.o
LOAD _build/nrfx_clock.o
LOAD _build/nrfx_gpiote.o
LOAD _build/nrfx_ppi.o
LOAD _build/nrfx_prs.o
LOAD _build/nrfx_pwm.o
LOAD _build/nrfx_saadc.o
LOAD _build/nrfx_spi.o
LOAD _build/nrfx_spim.o
LOAD _build/nrfx_timer.o
LOAD _build/nrfx_twi.o
LOAD _build/nrfx_twim.o
LOAD _build/nrfx_uart.o
LOAD _build/nrfx_uarte.o
LOAD _build/simple_logger.o
LOAD _build/system_nrf52.o
LOAD _build/app_error_weak.o
LOAD _build/gcc_startup_nrf52.os
LOAD /usr/bin/../lib/gcc/arm-none-eabi/7.3.1/../../../../arm-none-eabi/lib/thumb/v7e-m/fpv4-sp/hard/libc.a
LOAD /usr/bin/../lib/gcc/arm-none-eabi/7.3.1/../../../../arm-none-eabi/lib/thumb/v7e-m/fpv4-sp/hard/libnosys.a
LOAD /usr/bin/../lib/gcc/arm-none-eabi/7.3.1/../../../../arm-none-eabi/lib/thumb/v7e-m/fpv4-sp/hard/libm.a
LOAD /usr/bin/../lib/gcc/arm-none-eabi/7.3.1/../../../../arm-none-eabi/lib/thumb/v7e-m/fpv4-sp/hard/libstdc++.a
END GROUP
START GROUP
LOAD /usr/bin/../lib/gcc/arm-none-eabi/7.3.1/thumb/v7e-m/fpv4-sp/hard/libgcc.a
LOAD /usr/bin/../lib/gcc/arm-none-eabi/7.3.1/../../../../arm-none-eabi/lib/thumb/v7e-m/fpv4-sp/hard/libc.a
END GROUP
LOAD /usr/bin/../lib/gcc/arm-none-eabi/7.3.1/thumb/v7e-m/fpv4-sp/hard/crtend.o
LOAD /usr/bin/../lib/gcc/arm-none-eabi/7.3.1/thumb/v7e-m/fpv4-sp/hard/crtn.o
START GROUP
LOAD /usr/bin/../lib/gcc/arm-none-eabi/7.3.1/thumb/v7e-m/fpv4-sp/hard/libgcc.a
LOAD /usr/bin/../lib/gcc/arm-none-eabi/7.3.1/../../../../arm-none-eabi/lib/thumb/v7e-m/fpv4-sp/hard/libc.a
LOAD /usr/bin/../lib/gcc/arm-none-eabi/7.3.1/../../../../arm-none-eabi/lib/thumb/v7e-m/fpv4-sp/hard/libnosys.a
END GROUP

.igot.plt       0x00000000200009c8        0x0 load address 0x000000000000ba2c
 .igot.plt      0x00000000200009c8        0x0 /usr/bin/../lib/gcc/arm-none-eabi/7.3.1/thumb/v7e-m/fpv4-sp/hard/crtbegin.o
                0x00000000200009c8                . = ALIGN (0x4)

.mem_section_dummy_ram

.log_dynamic_data
                0x00000000200009c8        0x0
                0x00000000200009c8                PROVIDE (__start_log_dynamic_data = .)
 *(SORT_BY_NAME(.log_dynamic_data*))
                [!provide]                        PROVIDE (__stop_log_dynamic_data = .)

.fs_data        0x00000000200009c8        0x0
                0x00000000200009c8                PROVIDE (__start_fs_data = .)
 *(.fs_data)
                0x00000000200009c8                PROVIDE (__stop_fs_data = .)

.cli_sorted_cmd_ptrs
                0x00000000200009c8        0x0
                [!provide]                        PROVIDE (__start_cli_sorted_cmd_ptrs = .)
 *(.cli_sorted_cmd_ptrs)
                [!provide]                        PROVIDE (__stop_cli_sorted_cmd_ptrs = .)

.bss            0x00000000200009c8      0xfc0 load address 0x000000000000ba2c
                0x00000000200009c8                . = ALIGN (0x4)
                0x00000000200009c8                __bss_start__ = .
 *(.bss*)
 .bss           0x00000000200009c8       0x1c /usr/bin/../lib/gcc/arm-none-eabi/7.3.1/thumb/v7e-m/fpv4-sp/hard/crtbegin.o
 .bss.duty_cycle
                0x00000000200009e4        0x4 _build/main.o
                0x00000000200009e4                duty_cycle
 .bss.freq      0x00000000200009e8        0x4 _build/main.o
                0x00000000200009e8                freq
 .bss.last_falling
                0x00000000200009ec        0x4 _build/main.o
 .bss.last_rising
                0x00000000200009f0        0x4 _build/main.o
 .bss.period_T  0x00000000200009f4        0x4 _build/main.o
                0x00000000200009f4                period_T
 .bss.pulse_width
                0x00000000200009f8        0x4 _build/main.o
                0x00000000200009f8                pulse_width
 .bss.serial_queues_rxq_nrf_queue_buffer
                0x00000000200009fc      0x201 _build/kobukiUtilities.o
 *fill*         0x0000000020000bfd        0x3 
 .bss.serial_queues_rxq_nrf_queue_cb
                0x0000000020000c00        0xc _build/kobukiUtilities.o
 .bss.serial_queues_txq_nrf_queue_buffer
                0x0000000020000c0c      0x201 _build/kobukiUtilities.o
 *fill*         0x0000000020000e0d        0x3 
 .bss.serial_queues_txq_nrf_queue_cb
                0x0000000020000e10        0xc _build/kobukiUtilities.o
 .bss._acDownBuffer
                0x0000000020000e1c       0x10 _build/SEGGER_RTT.o
 .bss._acUpBuffer
                0x0000000020000e2c      0x200 _build/SEGGER_RTT.o
 .bss.m_instances
                0x000000002000102c       0x14 _build/app_pwm.o
 .bss.m_pwm_busy
                0x0000000020001040        0x5 _build/app_pwm.o
 *fill*         0x0000000020001045        0x3 
 .bss.m_pwm_target_value
                0x0000000020001048       0x14 _build/app_pwm.o
 .bss.m_use_ppi_delay_workaround
                0x000000002000105c        0x1 _build/app_pwm.o
 *fill*         0x000000002000105d        0x3 
 .bss.m_op_queue
                0x0000000020001060      0x10c _build/app_timer.o
 .bss.m_rtc1_reset
                0x000000002000116c        0x1 _build/app_timer.o
 .bss.m_rtc1_running
                0x000000002000116d        0x1 _build/app_timer.o
 *fill*         0x000000002000116e        0x2 
 .bss.m_ticks_elapsed
                0x0000000020001170        0x8 _build/app_timer.o
 .bss.m_ticks_elapsed_q_read_ind
                0x0000000020001178        0x1 _build/app_timer.o
 .bss.m_ticks_elapsed_q_write_ind
                0x0000000020001179        0x1 _build/app_timer.o
 *fill*         0x000000002000117a        0x2 
 .bss.m_ticks_latest
                0x000000002000117c        0x4 _build/app_timer.o
 .bss.mp_timer_id_head
                0x0000000020001180        0x4 _build/app_timer.o
 .bss.m_in_critical_region
                0x0000000020001184        0x4 _build/app_util_platform.o
 .bss.m_drv_state
                0x0000000020001188        0x1 _build/nrf_drv_ppi.o
 .bss.m_host_present
                0x0000000020001189        0x1 _build/nrf_log_backend_rtt.o
 .bss.m_string_buff
                0x000000002000118a       0x40 _build/nrf_log_backend_rtt.o
 *fill*         0x00000000200011ca        0x2 
 .bss.log_mempool_nrf_balloc_cb
                0x00000000200011cc        0x8 _build/nrf_log_frontend.o
 .bss.log_mempool_nrf_balloc_pool_mem
                0x00000000200011d4       0xc0 _build/nrf_log_frontend.o
 .bss.log_mempool_nrf_balloc_pool_stack
                0x0000000020001294        0x8 _build/nrf_log_frontend.o
 .bss.m_log_data
                0x000000002000129c      0x424 _build/nrf_log_frontend.o
 .bss.m_log_push_ringbuf_buf
                0x00000000200016c0       0x80 _build/nrf_log_frontend.o
 .bss.m_log_push_ringbuf_cb
                0x0000000020001740       0x18 _build/nrf_log_frontend.o
 .bss.m_clock_cb
                0x0000000020001758        0x8 _build/nrfx_clock.o
 .bss.m_cb      0x0000000020001760       0x5c _build/nrfx_gpiote.o
 .bss.m_channels_allocated
                0x00000000200017bc        0x4 _build/nrfx_ppi.o
 .bss.m_prs_box_4
                0x00000000200017c0        0x8 _build/nrfx_prs.o
 .bss.m_cb      0x00000000200017c8       0x18 _build/nrfx_pwm.o
 .bss.m_cb      0x00000000200017e0       0x30 _build/nrfx_saadc.o
 .bss.m_cb      0x0000000020001810       0x24 _build/nrfx_spim.o
 .bss.m_cb      0x0000000020001834       0x18 _build/nrfx_timer.o
 .bss.m_cb      0x000000002000184c       0x34 _build/nrfx_twim.o
 .bss.__malloc_current_mallinfo
                0x0000000020001880       0x28 /usr/bin/../lib/gcc/arm-none-eabi/7.3.1/../../../../arm-none-eabi/lib/thumb/v7e-m/fpv4-sp/hard/libc.a(lib_a-mallocr.o)
                0x0000000020001880                __malloc_current_mallinfo
 .bss.__malloc_max_sbrked_mem
                0x00000000200018a8        0x4 /usr/bin/../lib/gcc/arm-none-eabi/7.3.1/../../../../arm-none-eabi/lib/thumb/v7e-m/fpv4-sp/hard/libc.a(lib_a-mallocr.o)
                0x00000000200018a8                __malloc_max_sbrked_mem
 .bss.__malloc_max_total_mem
                0x00000000200018ac        0x4 /usr/bin/../lib/gcc/arm-none-eabi/7.3.1/../../../../arm-none-eabi/lib/thumb/v7e-m/fpv4-sp/hard/libc.a(lib_a-mallocr.o)
                0x00000000200018ac                __malloc_max_total_mem
 .bss.__malloc_top_pad
                0x00000000200018b0        0x4 /usr/bin/../lib/gcc/arm-none-eabi/7.3.1/../../../../arm-none-eabi/lib/thumb/v7e-m/fpv4-sp/hard/libc.a(lib_a-mallocr.o)
                0x00000000200018b0                __malloc_top_pad
 .bss.heap_end.5377
                0x00000000200018b4        0x4 /usr/bin/../lib/gcc/arm-none-eabi/7.3.1/../../../../arm-none-eabi/lib/thumb/v7e-m/fpv4-sp/hard/libnosys.a(sbrk.o)
 *(COMMON)
 COMMON         0x00000000200018b8       0x24 _build/main.o
                0x00000000200018b8                m_pwm_PWM1_cb
 COMMON         0x00000000200018dc       0x78 _build/SEGGER_RTT.o
                0x00000000200018dc                _SEGGER_RTT
 COMMON         0x0000000020001954        0xa _build/app_pwm.o
                0x0000000020001954                m_pwm_ready_counter
 *fill*         0x000000002000195e        0x2 
 COMMON         0x0000000020001960       0x21 /usr/bin/../lib/gcc/arm-none-eabi/7.3.1/../../../../arm-none-eabi/lib/thumb/v7e-m/fpv4-sp/hard/libc.a(lib_a-lock.o)
                0x0000000020001960                __lock___atexit_recursive_mutex
                0x0000000020001964                __lock___arc4random_mutex
                0x0000000020001968                __lock___env_recursive_mutex
                0x000000002000196c                __lock___sinit_recursive_mutex
                0x0000000020001970                __lock___malloc_recursive_mutex
                0x0000000020001974                __lock___at_quick_exit_mutex
                0x0000000020001978                __lock___dd_hash_mutex
                0x000000002000197c                __lock___tz_mutex
                0x0000000020001980                __lock___sfp_recursive_mutex
 *fill*         0x0000000020001981        0x3 
 COMMON         0x0000000020001984        0x4 /usr/bin/../lib/gcc/arm-none-eabi/7.3.1/../../../../arm-none-eabi/lib/thumb/v7e-m/fpv4-sp/hard/libc.a(lib_a-reent.o)
                0x0000000020001984                errno
                0x0000000020001988                . = ALIGN (0x4)
                0x0000000020001988                __bss_end__ = .

.heap           0x0000000020001988     0x2000
                0x0000000020001988                __HeapBase = .
                0x0000000020001988                __end__ = .
                0x0000000020001988                PROVIDE (end = .)
 *(.heap*)
 .heap          0x0000000020001988     0x2000 _build/gcc_startup_nrf52.os
                0x0000000020003988                __HeapLimit = .

.stack_dummy    0x0000000020001988     0x2000
 *(.stack*)
 .stack         0x0000000020001988     0x2000 _build/gcc_startup_nrf52.os
                0x0000000020010000                __StackTop = (ORIGIN (RAM) + LENGTH (RAM))
                0x000000002000e000                __StackLimit = (__StackTop - SIZEOF (.stack_dummy))
                0x0000000020010000                PROVIDE (__stack = __StackTop)
                0x0000000000000001                ASSERT ((__StackLimit >= __HeapLimit), region RAM overflowed with stack)
                0x00000000000009c8                DataInitFlashUsed = (__bss_start__ - __data_start__)
                0x000000000000b064                CodeFlashUsed = (__etext - ORIGIN (FLASH))
                0x000000000000ba2c                TotalFlashUsed = (CodeFlashUsed + DataInitFlashUsed)
                0x0000000000000001                ASSERT ((TotalFlashUsed <= LENGTH (FLASH)), region FLASH overflowed with .data and user data)
OUTPUT(_build/pwm_calc_sdk15_blank.elf elf32-littlearm)

.ARM.attributes
                0x0000000000000000       0x30
 .ARM.attributes
                0x0000000000000000       0x22 /usr/bin/../lib/gcc/arm-none-eabi/7.3.1/thumb/v7e-m/fpv4-sp/hard/crti.o
 .ARM.attributes
                0x0000000000000022       0x34 /usr/bin/../lib/gcc/arm-none-eabi/7.3.1/thumb/v7e-m/fpv4-sp/hard/crtbegin.o
 .ARM.attributes
                0x0000000000000056       0x20 /usr/bin/../lib/gcc/arm-none-eabi/7.3.1/../../../../arm-none-eabi/lib/thumb/v7e-m/fpv4-sp/hard/crt0.o
 .ARM.attributes
                0x0000000000000076       0x39 _build/main.o
 .ARM.attributes
                0x00000000000000af       0x39 _build/kobukiUtilities.o
 .ARM.attributes
                0x00000000000000e8       0x39 _build/better_error_handling.o
 .ARM.attributes
                0x0000000000000121       0x39 _build/SEGGER_RTT.o
 .ARM.attributes
                0x000000000000015a       0x39 _build/SEGGER_RTT_Syscalls_GCC.o
 .ARM.attributes
                0x0000000000000193       0x39 _build/app_error_handler_gcc.o
 .ARM.attributes
                0x00000000000001cc       0x39 _build/app_pwm.o
 .ARM.attributes
                0x0000000000000205       0x39 _build/app_timer.o
 .ARM.attributes
                0x000000000000023e       0x39 _build/app_util_platform.o
 .ARM.attributes
                0x0000000000000277       0x39 _build/before_startup.o
 .ARM.attributes
                0x00000000000002b0       0x39 _build/hardfault_handler_gcc.o
 .ARM.attributes
                0x00000000000002e9       0x39 _build/hardfault_implementation.o
 .ARM.attributes
                0x0000000000000322       0x39 _build/nrf_assert.o
 .ARM.attributes
                0x000000000000035b       0x39 _build/nrf_atomic.o
 .ARM.attributes
                0x0000000000000394       0x39 _build/nrf_balloc.o
 .ARM.attributes
                0x00000000000003cd       0x39 _build/nrf_drv_clock.o
 .ARM.attributes
                0x0000000000000406       0x39 _build/nrf_drv_ppi.o
 .ARM.attributes
                0x000000000000043f       0x39 _build/nrf_fprintf.o
 .ARM.attributes
                0x0000000000000478       0x39 _build/nrf_fprintf_format.o
 .ARM.attributes
                0x00000000000004b1       0x39 _build/nrf_fstorage.o
 .ARM.attributes
                0x00000000000004ea       0x39 _build/nrf_log_backend_rtt.o
 .ARM.attributes
                0x0000000000000523       0x39 _build/nrf_log_backend_serial.o
 .ARM.attributes
                0x000000000000055c       0x39 _build/nrf_log_default_backends.o
 .ARM.attributes
                0x0000000000000595       0x39 _build/nrf_log_frontend.o
 .ARM.attributes
                0x00000000000005ce       0x39 _build/nrf_log_str_formatter.o
 .ARM.attributes
                0x0000000000000607       0x39 _build/nrf_memobj.o
 .ARM.attributes
                0x0000000000000640       0x39 _build/nrf_pwr_mgmt.o
 .ARM.attributes
                0x0000000000000679       0x39 _build/nrf_ringbuf.o
 .ARM.attributes
                0x00000000000006b2       0x39 _build/nrf_strerror.o
 .ARM.attributes
                0x00000000000006eb       0x39 _build/nrfx_clock.o
 .ARM.attributes
                0x0000000000000724       0x39 _build/nrfx_gpiote.o
 .ARM.attributes
                0x000000000000075d       0x39 _build/nrfx_ppi.o
 .ARM.attributes
                0x0000000000000796       0x39 _build/nrfx_prs.o
 .ARM.attributes
                0x00000000000007cf       0x39 _build/nrfx_pwm.o
 .ARM.attributes
                0x0000000000000808       0x39 _build/nrfx_saadc.o
 .ARM.attributes
                0x0000000000000841       0x39 _build/nrfx_spim.o
 .ARM.attributes
                0x000000000000087a       0x39 _build/nrfx_timer.o
 .ARM.attributes
                0x00000000000008b3       0x39 _build/nrfx_twim.o
 .ARM.attributes
                0x00000000000008ec       0x39 _build/nrfx_uart.o
 .ARM.attributes
                0x0000000000000925       0x39 _build/nrfx_uarte.o
 .ARM.attributes
                0x000000000000095e       0x39 _build/system_nrf52.o
 .ARM.attributes
                0x0000000000000997       0x1c _build/gcc_startup_nrf52.os
 .ARM.attributes
                0x00000000000009b3       0x34 /usr/bin/../lib/gcc/arm-none-eabi/7.3.1/../../../../arm-none-eabi/lib/thumb/v7e-m/fpv4-sp/hard/libc.a(lib_a-exit.o)
 .ARM.attributes
                0x00000000000009e7       0x34 /usr/bin/../lib/gcc/arm-none-eabi/7.3.1/../../../../arm-none-eabi/lib/thumb/v7e-m/fpv4-sp/hard/libc.a(lib_a-impure.o)
 .ARM.attributes
                0x0000000000000a1b       0x34 /usr/bin/../lib/gcc/arm-none-eabi/7.3.1/../../../../arm-none-eabi/lib/thumb/v7e-m/fpv4-sp/hard/libc.a(lib_a-init.o)
 .ARM.attributes
                0x0000000000000a4f       0x34 /usr/bin/../lib/gcc/arm-none-eabi/7.3.1/../../../../arm-none-eabi/lib/thumb/v7e-m/fpv4-sp/hard/libc.a(lib_a-locale.o)
 .ARM.attributes
                0x0000000000000a83       0x34 /usr/bin/../lib/gcc/arm-none-eabi/7.3.1/../../../../arm-none-eabi/lib/thumb/v7e-m/fpv4-sp/hard/libc.a(lib_a-mbtowc_r.o)
 .ARM.attributes
                0x0000000000000ab7       0x20 /usr/bin/../lib/gcc/arm-none-eabi/7.3.1/../../../../arm-none-eabi/lib/thumb/v7e-m/fpv4-sp/hard/libc.a(lib_a-memcpy.o)
 .ARM.attributes
                0x0000000000000ad7       0x34 /usr/bin/../lib/gcc/arm-none-eabi/7.3.1/../../../../arm-none-eabi/lib/thumb/v7e-m/fpv4-sp/hard/libc.a(lib_a-memset.o)
 .ARM.attributes
                0x0000000000000b0b       0x34 /usr/bin/../lib/gcc/arm-none-eabi/7.3.1/../../../../arm-none-eabi/lib/thumb/v7e-m/fpv4-sp/hard/libc.a(lib_a-printf.o)
 .ARM.attributes
                0x0000000000000b3f       0x34 /usr/bin/../lib/gcc/arm-none-eabi/7.3.1/../../../../arm-none-eabi/lib/thumb/v7e-m/fpv4-sp/hard/libc.a(lib_a-setbuf.o)
 .ARM.attributes
                0x0000000000000b73       0x34 /usr/bin/../lib/gcc/arm-none-eabi/7.3.1/../../../../arm-none-eabi/lib/thumb/v7e-m/fpv4-sp/hard/libc.a(lib_a-setvbuf.o)
 .ARM.attributes
                0x0000000000000ba7       0x34 /usr/bin/../lib/gcc/arm-none-eabi/7.3.1/../../../../arm-none-eabi/lib/thumb/v7e-m/fpv4-sp/hard/libc.a(lib_a-strcpy.o)
 .ARM.attributes
                0x0000000000000bdb       0x20 /usr/bin/../lib/gcc/arm-none-eabi/7.3.1/../../../../arm-none-eabi/lib/thumb/v7e-m/fpv4-sp/hard/libc.a(lib_a-strlen.o)
 .ARM.attributes
                0x0000000000000bfb       0x34 /usr/bin/../lib/gcc/arm-none-eabi/7.3.1/../../../../arm-none-eabi/lib/thumb/v7e-m/fpv4-sp/hard/libc.a(lib_a-vfprintf.o)
 .ARM.attributes
                0x0000000000000c2f       0x34 /usr/bin/../lib/gcc/arm-none-eabi/7.3.1/../../../../arm-none-eabi/lib/thumb/v7e-m/fpv4-sp/hard/libc.a(lib_a-wctomb_r.o)
 .ARM.attributes
                0x0000000000000c63       0x34 /usr/bin/../lib/gcc/arm-none-eabi/7.3.1/../../../../arm-none-eabi/lib/thumb/v7e-m/fpv4-sp/hard/libc.a(lib_a-wsetup.o)
 .ARM.attributes
                0x0000000000000c97       0x34 /usr/bin/../lib/gcc/arm-none-eabi/7.3.1/../../../../arm-none-eabi/lib/thumb/v7e-m/fpv4-sp/hard/libc.a(lib_a-__call_atexit.o)
 .ARM.attributes
                0x0000000000000ccb       0x34 /usr/bin/../lib/gcc/arm-none-eabi/7.3.1/../../../../arm-none-eabi/lib/thumb/v7e-m/fpv4-sp/hard/libc.a(lib_a-atexit.o)
 .ARM.attributes
                0x0000000000000cff       0x34 /usr/bin/../lib/gcc/arm-none-eabi/7.3.1/../../../../arm-none-eabi/lib/thumb/v7e-m/fpv4-sp/hard/libc.a(lib_a-ctype_.o)
 .ARM.attributes
                0x0000000000000d33       0x34 /usr/bin/../lib/gcc/arm-none-eabi/7.3.1/../../../../arm-none-eabi/lib/thumb/v7e-m/fpv4-sp/hard/libc.a(lib_a-dtoa.o)
 .ARM.attributes
                0x0000000000000d67       0x34 /usr/bin/../lib/gcc/arm-none-eabi/7.3.1/../../../../arm-none-eabi/lib/thumb/v7e-m/fpv4-sp/hard/libc.a(lib_a-fflush.o)
 .ARM.attributes
                0x0000000000000d9b       0x34 /usr/bin/../lib/gcc/arm-none-eabi/7.3.1/../../../../arm-none-eabi/lib/thumb/v7e-m/fpv4-sp/hard/libc.a(lib_a-findfp.o)
 .ARM.attributes
                0x0000000000000dcf       0x34 /usr/bin/../lib/gcc/arm-none-eabi/7.3.1/../../../../arm-none-eabi/lib/thumb/v7e-m/fpv4-sp/hard/libc.a(lib_a-fini.o)
 .ARM.attributes
                0x0000000000000e03       0x34 /usr/bin/../lib/gcc/arm-none-eabi/7.3.1/../../../../arm-none-eabi/lib/thumb/v7e-m/fpv4-sp/hard/libc.a(lib_a-freer.o)
 .ARM.attributes
                0x0000000000000e37       0x34 /usr/bin/../lib/gcc/arm-none-eabi/7.3.1/../../../../arm-none-eabi/lib/thumb/v7e-m/fpv4-sp/hard/libc.a(lib_a-fwalk.o)
 .ARM.attributes
                0x0000000000000e6b       0x34 /usr/bin/../lib/gcc/arm-none-eabi/7.3.1/../../../../arm-none-eabi/lib/thumb/v7e-m/fpv4-sp/hard/libc.a(lib_a-localeconv.o)
 .ARM.attributes
                0x0000000000000e9f       0x34 /usr/bin/../lib/gcc/arm-none-eabi/7.3.1/../../../../arm-none-eabi/lib/thumb/v7e-m/fpv4-sp/hard/libc.a(lib_a-lock.o)
 .ARM.attributes
                0x0000000000000ed3       0x34 /usr/bin/../lib/gcc/arm-none-eabi/7.3.1/../../../../arm-none-eabi/lib/thumb/v7e-m/fpv4-sp/hard/libc.a(lib_a-makebuf.o)
 .ARM.attributes
                0x0000000000000f07       0x34 /usr/bin/../lib/gcc/arm-none-eabi/7.3.1/../../../../arm-none-eabi/lib/thumb/v7e-m/fpv4-sp/hard/libc.a(lib_a-malloc.o)
 .ARM.attributes
                0x0000000000000f3b       0x34 /usr/bin/../lib/gcc/arm-none-eabi/7.3.1/../../../../arm-none-eabi/lib/thumb/v7e-m/fpv4-sp/hard/libc.a(lib_a-mallocr.o)
 .ARM.attributes
                0x0000000000000f6f       0x20 /usr/bin/../lib/gcc/arm-none-eabi/7.3.1/../../../../arm-none-eabi/lib/thumb/v7e-m/fpv4-sp/hard/libc.a(lib_a-memchr.o)
 .ARM.attributes
                0x0000000000000f8f       0x34 /usr/bin/../lib/gcc/arm-none-eabi/7.3.1/../../../../arm-none-eabi/lib/thumb/v7e-m/fpv4-sp/hard/libc.a(lib_a-mlock.o)
 .ARM.attributes
                0x0000000000000fc3       0x34 /usr/bin/../lib/gcc/arm-none-eabi/7.3.1/../../../../arm-none-eabi/lib/thumb/v7e-m/fpv4-sp/hard/libc.a(lib_a-mprec.o)
 .ARM.attributes
                0x0000000000000ff7       0x34 /usr/bin/../lib/gcc/arm-none-eabi/7.3.1/../../../../arm-none-eabi/lib/thumb/v7e-m/fpv4-sp/hard/libc.a(lib_a-s_frexp.o)
 .ARM.attributes
                0x000000000000102b       0x34 /usr/bin/../lib/gcc/arm-none-eabi/7.3.1/../../../../arm-none-eabi/lib/thumb/v7e-m/fpv4-sp/hard/libc.a(lib_a-sbrkr.o)
 .ARM.attributes
                0x000000000000105f       0x34 /usr/bin/../lib/gcc/arm-none-eabi/7.3.1/../../../../arm-none-eabi/lib/thumb/v7e-m/fpv4-sp/hard/libc.a(lib_a-stdio.o)
 .ARM.attributes
                0x0000000000001093       0x34 /usr/bin/../lib/gcc/arm-none-eabi/7.3.1/../../../../arm-none-eabi/lib/thumb/v7e-m/fpv4-sp/hard/libc.a(lib_a-strncpy.o)
 .ARM.attributes
                0x00000000000010c7       0x34 /usr/bin/../lib/gcc/arm-none-eabi/7.3.1/../../../../arm-none-eabi/lib/thumb/v7e-m/fpv4-sp/hard/libc.a(lib_a-vfiprintf.o)
 .ARM.attributes
                0x00000000000010fb       0x34 /usr/bin/../lib/gcc/arm-none-eabi/7.3.1/../../../../arm-none-eabi/lib/thumb/v7e-m/fpv4-sp/hard/libc.a(lib_a-__atexit.o)
 .ARM.attributes
                0x000000000000112f       0x34 /usr/bin/../lib/gcc/arm-none-eabi/7.3.1/../../../../arm-none-eabi/lib/thumb/v7e-m/fpv4-sp/hard/libc.a(lib_a-callocr.o)
 .ARM.attributes
                0x0000000000001163       0x34 /usr/bin/../lib/gcc/arm-none-eabi/7.3.1/../../../../arm-none-eabi/lib/thumb/v7e-m/fpv4-sp/hard/libc.a(lib_a-closer.o)
 .ARM.attributes
                0x0000000000001197       0x34 /usr/bin/../lib/gcc/arm-none-eabi/7.3.1/../../../../arm-none-eabi/lib/thumb/v7e-m/fpv4-sp/hard/libc.a(lib_a-fclose.o)
 .ARM.attributes
                0x00000000000011cb       0x34 /usr/bin/../lib/gcc/arm-none-eabi/7.3.1/../../../../arm-none-eabi/lib/thumb/v7e-m/fpv4-sp/hard/libc.a(lib_a-fputwc.o)
 .ARM.attributes
                0x00000000000011ff       0x34 /usr/bin/../lib/gcc/arm-none-eabi/7.3.1/../../../../arm-none-eabi/lib/thumb/v7e-m/fpv4-sp/hard/libc.a(lib_a-fstatr.o)
 .ARM.attributes
                0x0000000000001233       0x34 /usr/bin/../lib/gcc/arm-none-eabi/7.3.1/../../../../arm-none-eabi/lib/thumb/v7e-m/fpv4-sp/hard/libc.a(lib_a-fvwrite.o)
 .ARM.attributes
                0x0000000000001267       0x34 /usr/bin/../lib/gcc/arm-none-eabi/7.3.1/../../../../arm-none-eabi/lib/thumb/v7e-m/fpv4-sp/hard/libc.a(lib_a-isattyr.o)
 .ARM.attributes
                0x000000000000129b       0x34 /usr/bin/../lib/gcc/arm-none-eabi/7.3.1/../../../../arm-none-eabi/lib/thumb/v7e-m/fpv4-sp/hard/libc.a(lib_a-lseekr.o)
 .ARM.attributes